Component: ARM Compiler 6.16 Tool: armlink [5dfeaa00]

==============================================================================

Section Cross References

    startup_stm32h723xx.o(STACK) refers (Special) to heapauxi.o(.text) for __use_two_region_memory
    startup_stm32h723xx.o(HEAP) refers (Special) to heapauxi.o(.text) for __use_two_region_memory
    startup_stm32h723xx.o(RESET) refers (Special) to heapauxi.o(.text) for __use_two_region_memory
    startup_stm32h723xx.o(RESET) refers to startup_stm32h723xx.o(STACK) for __initial_sp
    startup_stm32h723xx.o(RESET) refers to startup_stm32h723xx.o(.text) for Reset_Handler
    startup_stm32h723xx.o(RESET) refers to stm32h7xx_it.o(.text.NMI_Handler) for NMI_Handler
    startup_stm32h723xx.o(RESET) refers to stm32h7xx_it.o(.text.HardFault_Handler) for HardFault_Handler
    startup_stm32h723xx.o(RESET) refers to stm32h7xx_it.o(.text.MemManage_Handler) for MemManage_Handler
    startup_stm32h723xx.o(RESET) refers to stm32h7xx_it.o(.text.BusFault_Handler) for BusFault_Handler
    startup_stm32h723xx.o(RESET) refers to stm32h7xx_it.o(.text.UsageFault_Handler) for UsageFault_Handler
    startup_stm32h723xx.o(RESET) refers to port.o(.text.SVC_Handler) for SVC_Handler
    startup_stm32h723xx.o(RESET) refers to stm32h7xx_it.o(.text.DebugMon_Handler) for DebugMon_Handler
    startup_stm32h723xx.o(RESET) refers to port.o(.text.PendSV_Handler) for PendSV_Handler
    startup_stm32h723xx.o(RESET) refers to cmsis_os2.o(.text.SysTick_Handler) for SysTick_Handler
    startup_stm32h723xx.o(RESET) refers to stm32h7xx_it.o(.text.DMA1_Stream0_IRQHandler) for DMA1_Stream0_IRQHandler
    startup_stm32h723xx.o(RESET) refers to stm32h7xx_it.o(.text.DMA1_Stream1_IRQHandler) for DMA1_Stream1_IRQHandler
    startup_stm32h723xx.o(RESET) refers to stm32h7xx_it.o(.text.FDCAN1_IT0_IRQHandler) for FDCAN1_IT0_IRQHandler
    startup_stm32h723xx.o(RESET) refers to stm32h7xx_it.o(.text.FDCAN2_IT0_IRQHandler) for FDCAN2_IT0_IRQHandler
    startup_stm32h723xx.o(RESET) refers to stm32h7xx_it.o(.text.FDCAN1_IT1_IRQHandler) for FDCAN1_IT1_IRQHandler
    startup_stm32h723xx.o(RESET) refers to stm32h7xx_it.o(.text.FDCAN2_IT1_IRQHandler) for FDCAN2_IT1_IRQHandler
    startup_stm32h723xx.o(RESET) refers to stm32h7xx_it.o(.text.TIM1_UP_IRQHandler) for TIM1_UP_IRQHandler
    startup_stm32h723xx.o(RESET) refers to stm32h7xx_it.o(.text.TIM3_IRQHandler) for TIM3_IRQHandler
    startup_stm32h723xx.o(RESET) refers to stm32h7xx_it.o(.text.TIM4_IRQHandler) for TIM4_IRQHandler
    startup_stm32h723xx.o(RESET) refers to stm32h7xx_it.o(.text.SPI2_IRQHandler) for SPI2_IRQHandler
    startup_stm32h723xx.o(RESET) refers to stm32h7xx_it.o(.text.EXTI15_10_IRQHandler) for EXTI15_10_IRQHandler
    startup_stm32h723xx.o(RESET) refers to stm32h7xx_it.o(.text.FDCAN_CAL_IRQHandler) for FDCAN_CAL_IRQHandler
    startup_stm32h723xx.o(.text) refers (Special) to heapauxi.o(.text) for __use_two_region_memory
    startup_stm32h723xx.o(.text) refers to system_stm32h7xx.o(.text.SystemInit) for SystemInit
    startup_stm32h723xx.o(.text) refers to __main.o(!!!main) for __main
    startup_stm32h723xx.o(.text) refers to startup_stm32h723xx.o(HEAP) for Heap_Mem
    startup_stm32h723xx.o(.text) refers to startup_stm32h723xx.o(STACK) for Stack_Mem
    bmi088driver.o(.text.BMI088_init) refers to bmi088middleware.o(.text.BMI088_GPIO_init) for BMI088_GPIO_init
    bmi088driver.o(.text.BMI088_init) refers to bmi088middleware.o(.text.BMI088_com_init) for BMI088_com_init
    bmi088driver.o(.text.BMI088_init) refers to bmi088driver.o(.text.bmi088_accel_init) for bmi088_accel_init
    bmi088driver.o(.text.BMI088_init) refers to bmi088driver.o(.text.bmi088_gyro_init) for bmi088_gyro_init
    bmi088driver.o(.ARM.exidx.text.BMI088_init) refers to bmi088driver.o(.text.BMI088_init) for [Anonymous Symbol]
    bmi088driver.o(.text.bmi088_accel_init) refers to bmi088middleware.o(.text.BMI088_ACCEL_NS_L) for BMI088_ACCEL_NS_L
    bmi088driver.o(.text.bmi088_accel_init) refers to bmi088middleware.o(.text.BMI088_read_write_byte) for BMI088_read_write_byte
    bmi088driver.o(.text.bmi088_accel_init) refers to bmi088middleware.o(.text.BMI088_ACCEL_NS_H) for BMI088_ACCEL_NS_H
    bmi088driver.o(.text.bmi088_accel_init) refers to bmi088middleware.o(.text.BMI088_delay_us) for BMI088_delay_us
    bmi088driver.o(.text.bmi088_accel_init) refers to bmi088driver.o(.text.BMI088_write_single_reg) for BMI088_write_single_reg
    bmi088driver.o(.text.bmi088_accel_init) refers to bmi088middleware.o(.text.BMI088_delay_ms) for BMI088_delay_ms
    bmi088driver.o(.text.bmi088_accel_init) refers to bmi088driver.o(.data.write_BMI088_accel_reg_data_error) for write_BMI088_accel_reg_data_error
    bmi088driver.o(.ARM.exidx.text.bmi088_accel_init) refers to bmi088driver.o(.text.bmi088_accel_init) for [Anonymous Symbol]
    bmi088driver.o(.text.bmi088_gyro_init) refers to bmi088middleware.o(.text.BMI088_GYRO_NS_L) for BMI088_GYRO_NS_L
[...]
    HAL_FDCAN_HighPriorityMessageCallback    0x08003e61   Thumb Code     8  stm32h7xx_hal_fdcan.o(.text.HAL_FDCAN_HighPriorityMessageCallback)
    HAL_FDCAN_IRQHandler                     0x08003e69   Thumb Code  1506  stm32h7xx_hal_fdcan.o(.text.HAL_FDCAN_IRQHandler)
    HAL_FDCAN_Init                           0x08004451   Thumb Code   992  stm32h7xx_hal_fdcan.o(.text.HAL_FDCAN_Init)
    HAL_FDCAN_MspDeInit                      0x08004831   Thumb Code   180  fdcan.o(.text.HAL_FDCAN_MspDeInit)
    HAL_FDCAN_MspInit                        0x080048e9   Thumb Code   484  fdcan.o(.text.HAL_FDCAN_MspInit)
    HAL_FDCAN_RxBufferNewMessageCallback     0x08004ad1   Thumb Code     8  stm32h7xx_hal_fdcan.o(.text.HAL_FDCAN_RxBufferNewMessageCallback)
    HAL_FDCAN_RxFifo0Callback                0x08004ad9   Thumb Code    56  bsp_fdcan.o(.text.HAL_FDCAN_RxFifo0Callback)
    HAL_FDCAN_RxFifo1Callback                0x08004b11   Thumb Code    10  stm32h7xx_hal_fdcan.o(.text.HAL_FDCAN_RxFifo1Callback)
    HAL_FDCAN_Start                          0x08004b21   Thumb Code    80  stm32h7xx_hal_fdcan.o(.text.HAL_FDCAN_Start)
    HAL_FDCAN_Stop                           0x08004b71   Thumb Code   234  stm32h7xx_hal_fdcan.o(.text.HAL_FDCAN_Stop)
    HAL_FDCAN_TT_GlobalTimeCallback          0x08004c61   Thumb Code    10  stm32h7xx_hal_fdcan.o(.text.HAL_FDCAN_TT_GlobalTimeCallback)
    HAL_FDCAN_TT_ScheduleSyncCallback        0x08004c71   Thumb Code    10  stm32h7xx_hal_fdcan.o(.text.HAL_FDCAN_TT_ScheduleSyncCallback)
    HAL_FDCAN_TT_StopWatchCallback           0x08004c81   Thumb Code    12  stm32h7xx_hal_fdcan.o(.text.HAL_FDCAN_TT_StopWatchCallback)
    HAL_FDCAN_TT_TimeMarkCallback            0x08004c91   Thumb Code    10  stm32h7xx_hal_fdcan.o(.text.HAL_FDCAN_TT_TimeMarkCallback)
    HAL_FDCAN_TimeoutOccurredCallback        0x08004ca1   Thumb Code     8  stm32h7xx_hal_fdcan.o(.text.HAL_FDCAN_TimeoutOccurredCallback)
    HAL_FDCAN_TimestampWraparoundCallback    0x08004ca9   Thumb Code     8  stm32h7xx_hal_fdcan.o(.text.HAL_FDCAN_TimestampWraparoundCallback)
    HAL_FDCAN_TxBufferAbortCallback          0x08004cb1   Thumb Code    10  stm32h7xx_hal_fdcan.o(.text.HAL_FDCAN_TxBufferAbortCallback)
    HAL_FDCAN_TxBufferCompleteCallback       0x08004cc1   Thumb Code    10  stm32h7xx_hal_fdcan.o(.text.HAL_FDCAN_TxBufferCompleteCallback)
    HAL_FDCAN_TxEventFifoCallback            0x08004cd1   Thumb Code    10  stm32h7xx_hal_fdcan.o(.text.HAL_FDCAN_TxEventFifoCallback)
    HAL_FDCAN_TxFifoEmptyCallback            0x08004ce1   Thumb Code     8  stm32h7xx_hal_fdcan.o(.text.HAL_FDCAN_TxFifoEmptyCallback)
    HAL_GPIO_DeInit                          0x08004ce9   Thumb Code   554  stm32h7xx_hal_gpio.o(.text.HAL_GPIO_DeInit)
    HAL_GPIO_EXTI_Callback                   0x08004f19   Thumb Code    10  stm32h7xx_hal_gpio.o(.text.HAL_GPIO_EXTI_Callback)
    HAL_GPIO_EXTI_IRQHandler                 0x08004f29   Thumb Code    52  stm32h7xx_hal_gpio.o(.text.HAL_GPIO_EXTI_IRQHandler)
    HAL_GPIO_Init                            0x08004f61   Thumb Code   936  stm32h7xx_hal_gpio.o(.text.HAL_GPIO_Init)
    HAL_GPIO_WritePin                        0x08005309   Thumb Code    46  stm32h7xx_hal_gpio.o(.text.HAL_GPIO_WritePin)
    HAL_GetTick                              0x08005339   Thumb Code    12  stm32h7xx_hal.o(.text.HAL_GetTick)
    HAL_IncTick                              0x08005349   Thumb Code    26  stm32h7xx_hal.o(.text.HAL_IncTick)
    HAL_Init                                 0x08005369   Thumb Code   122  stm32h7xx_hal.o(.text.HAL_Init)
    HAL_InitTick                             0x080053e9   Thumb Code   198  stm32h7xx_hal_timebase_tim.o(.text.HAL_InitTick)
    HAL_MspInit                              0x080054b1   Thumb Code    50  stm32h7xx_hal_msp.o(.text.HAL_MspInit)
    HAL_NVIC_DisableIRQ                      0x080054e9   Thumb Code    20  stm32h7xx_hal_cortex.o(.text.HAL_NVIC_DisableIRQ)
    HAL_NVIC_EnableIRQ                       0x08005501   Thumb Code    20  stm32h7xx_hal_cortex.o(.text.HAL_NVIC_EnableIRQ)
    HAL_NVIC_SetPriority                     0x08005519   Thumb Code    46  stm32h7xx_hal_cortex.o(.text.HAL_NVIC_SetPriority)
    HAL_NVIC_SetPriorityGrouping             0x08005549   Thumb Code    16  stm32h7xx_hal_cortex.o(.text.HAL_NVIC_SetPriorityGrouping)
    HAL_PWREx_ConfigSupply                   0x08005559   Thumb Code   162  stm32h7xx_hal_pwr_ex.o(.text.HAL_PWREx_ConfigSupply)
    HAL_RCCEx_GetD3PCLK1Freq                 0x08005601   Thumb Code    38  stm32h7xx_hal_rcc_ex.o(.text.HAL_RCCEx_GetD3PCLK1Freq)
    HAL_RCCEx_GetPLL2ClockFreq               0x08005629   Thumb Code   684  stm32h7xx_hal_rcc_ex.o(.text.HAL_RCCEx_GetPLL2ClockFreq)
    HAL_RCCEx_GetPLL3ClockFreq               0x080058d9   Thumb Code   684  stm32h7xx_hal_rcc_ex.o(.text.HAL_RCCEx_GetPLL3ClockFreq)
    HAL_RCCEx_PeriphCLKConfig                0x08005b89   Thumb Code  4076  stm32h7xx_hal_rcc_ex.o(.text.HAL_RCCEx_PeriphCLKConfig)
    HAL_RCC_ClockConfig                      0x08006b79   Thumb Code  1176  stm32h7xx_hal_rcc.o(.text.HAL_RCC_ClockConfig)
    HAL_RCC_GetClockConfig                   0x08007011   Thumb Code   136  stm32h7xx_hal_rcc.o(.text.HAL_RCC_GetClockConfig)
    HAL_RCC_GetHCLKFreq                      0x08007099   Thumb Code    86  stm32h7xx_hal_rcc.o(.text.HAL_RCC_GetHCLKFreq)
    HAL_RCC_GetPCLK1Freq                     0x080070f1   Thumb Code    38  stm32h7xx_hal_rcc.o(.text.HAL_RCC_GetPCLK1Freq)
    HAL_RCC_GetPCLK2Freq                     0x08007119   Thumb Code    38  stm32h7xx_hal_rcc.o(.text.HAL_RCC_GetPCLK2Freq)
    HAL_RCC_GetSysClockFreq                  0x08007141   Thumb Code   784  stm32h7xx_hal_rcc.o(.text.HAL_RCC_GetSysClockFreq)
    HAL_RCC_OscConfig                        0x08007451   Thumb Code  2592  stm32h7xx_hal_rcc.o(.text.HAL_RCC_OscConfig)
    HAL_SPI_ErrorCallback                    0x08007e71   Thumb Code     8  stm32h7xx_hal_spi.o(.text.HAL_SPI_ErrorCallback)
    HAL_SPI_IRQHandler                       0x08007e79   Thumb Code   912  stm32h7xx_hal_spi.o(.text.HAL_SPI_IRQHandler)
    HAL_SPI_Init                             0x08008209   Thumb Code   658  stm32h7xx_hal_spi.o(.text.HAL_SPI_Init)
    HAL_SPI_MspInit                          0x080084a1   Thumb Code   468  spi.o(.text.HAL_SPI_MspInit)
    HAL_SPI_RxCpltCallback                   0x08008679   Thumb Code     8  stm32h7xx_hal_spi.o(.text.HAL_SPI_RxCpltCallback)
    HAL_SPI_SuspendCallback                  0x08008681   Thumb Code     8  stm32h7xx_hal_spi.o(.text.HAL_SPI_SuspendCallback)
    HAL_SPI_TransmitReceive                  0x08008689   Thumb Code  1796  stm32h7xx_hal_spi.o(.text.HAL_SPI_TransmitReceive)
    HAL_SPI_TxCpltCallback                   0x08008d91   Thumb Code     8  stm32h7xx_hal_spi.o(.text.HAL_SPI_TxCpltCallback)
    HAL_SPI_TxRxCpltCallback                 0x08008d99   Thumb Code     8  stm32h7xx_hal_spi.o(.text.HAL_SPI_TxRxCpltCallback)
    HAL_SYSCFG_AnalogSwitchConfig            0x08008da1   Thumb Code    30  stm32h7xx_hal.o(.text.HAL_SYSCFG_AnalogSwitchConfig)
    HAL_TIMEx_Break2Callback                 0x08008dc1   Thumb Code     8  stm32h7xx_hal_tim_ex.o(.text.HAL_TIMEx_Break2Callback)
    HAL_TIMEx_BreakCallback                  0x08008dc9   Thumb Code     8  stm32h7xx_hal_tim_ex.o(.text.HAL_TIMEx_BreakCallback)
    HAL_TIMEx_CommutCallback                 0x08008dd1   Thumb Code     8  stm32h7xx_hal_tim_ex.o(.text.HAL_TIMEx_CommutCallback)
    HAL_TIMEx_MasterConfigSynchronization    0x08008dd9   Thumb Code   380  stm32h7xx_hal_tim_ex.o(.text.HAL_TIMEx_MasterConfigSynchronization)
    HAL_TIM_Base_Init                        0x08008f59   Thumb Code   168  stm32h7xx_hal_tim.o(.text.HAL_TIM_Base_Init)
    HAL_TIM_Base_MspInit                     0x08009001   Thumb Code   148  tim.o(.text.HAL_TIM_Base_MspInit)
    HAL_TIM_Base_Start_IT                    0x08009099   Thumb Code   296  stm32h7xx_hal_tim.o(.text.HAL_TIM_Base_Start_IT)
    HAL_TIM_ConfigClockSource                0x080091c1   Thumb Code   464  stm32h7xx_hal_tim.o(.text.HAL_TIM_ConfigClockSource)
    HAL_TIM_IC_CaptureCallback               0x08009391   Thumb Code     8  stm32h7xx_hal_tim.o(.text.HAL_TIM_IC_CaptureCallback)
    HAL_TIM_IRQHandler                       0x08009399   Thumb Code   592  stm32h7xx_hal_tim.o(.text.HAL_TIM_IRQHandler)
    HAL_TIM_OC_DelayElapsedCallback          0x080095e9   Thumb Code     8  stm32h7xx_hal_tim.o(.text.HAL_TIM_OC_DelayElapsedCallback)
    HAL_TIM_PWM_PulseFinishedCallback        0x080095f1   Thumb Code     8  stm32h7xx_hal_tim.o(.text.HAL_TIM_PWM_PulseFinishedCallback)
    HAL_TIM_PeriodElapsedCallback            0x080095f9   Thumb Code    32  main.o(.text.HAL_TIM_PeriodElapsedCallback)
    HAL_TIM_TriggerCallback                  0x08009619   Thumb Code     8  stm32h7xx_hal_tim.o(.text.HAL_TIM_TriggerCallback)
    HAL_UARTEx_DisableFifoMode               0x08009621   Thumb Code   124  stm32h7xx_hal_uart_ex.o(.text.HAL_UARTEx_DisableFifoMode)
    HAL_UARTEx_SetRxFifoThreshold            0x080096a1   Thumb Code   140  stm32h7xx_hal_uart_ex.o(.text.HAL_UARTEx_SetRxFifoThreshold)
    HAL_UARTEx_SetTxFifoThreshold            0x08009731   Thumb Code   140  stm32h7xx_hal_uart_ex.o(.text.HAL_UARTEx_SetTxFifoThreshold)
    HAL_UART_Init                            0x080097c1   Thumb Code   170  stm32h7xx_hal_uart.o(.text.HAL_UART_Init)
    HAL_UART_MspInit                         0x08009871   Thumb Code   168  usart.o(.text.HAL_UART_MspInit)
    HardFault_Handler                        0x08009919   Thumb Code     4  stm32h7xx_it.o(.text.HardFault_Handler)
    MX_DMA_Init                              0x08009921   Thumb Code    78  dma.o(.text.MX_DMA_Init)
    MX_FDCAN1_Init                           0x08009971   Thumb Code   128  fdcan.o(.text.MX_FDCAN1_Init)
    MX_FDCAN2_Init                           0x080099f1   Thumb Code   132  fdcan.o(.text.MX_FDCAN2_Init)
    MX_FREERTOS_Init                         0x08009a79   Thumb Code   170  freertos.o(.text.MX_FREERTOS_Init)
    MX_GPIO_Init                             0x08009b29   Thumb Code   348  gpio.o(.text.MX_GPIO_Init)
    MX_SPI2_Init                             0x08009c89   Thumb Code   110  spi.o(.text.MX_SPI2_Init)
    MX_TIM3_Init                             0x08009cf9   Thumb Code   134  tim.o(.text.MX_TIM3_Init)
    MX_TIM4_Init                             0x08009d81   Thumb Code   134  tim.o(.text.MX_TIM4_Init)
    MX_USART1_UART_Init                      0x08009e09   Thumb Code   142  usart.o(.text.MX_USART1_UART_Init)
    MemManage_Handler                        0x08009e99   Thumb Code     4  stm32h7xx_it.o(.text.MemManage_Handler)
    NMI_Handler                              0x08009ea1   Thumb Code     4  stm32h7xx_it.o(.text.NMI_Handler)
    PendSV_Handler                           0x08009f21   Thumb Code   100  port.o(.text.PendSV_Handler)
    SPI2_IRQHandler                          0x0800a329   Thumb Code    16  stm32h7xx_it.o(.text.SPI2_IRQHandler)
    SVC_Handler                              0x0800a521   Thumb Code    36  port.o(.text.SVC_Handler)
    StartDefaultTask                         0x0800a559   Thumb Code    16  freertos.o(.text.StartDefaultTask)
    SysTick_Handler                          0x0800a569   Thumb Code    30  cmsis_os2.o(.text.SysTick_Handler)
    SystemClock_Config                       0x0800a589   Thumb Code   204  main.o(.text.SystemClock_Config)
    SystemInit                               0x0800a659   Thumb Code   314  system_stm32h7xx.o(.text.SystemInit)
    TIM1_UP_IRQHandler                       0x0800a799   Thumb Code    16  stm32h7xx_it.o(.text.TIM1_UP_IRQHandler)
    TIM3_IRQHandler                          0x0800a7a9   Thumb Code    16  stm32h7xx_it.o(.text.TIM3_IRQHandler)
    TIM4_IRQHandler                          0x0800a7b9   Thumb Code    16  stm32h7xx_it.o(.text.TIM4_IRQHandler)
    TIM_Base_SetConfig                       0x0800a7c9   Thumb Code   452  stm32h7xx_hal_tim.o(.text.TIM_Base_SetConfig)
    TIM_ETR_SetConfig                        0x0800a991   Thumb Code    52  stm32h7xx_hal_tim.o(.text.TIM_ETR_SetConfig)
    T_Calculator                             0x0800aaa1   Thumb Code    16  freertos.o(.text.T_Calculator)
    T_Motor_Control                          0x0800aab1   Thumb Code   214  freertos.o(.text.T_Motor_Control)
    T_Sensor                                 0x0800ab89   Thumb Code    80  freertos.o(.text.T_Sensor)
    T_USER                                   0x0800abd9   Thumb Code    16  freertos.o(.text.T_USER)
    UART_AdvFeatureConfig                    0x0800ac71   Thumb Code   328  stm32h7xx_hal_uart.o(.text.UART_AdvFeatureConfig)
    UART_CheckIdleState                      0x0800adb9   Thumb Code   326  stm32h7xx_hal_uart.o(.text.UART_CheckIdleState)
    UART_SetConfig                           0x0800afa1   Thumb Code  2638  stm32h7xx_hal_uart.o(.text.UART_SetConfig)
    UART_WaitOnFlagUntilTimeout              0x0800b9f1   Thumb Code   268  stm32h7xx_hal_uart.o(.text.UART_WaitOnFlagUntilTimeout)
    UsageFault_Handler                       0x0800bb01   Thumb Code     4  stm32h7xx_it.o(.text.UsageFault_Handler)
    bmi088_accel_init                        0x0800bc51   Thumb Code   398  bmi088driver.o(.text.bmi088_accel_init)
    bmi088_gyro_init                         0x0800bde1   Thumb Code   326  bmi088driver.o(.text.bmi088_gyro_init)
    bsp_can_init                             0x0800bf29   Thumb Code    72  bsp_fdcan.o(.text.bsp_can_init)
    bsp_fdcan_set_baud                       0x0800bf71   Thumb Code   374  bsp_fdcan.o(.text.bsp_fdcan_set_baud)
    can_filter_init                          0x0800c0e9   Thumb Code   134  bsp_fdcan.o(.text.can_filter_init)
    disable_motor_mode                       0x0800c171   Thumb Code    82  dm_motor_drv.o(.text.disable_motor_mode)
    dm_motor_clear_para                      0x0800c1c9   Thumb Code    34  dm_motor_drv.o(.text.dm_motor_clear_para)
    dm_motor_disable                         0x0800c1f1   Thumb Code   106  dm_motor_drv.o(.text.dm_motor_disable)
    dm_motor_fbdata                          0x0800c261   Thumb Code   192  dm_motor_drv.o(.text.dm_motor_fbdata)
    dm_motor_init                            0x0800c321   Thumb Code   564  dm_motor_ctrl.o(.text.dm_motor_init)
    fdcan1_rx_callback                       0x0800c559   Thumb Code   182  dm_motor_ctrl.o(.text.fdcan1_rx_callback)
    fdcan2_rx_callback                       0x0800c611   Thumb Code   182  dm_motor_ctrl.o(.text.fdcan2_rx_callback)
    fdcanx_receive                           0x0800c6c9   Thumb Code   202  bsp_fdcan.o(.text.fdcanx_receive)
    fdcanx_send_data                         0x0800c799   Thumb Code   210  bsp_fdcan.o(.text.fdcanx_send_data)
    main                                     0x0800c871   Thumb Code    64  main.o(.text.main)
    osDelay                                  0x0800c8b1   Thumb Code    52  cmsis_os2.o(.text.osDelay)
    osKernelInitialize                       0x0800c8e9   Thumb Code    70  cmsis_os2.o(.text.osKernelInitialize)
    osKernelStart                            0x0800c931   Thumb Code    82  cmsis_os2.o(.text.osKernelStart)
    osThreadNew                              0x0800c989   Thumb Code   346  cmsis_os2.o(.text.osThreadNew)
    pvPortMalloc                             0x0800d9e1   Thumb Code   504  heap_4.o(.text.pvPortMalloc)
    pxPortInitialiseStack                    0x0800dbd9   Thumb Code    94  port.o(.text.pxPortInitialiseStack)
    receive_motor_data                       0x0800dc39   Thumb Code  1052  dm_motor_ctrl.o(.text.receive_motor_data)
    uint_to_float                            0x0800e059   Thumb Code    82  dm_motor_drv.o(.text.uint_to_float)
    uxListRemove                             0x0800e0b1   Thumb Code    72  list.o(.text.uxListRemove)
    vApplicationGetIdleTaskMemory            0x0800e0f9   Thumb Code    42  cmsis_os2.o(.text.vApplicationGetIdleTaskMemory)
    vApplicationGetTimerTaskMemory           0x0800e129   Thumb Code    44  cmsis_os2.o(.text.vApplicationGetTimerTaskMemory)
    vListInitialise                          0x0800e159   Thumb Code    46  list.o(.text.vListInitialise)
    vListInitialiseItem                      0x0800e189   Thumb Code    14  list.o(.text.vListInitialiseItem)
    vListInsert                              0x0800e199   Thumb Code   106  list.o(.text.vListInsert)
    vListInsertEnd                           0x0800e209   Thumb Code    58  list.o(.text.vListInsertEnd)
    vPortEnterCritical                       0x0800e261   Thumb Code    94  port.o(.text.vPortEnterCritical)
    vPortExitCritical                        0x0800e2c1   Thumb Code    78  port.o(.text.vPortExitCritical)
    vPortFree                                0x0800e311   Thumb Code   214  heap_4.o(.text.vPortFree)
    vPortSetupTimerInterrupt                 0x0800e3e9   Thumb Code    68  port.o(.text.vPortSetupTimerInterrupt)
    vPortValidateInterruptPriority           0x0800e431   Thumb Code   140  port.o(.text.vPortValidateInterruptPriority)
    vQueueAddToRegistry                      0x0800e4c1   Thumb Code    82  queue.o(.text.vQueueAddToRegistry)
    vQueueWaitForMessageRestricted           0x0800e519   Thumb Code   100  queue.o(.text.vQueueWaitForMessageRestricted)
    vTaskDelay                               0x0800e581   Thumb Code   114  tasks.o(.text.vTaskDelay)
    vTaskInternalSetTimeOutState             0x0800e5f9   Thumb Code    36  tasks.o(.text.vTaskInternalSetTimeOutState)
    vTaskMissedYield                         0x0800e621   Thumb Code    14  tasks.o(.text.vTaskMissedYield)
    vTaskPlaceOnEventList                    0x0800e631   Thumb Code    70  tasks.o(.text.vTaskPlaceOnEventList)
    vTaskPlaceOnEventListRestricted          0x0800e679   Thumb Code    86  tasks.o(.text.vTaskPlaceOnEventListRestricted)
    vTaskStartScheduler                      0x0800e6d1   Thumb Code   232  tasks.o(.text.vTaskStartScheduler)
    vTaskSuspendAll                          0x0800e7b9   Thumb Code    16  tasks.o(.text.vTaskSuspendAll)
    vTaskSwitchContext                       0x0800e7c9   Thumb Code   202  tasks.o(.text.vTaskSwitchContext)
    xPortStartScheduler                      0x0800e899   Thumb Code   254  port.o(.text.xPortStartScheduler)
    xPortSysTickHandler                      0x0800e999   Thumb Code    64  port.o(.text.xPortSysTickHandler)
    xQueueGenericCreateStatic                0x0800e9d9   Thumb Code   290  queue.o(.text.xQueueGenericCreateStatic)
    xQueueGenericReset                       0x0800eb01   Thumb Code   190  queue.o(.text.xQueueGenericReset)
    xQueueGenericSend                        0x0800ebc1   Thumb Code   572  queue.o(.text.xQueueGenericSend)
    xQueueGenericSendFromISR                 0x0800ee01   Thumb Code   348  queue.o(.text.xQueueGenericSendFromISR)
    xQueueReceive                            0x0800ef61   Thumb Code   488  queue.o(.text.xQueueReceive)
    xTaskCheckForTimeOut                     0x0800f149   Thumb Code   212  tasks.o(.text.xTaskCheckForTimeOut)
    xTaskCreate                              0x0800f221   Thumb Code   158  tasks.o(.text.xTaskCreate)
    xTaskCreateStatic                        0x0800f2c1   Thumb Code   218  tasks.o(.text.xTaskCreateStatic)
    xTaskGetSchedulerState                   0x0800f3a1   Thumb Code    56  tasks.o(.text.xTaskGetSchedulerState)
    xTaskGetTickCount                        0x0800f3d9   Thumb Code    20  tasks.o(.text.xTaskGetTickCount)
    xTaskIncrementTick                       0x0800f3f1   Thumb Code   456  tasks.o(.text.xTaskIncrementTick)
    xTaskPriorityDisinherit                  0x0800f5b9   Thumb Code   244  tasks.o(.text.xTaskPriorityDisinherit)
    xTaskRemoveFromEventList                 0x0800f6b1   Thumb Code   210  tasks.o(.text.xTaskRemoveFromEventList)
    xTaskResumeAll                           0x0800f789   Thumb Code   394  tasks.o(.text.xTaskResumeAll)
    xTimerCreateTimerTask                    0x0800f919   Thumb Code   152  timers.o(.text.xTimerCreateTimerTask)
    xTimerGenericCommand                     0x0800f9b1   Thumb Code   180  timers.o(.text.xTimerGenericCommand)
    __ARM_fpclassify                         0x0800fa65   Thumb Code    48  fpclassify.o(i.__ARM_fpclassify)
    __hardfp_atan                            0x0800fa99   Thumb Code   402  atan.o(i.__hardfp_atan)
    __hardfp_atan2                           0x0800fc71   Thumb Code   392  atan2.o(i.__hardfp_atan2)
    __hardfp_sqrt                            0x0800fe39   Thumb Code   102  sqrt.o(i.__hardfp_sqrt)
    __kernel_poly                            0x0800fe9f   Thumb Code   112  poly.o(i.__kernel_poly)
    __mathlib_dbl_infnan                     0x0800ff0f   Thumb Code     6  dunder.o(i.__mathlib_dbl_infnan)
    __mathlib_dbl_infnan2                    0x0800ff15   Thumb Code     6  dunder.o(i.__mathlib_dbl_infnan2)
    __mathlib_dbl_underflow                  0x0800ff21   Thumb Code    10  dunder.o(i.__mathlib_dbl_underflow)
    atan                                     0x0800ff39   Thumb Code    16  atan.o(i.atan)
    fabs                                     0x0800ff49   Thumb Code    24  fabs.o(i.fabs)
    _fp_init                                 0x0800ff61   Thumb Code    26  fpinit.o(x$fpl$fpinit)
    __fplib_config_fpu_vfp                   0x0800ff79   Thumb Code     0  fpinit.o(x$fpl$fpinit)
    __fplib_config_pureend_doubles           0x0800ff79   Thumb Code     0  fpinit.o(x$fpl$fpinit)
    __I$use$fp                               0x0800ff7a   Number         0  usenofp.o(x$fpl$usenofp)
    __mathlib_zero                           0x08010018   Data           8  qnan.o(.constdata)
    Calculator_attributes                    0x0801006c   Data          36  freertos.o(.rodata.Calculator_attributes)
    D1CorePrescTable                         0x08010090   Data          16  system_stm32h7xx.o(.rodata.D1CorePrescTable)
    Motor_Control_attributes                 0x080100b8   Data          36  freertos.o(.rodata.Motor_Control_attributes)
    Sensor_attributes                        0x080100dc   Data          36  freertos.o(.rodata.Sensor_attributes)
    UARTPrescTable                           0x08010110   Data          24  stm32h7xx_hal_uart.o(.rodata.UARTPrescTable)
    USER_attributes                          0x08010128   Data          36  freertos.o(.rodata.USER_attributes)
    defaultTask_attributes                   0x0801014c   Data          36  freertos.o(.rodata.defaultTask_attributes)
    Region$$Table$$Base                      0x080101b4   Number         0  anon$$obj.o(Region$$Table)
    Region$$Table$$Limit                     0x080101d4   Number         0  anon$$obj.o(Region$$Table)
    BMI088_ACCEL_SEN                         0x24000000   Data           4  bmi088driver.o(.data.BMI088_ACCEL_SEN)
    BMI088_GYRO_SEN                          0x24000004   Data           4  bmi088driver.o(.data.BMI088_GYRO_SEN)
    SystemCoreClock                          0x24000008   Data           4  system_stm32h7xx.o(.data.SystemCoreClock)
    SystemD2Clock                            0x2400000c   Data           4  system_stm32h7xx.o(.data.SystemD2Clock)
    uwTickFreq                               0x24000010   Data           1  stm32h7xx_hal.o(.data.uwTickFreq)
    uwTickPrio                               0x24000014   Data           4  stm32h7xx_hal.o(.data.uwTickPrio)
    __libspace_start                         0x24000040   Data          96  libspace.o(.bss)
    __temporary_stack_top$libspace           0x240000a0   Data           0  libspace.o(.bss)
    CalculatorBuffer                         0x240000ac   Data        2048  freertos.o(.bss.CalculatorBuffer)
    CalculatorControlBlock                   0x240008ac   Data          92  freertos.o(.bss.CalculatorControlBlock)
    CalculatorHandle                         0x24000908   Data           4  freertos.o(.bss.CalculatorHandle)
    L_motor                                  0x24000914   Data        1088  dm_motor_ctrl.o(.bss.L_motor)
    Motor_ControlBuffer                      0x24000d54   Data        2048  freertos.o(.bss.Motor_ControlBuffer)
    Motor_ControlControlBlock                0x24001554   Data          92  freertos.o(.bss.Motor_ControlControlBlock)
    Motor_ControlHandle                      0x240015b0   Data           4  freertos.o(.bss.Motor_ControlHandle)
    R_motor                                  0x240015b4   Data        1088  dm_motor_ctrl.o(.bss.R_motor)
    SensorBuffer                             0x240019f4   Data        2048  freertos.o(.bss.SensorBuffer)
    SensorControlBlock                       0x240021f4   Data          92  freertos.o(.bss.SensorControlBlock)
    SensorHandle                             0x24002250   Data           4  freertos.o(.bss.SensorHandle)
    USERBuffer                               0x24002254   Data         512  freertos.o(.bss.USERBuffer)
    USERControlBlock                         0x24002454   Data          92  freertos.o(.bss.USERControlBlock)
    USERHandle                               0x240024b0   Data           4  freertos.o(.bss.USERHandle)
    accel                                    0x240024b4   Data          12  freertos.o(.bss.accel)
    defaultTaskBuffer                        0x240024c0   Data         512  freertos.o(.bss.defaultTaskBuffer)
    defaultTaskControlBlock                  0x240026c0   Data          92  freertos.o(.bss.defaultTaskControlBlock)
    defaultTaskHandle                        0x2400271c   Data           4  freertos.o(.bss.defaultTaskHandle)
    gyro                                     0x24002720   Data          12  freertos.o(.bss.gyro)
    hdma_spi2_rx                             0x2400272c   Data         120  spi.o(.bss.hdma_spi2_rx)
    hdma_spi2_tx                             0x240027a4   Data         120  spi.o(.bss.hdma_spi2_tx)
    hfdcan1                                  0x2400281c   Data         160  fdcan.o(.bss.hfdcan1)
    hfdcan2                                  0x240028bc   Data         160  fdcan.o(.bss.hfdcan2)
    hspi2                                    0x2400295c   Data         136  spi.o(.bss.hspi2)
    htim1                                    0x240029e4   Data          76  stm32h7xx_hal_timebase_tim.o(.bss.htim1)
    htim3                                    0x24002a30   Data          76  tim.o(.bss.htim3)
    htim4                                    0x24002a7c   Data          76  tim.o(.bss.htim4)
    huart1                                   0x24002ac8   Data         148  usart.o(.bss.huart1)
    pose                                     0x24002b5c   Data          12  freertos.o(.bss.pose)
    pxCurrentTCB                             0x24002c5c   Data           4  tasks.o(.bss.pxCurrentTCB)
    temp                                     0x240030d4   Data           4  freertos.o(.bss.temp)
    uwTick                                   0x24006ce0   Data           4  stm32h7xx_hal.o(.bss.uwTick)
    xQueueRegistry                           0x24007438   Data          64  queue.o(.bss.xQueueRegistry)



==============================================================================

Memory Map of the image

  Image Entry point : 0x080002cd

  Load Region LR_IROM1 (Base: 0x08000000, Size: 0x00010218, Max: 0x00100000, ABSOLUTE)

    Execution Region ER_IROM1 (Exec base: 0x08000000, Load base: 0x08000000, Size: 0x000101d4, Max: 0x00100000, ABSOLUTE)

    Exec Addr    Load Addr    Size         Type   Attr      Idx    E Section Name        Object

    0x08000000   0x08000000   0x000002cc   Data   RO            3    RESET               startup_stm32h723xx.o
    0x080002cc   0x080002cc   0x00000008   Code   RO         2850  * !!!main             c_w.l(__main.o)
    0x080002d4   0x080002d4   0x00000034   Code   RO         3075    !!!scatter          c_w.l(__scatter.o)
    0x08000308   0x08000308   0x0000001a   Code   RO         3077    !!handler_copy      c_w.l(__scatter_copy.o)
    0x08000322   0x08000322   0x00000002   PAD
    0x08000324   0x08000324   0x0000001c   Code   RO         3079    !!handler_zi        c_w.l(__scatter_zi.o)
    0x08000340   0x08000340   0x00000002   Code   RO         2942    .ARM.Collect$$libinit$$00000000  c_w.l(libinit.o)
    0x08000342   0x08000342   0x00000004   Code   RO         2951    .ARM.Collect$$libinit$$00000001  c_w.l(libinit2.o)
    0x08000346   0x08000346   0x00000000   Code   RO         2954    .ARM.Collect$$libinit$$00000004  c_w.l(libinit2.o)
    0x08000346   0x08000346   0x00000000   Code   RO         2957    .ARM.Collect$$libinit$$0000000A  c_w.l(libinit2.o)
    0x08000346   0x08000346   0x00000000   Code   RO         2959    .ARM.Collect$$libinit$$0000000C  c_w.l(libinit2.o)
    0x08000346   0x08000346   0x00000000   Code   RO         2961    .ARM.Collect$$libinit$$0000000E  c_w.l(libinit2.o)
    0x08000346   0x08000346   0x00000000   Code   RO         2964    .ARM.Collect$$libinit$$00000011  c_w.l(libinit2.o)
    0x08000346   0x08000346   0x00000000   Code   RO         2966    .ARM.Collect$$libinit$$00000013  c_w.l(libinit2.o)
    0x08000346   0x08000346   0x00000000   Code   RO         2968    .ARM.Collect$$libinit$$00000015  c_w.l(libinit2.o)
    0x08000346   0x08000346   0x00000000   Code   RO         2970    .ARM.Collect$$libinit$$00000017  c_w.l(libinit2.o)
    0x08000346   0x08000346   0x00000000   Code   RO         2972    .ARM.Collect$$libinit$$00000019  c_w.l(libinit2.o)
    0x08000346   0x08000346   0x00000000   Code   RO         2974    .ARM.Collect$$libinit$$0000001B  c_w.l(libinit2.o)
    0x08000346   0x08000346   0x00000000   Code   RO         2976    .ARM.Collect$$libinit$$0000001D  c_w.l(libinit2.o)
    0x08000346   0x08000346   0x00000000   Code   RO         2978    .ARM.Collect$$libinit$$0000001F  c_w.l(libinit2.o)
    0x08000346   0x08000346   0x00000000   Code   RO         2980    .ARM.Collect$$libinit$$00000021  c_w.l(libinit2.o)
    0x08000346   0x08000346   0x00000000   Code   RO         2982    .ARM.Collect$$libinit$$00000023  c_w.l(libinit2.o)
    0x08000346   0x08000346   0x00000000   Code   RO         2984    .ARM.Collect$$libinit$$00000025  c_w.l(libinit2.o)
    0x08000346   0x08000346   0x00000000   Code   RO         2988    .ARM.Collect$$libinit$$0000002C  c_w.l(libinit2.o)
    0x08000346   0x08000346   0x00000000   Code   RO         2990    .ARM.Collect$$libinit$$0000002E  c_w.l(libinit2.o)
    0x08000346   0x08000346   0x00000000   Code   RO         2992    .ARM.Collect$$libinit$$00000030  c_w.l(libinit2.o)
    0x08000346   0x08000346   0x00000000   Code   RO         2994    .ARM.Collect$$libinit$$00000032  c_w.l(libinit2.o)
    0x08000346   0x08000346   0x00000002   Code   RO         2995    .ARM.Collect$$libinit$$00000033  c_w.l(libinit2.o)
    0x08000348   0x08000348   0x00000002   Code   RO         3030    .ARM.Collect$$libshutdown$$00000000  c_w.l(libshutdown.o)
    0x0800034a   0x0800034a   0x00000000   Code   RO         3058    .ARM.Collect$$libshutdown$$00000002  c_w.l(libshutdown2.o)
    0x0800034a   0x0800034a   0x00000000   Code   RO         3060    .ARM.Collect$$libshutdown$$00000004  c_w.l(libshutdown2.o)
    0x0800034a   0x0800034a   0x00000000   Code   RO         3063    .ARM.Collect$$libshutdown$$00000007  c_w.l(libshutdown2.o)
    0x0800034a   0x0800034a   0x00000000   Code   RO         3066    .ARM.Collect$$libshutdown$$0000000A  c_w.l(libshutdown2.o)
    0x0800034a   0x0800034a   0x00000000   Code   RO         3068    .ARM.Collect$$libshutdown$$0000000C  c_w.l(libshutdown2.o)
    0x0800034a   0x0800034a   0x00000000   Code   RO         3071    .ARM.Collect$$libshutdown$$0000000F  c_w.l(libshutdown2.o)
    0x0800034a   0x0800034a   0x00000002   Code   RO         3072    .ARM.Collect$$libshutdown$$00000010  c_w.l(libshutdown2.o)
    0x0800034c   0x0800034c   0x00000000   Code   RO         2871    .ARM.Collect$$rtentry$$00000000  c_w.l(__rtentry.o)
    0x0800034c   0x0800034c   0x00000000   Code   RO         2905    .ARM.Collect$$rtentry$$00000002  c_w.l(__rtentry2.o)
    0x0800034c   0x0800034c   0x00000006   Code   RO         2917    .ARM.Collect$$rtentry$$00000004  c_w.l(__rtentry4.o)
    0x08000352   0x08000352   0x00000000   Code   RO         2907    .ARM.Collect$$rtentry$$00000009  c_w.l(__rtentry2.o)
    0x08000352   0x08000352   0x00000004   Code   RO         2908    .ARM.Collect$$rtentry$$0000000A  c_w.l(__rtentry2.o)
    0x08000356   0x08000356   0x00000000   Code   RO         2910    .ARM.Collect$$rtentry$$0000000C  c_w.l(__rtentry2.o)
    0x08000356   0x08000356   0x00000008   Code   RO         2911    .ARM.Collect$$rtentry$$0000000D  c_w.l(__rtentry2.o)
    0x0800035e   0x0800035e   0x00000002   Code   RO         2943    .ARM.Collect$$rtexit$$00000000  c_w.l(rtexit.o)
    0x08000360   0x08000360   0x00000000   Code   RO         3001    .ARM.Collect$$rtexit$$00000002  c_w.l(rtexit2.o)
    0x08000360   0x08000360   0x00000004   Code   RO         3002    .ARM.Collect$$rtexit$$00000003  c_w.l(rtexit2.o)
    0x08000364   0x08000364   0x00000006   Code   RO         3003    .ARM.Collect$$rtexit$$00000004  c_w.l(rtexit2.o)
    0x0800036a   0x0800036a   0x00000002   PAD
    0x0800036c   0x0800036c   0x00000040   Code   RO            4    .text               startup_stm32h723xx.o
    0x080003ac   0x080003ac   0x000000f0   Code   RO         2834    .text               c_w.l(lludivv7m.o)
    0x0800049c   0x0800049c   0x0000008a   Code   RO         2836    .text               c_w.l(rt_memcpy_v6.o)
    0x08000526   0x08000526   0x00000064   Code   RO         2838    .text               c_w.l(rt_memcpy_w.o)
    0x0800058a   0x0800058a   0x00000010   Code   RO         2842    .text               c_w.l(aeabi_memset4.o)
    0x0800059a   0x0800059a   0x0000004e   Code   RO         2846    .text               c_w.l(rt_memclr_w.o)
    0x080005e8   0x080005e8   0x00000006   Code   RO         2848    .text               c_w.l(heapauxi.o)
    0x080005ee   0x080005ee   0x00000016   Code   RO         2876    .text               c_w.l(_rserrno.o)
    0x08000604   0x08000604   0x00000008   Code   RO         2924    .text               c_w.l(rt_errno_addr_intlibspace.o)
    0x0800060c   0x0800060c   0x00000008   Code   RO         2926    .text               c_w.l(libspace.o)
    0x08000614   0x08000614   0x0000004a   Code   RO         2929    .text               c_w.l(sys_stackheap_outer.o)
    0x0800065e   0x0800065e   0x00000012   Code   RO         2931    .text               c_w.l(exit.o)
    0x08000670   0x08000670   0x0000000c   Code   RO         2996    .text               c_w.l(sys_exit.o)
    0x0800067c   0x0800067c   0x00000002   Code   RO         3019    .text               c_w.l(use_no_semi.o)
    0x0800067e   0x0800067e   0x00000000   Code   RO         3021    .text               c_w.l(indicate_semi.o)
    0x0800067e   0x0800067e   0x00000002   PAD
    0x08000680   0x08000680   0x00000014   Code   RO           49    .text.BMI088_ACCEL_NS_H  bmi088middleware.o
    0x08000694   0x08000694   0x00000004   PAD
    0x08000698   0x08000698   0x00000014   Code   RO           47    .text.BMI088_ACCEL_NS_L  bmi088middleware.o
    0x080006ac   0x080006ac   0x00000004   PAD
    0x080006b0   0x080006b0   0x00000002   Code   RO           39    .text.BMI088_GPIO_init  bmi088middleware.o
    0x080006b2   0x080006b2   0x00000006   PAD
    0x080006b8   0x080006b8   0x00000014   Code   RO           53    .text.BMI088_GYRO_NS_H  bmi088middleware.o
    0x080006cc   0x080006cc   0x00000004   PAD
    0x080006d0   0x080006d0   0x00000014   Code   RO           51    .text.BMI088_GYRO_NS_L  bmi088middleware.o
    0x080006e4   0x080006e4   0x00000004   PAD
    0x080006e8   0x080006e8   0x00000002   Code   RO           41    .text.BMI088_com_init  bmi088middleware.o
    0x080006ea   0x080006ea   0x00000006   PAD
    0x080006f0   0x080006f0   0x00000026   Code   RO           43    .text.BMI088_delay_ms  bmi088middleware.o
    0x08000716   0x08000716   0x00000002   PAD
    0x08000718   0x08000718   0x00000090   Code   RO           45    .text.BMI088_delay_us  bmi088middleware.o
    0x080007a8   0x080007a8   0x0000003a   Code   RO           11    .text.BMI088_init   bmi088driver.o
    0x080007e2   0x080007e2   0x00000006   PAD
    0x080007e8   0x080007e8   0x000002c0   Code   RO           21    .text.BMI088_read   bmi088driver.o
    0x08000aa8   0x08000aa8   0x00000044   Code   RO           23    .text.BMI088_read_muli_reg  bmi088driver.o
    0x08000aec   0x08000aec   0x00000004   PAD
    0x08000af0   0x08000af0   0x00000024   Code   RO           19    .text.BMI088_read_single_reg  bmi088driver.o
    0x08000b14   0x08000b14   0x00000004   PAD
    0x08000b18   0x08000b18   0x0000002e   Code   RO           55    .text.BMI088_read_write_byte  bmi088middleware.o
    0x08000b46   0x08000b46   0x00000002   PAD
    0x08000b48   0x08000b48   0x00000020   Code   RO           17    .text.BMI088_write_single_reg  bmi088driver.o
    0x08000b68   0x08000b68   0x00000004   Code   RO          212    .text.BusFault_Handler  stm32h7xx_it.o
    0x08000b6c   0x08000b6c   0x00000004   PAD
    0x08000b70   0x08000b70   0x00000010   Code   RO          218    .text.DMA1_Stream0_IRQHandler  stm32h7xx_it.o
    0x08000b80   0x08000b80   0x00000010   Code   RO          220    .text.DMA1_Stream1_IRQHandler  stm32h7xx_it.o
    0x08000b90   0x08000b90   0x000001ca   Code   RO          957    .text.DMA_CalcBaseAndBitshift  stm32h7xx_hal_dma.o
    0x08000d5a   0x08000d5a   0x00000006   PAD
    0x08000d60   0x08000d60   0x00000178   Code   RO          959    .text.DMA_CalcDMAMUXChannelBaseAndMask  stm32h7xx_hal_dma.o
    0x08000ed8   0x08000ed8   0x0000012a   Code   RO          961    .text.DMA_CalcDMAMUXRequestGenBaseAndMask  stm32h7xx_hal_dma.o
    0x08001002   0x08001002   0x00000006   PAD
    0x08001008   0x08001008   0x000000f0   Code   RO          955    .text.DMA_CheckFifoParam  stm32h7xx_hal_dma.o
    0x080010f8   0x080010f8   0x00000002   Code   RO          216    .text.DebugMon_Handler  stm32h7xx_it.o
    0x080010fa   0x080010fa   0x00000006   PAD
    0x08001100   0x08001100   0x00000014   Code   RO          238    .text.EXTI15_10_IRQHandler  stm32h7xx_it.o
    0x08001114   0x08001114   0x00000004   PAD
    0x08001118   0x08001118   0x0000000e   Code   RO           68    .text.Error_Handler  main.o
    0x08001126   0x08001126   0x00000002   PAD
    0x08001128   0x08001128   0x00000010   Code   RO          222    .text.FDCAN1_IT0_IRQHandler  stm32h7xx_it.o
    0x08001138   0x08001138   0x00000010   Code   RO          226    .text.FDCAN1_IT1_IRQHandler  stm32h7xx_it.o
    0x08001148   0x08001148   0x00000010   Code   RO          224    .text.FDCAN2_IT0_IRQHandler  stm32h7xx_it.o
    0x08001158   0x08001158   0x00000010   Code   RO          228    .text.FDCAN2_IT1_IRQHandler  stm32h7xx_it.o
    0x08001168   0x08001168   0x0000001c   Code   RO          240    .text.FDCAN_CAL_IRQHandler  stm32h7xx_it.o
    0x08001184   0x08001184   0x00000004   PAD
    0x08001188   0x08001188   0x000002c2   Code   RO         1528    .text.FDCAN_CalcultateRamBlockAddresses  stm32h7xx_hal_fdcan.o
    0x0800144a   0x0800144a   0x00000006   PAD
    0x08001450   0x08001450   0x000000b8   Code   RO         1598    .text.FDCAN_CopyMessageToRAM  stm32h7xx_hal_fdcan.o
    0x08001508   0x08001508   0x000006aa   Code   RO          973    .text.HAL_DMA_Abort_IT  stm32h7xx_hal_dma.o
    0x08001bb2   0x08001bb2   0x00000006   PAD
    0x08001bb8   0x08001bb8   0x000011c0   Code   RO          977    .text.HAL_DMA_IRQHandler  stm32h7xx_hal_dma.o
    0x08002d78   0x08002d78   0x00000962   Code   RO          953    .text.HAL_DMA_Init  stm32h7xx_hal_dma.o
    0x080036da   0x080036da   0x00000006   PAD
    0x080036e0   0x080036e0   0x000000fe   Code   RO         1676    .text.HAL_FDCAN_ActivateNotification  stm32h7xx_hal_fdcan.o
    0x080037de   0x080037de   0x00000002   PAD
    0x080037e0   0x080037e0   0x000000ca   Code   RO         1596    .text.HAL_FDCAN_AddMessageToTxFifoQ  stm32h7xx_hal_fdcan.o
    0x080038aa   0x080038aa   0x00000006   PAD
    0x080038b0   0x080038b0   0x0000000a   Code   RO         1690    .text.HAL_FDCAN_ClockCalibrationCallback  stm32h7xx_hal_fdcan.o
    0x080038ba   0x080038ba   0x00000006   PAD
    0x080038c0   0x080038c0   0x000000a8   Code   RO         1556    .text.HAL_FDCAN_ConfigFifoWatermark  stm32h7xx_hal_fdcan.o
    0x08003968   0x08003968   0x00000116   Code   RO         1548    .text.HAL_FDCAN_ConfigFilter  stm32h7xx_hal_fdcan.o
    0x08003a7e   0x08003a7e   0x00000002   PAD
    0x08003a80   0x08003a80   0x0000005c   Code   RO         1550    .text.HAL_FDCAN_ConfigGlobalFilter  stm32h7xx_hal_fdcan.o
    0x08003adc   0x08003adc   0x00000004   PAD
    0x08003ae0   0x08003ae0   0x00000048   Code   RO         1530    .text.HAL_FDCAN_DeInit  stm32h7xx_hal_fdcan.o
    0x08003b28   0x08003b28   0x00000008   Code   RO         1718    .text.HAL_FDCAN_ErrorCallback  stm32h7xx_hal_fdcan.o
    0x08003b30   0x08003b30   0x00000032   Code   RO         2088    .text.HAL_FDCAN_ErrorStatusCallback  bsp_fdcan.o
    0x08003b62   0x08003b62   0x00000006   PAD
    0x08003b68   0x08003b68   0x000002f8   Code   RO         1608    .text.HAL_FDCAN_GetRxMessage  stm32h7xx_hal_fdcan.o
    0x08003e60   0x08003e60   0x00000008   Code   RO         1686    .text.HAL_FDCAN_HighPriorityMessageCallback  stm32h7xx_hal_fdcan.o
    0x08003e68   0x08003e68   0x000005e2   Code   RO         1684    .text.HAL_FDCAN_IRQHandler  stm32h7xx_hal_fdcan.o
    0x0800444a   0x0800444a   0x00000006   PAD
    0x08004450   0x08004450   0x000003e0   Code   RO         1524    .text.HAL_FDCAN_Init  stm32h7xx_hal_fdcan.o
    0x08004830   0x08004830   0x000000b4   Code   RO          146    .text.HAL_FDCAN_MspDeInit  fdcan.o
    0x080048e4   0x080048e4   0x00000004   PAD
    0x080048e8   0x080048e8   0x000001e4   Code   RO          144    .text.HAL_FDCAN_MspInit  fdcan.o
    0x08004acc   0x08004acc   0x00000004   PAD
    0x08004ad0   0x08004ad0   0x00000008   Code   RO         1702    .text.HAL_FDCAN_RxBufferNewMessageCallback  stm32h7xx_hal_fdcan.o
    0x08004ad8   0x08004ad8   0x00000038   Code   RO         2086    .text.HAL_FDCAN_RxFifo0Callback  bsp_fdcan.o
    0x08004b10   0x08004b10   0x0000000a   Code   RO         1696    .text.HAL_FDCAN_RxFifo1Callback  stm32h7xx_hal_fdcan.o
    0x08004b1a   0x08004b1a   0x00000006   PAD
    0x08004b20   0x08004b20   0x00000050   Code   RO         1594    .text.HAL_FDCAN_Start  stm32h7xx_hal_fdcan.o
    0x08004b70   0x08004b70   0x000000ea   Code   RO         1532    .text.HAL_FDCAN_Stop  stm32h7xx_hal_fdcan.o
    0x08004c5a   0x08004c5a   0x00000006   PAD
    0x08004c60   0x08004c60   0x0000000a   Code   RO         1716    .text.HAL_FDCAN_TT_GlobalTimeCallback  stm32h7xx_hal_fdcan.o
    0x08004c6a   0x08004c6a   0x00000006   PAD
    0x08004c70   0x08004c70   0x0000000a   Code   RO         1710    .text.HAL_FDCAN_TT_ScheduleSyncCallback  stm32h7xx_hal_fdcan.o
    0x08004c7a   0x08004c7a   0x00000006   PAD
    0x08004c80   0x08004c80   0x0000000c   Code   RO         1714    .text.HAL_FDCAN_TT_StopWatchCallback  stm32h7xx_hal_fdcan.o
    0x08004c8c   0x08004c8c   0x00000004   PAD
    0x08004c90   0x08004c90   0x0000000a   Code   RO         1712    .text.HAL_FDCAN_TT_TimeMarkCallback  stm32h7xx_hal_fdcan.o
    0x08004c9a   0x08004c9a   0x00000006   PAD
    0x08004ca0   0x08004ca0   0x00000008   Code   RO         1706    .text.HAL_FDCAN_TimeoutOccurredCallback  stm32h7xx_hal_fdcan.o
    0x08004ca8   0x08004ca8   0x00000008   Code   RO         1704    .text.HAL_FDCAN_TimestampWraparoundCallback  stm32h7xx_hal_fdcan.o
    0x08004cb0   0x08004cb0   0x0000000a   Code   RO         1688    .text.HAL_FDCAN_TxBufferAbortCallback  stm32h7xx_hal_fdcan.o
    0x08004cba   0x08004cba   0x00000006   PAD
    0x08004cc0   0x08004cc0   0x0000000a   Code   RO         1700    .text.HAL_FDCAN_TxBufferCompleteCallback  stm32h7xx_hal_fdcan.o
    0x08004cca   0x08004cca   0x00000006   PAD
    0x08004cd0   0x08004cd0   0x0000000a   Code   RO         1692    .text.HAL_FDCAN_TxEventFifoCallback  stm32h7xx_hal_fdcan.o
    0x08004cda   0x08004cda   0x00000006   PAD
    0x08004ce0   0x08004ce0   0x00000008   Code   RO         1698    .text.HAL_FDCAN_TxFifoEmptyCallback  stm32h7xx_hal_fdcan.o
    0x08004ce8   0x08004ce8   0x0000022a   Code   RO          903    .text.HAL_GPIO_DeInit  stm32h7xx_hal_gpio.o
    0x08004f12   0x08004f12   0x00000006   PAD
    0x08004f18   0x08004f18   0x0000000a   Code   RO          915    .text.HAL_GPIO_EXTI_Callback  stm32h7xx_hal_gpio.o
    0x08004f22   0x08004f22   0x00000006   PAD
    0x08004f28   0x08004f28   0x00000034   Code   RO          913    .text.HAL_GPIO_EXTI_IRQHandler  stm32h7xx_hal_gpio.o
    0x08004f5c   0x08004f5c   0x00000004   PAD
    0x08004f60   0x08004f60   0x000003a8   Code   RO          901    .text.HAL_GPIO_Init  stm32h7xx_hal_gpio.o
    0x08005308   0x08005308   0x0000002e   Code   RO          907    .text.HAL_GPIO_WritePin  stm32h7xx_hal_gpio.o
    0x08005336   0x08005336   0x00000002   PAD
    0x08005338   0x08005338   0x0000000c   Code   RO         1205    .text.HAL_GetTick   stm32h7xx_hal.o
    0x08005344   0x08005344   0x00000004   PAD
    0x08005348   0x08005348   0x0000001a   Code   RO         1203    .text.HAL_IncTick   stm32h7xx_hal.o
    0x08005362   0x08005362   0x00000006   PAD
    0x08005368   0x08005368   0x0000007a   Code   RO         1193    .text.HAL_Init      stm32h7xx_hal.o
    0x080053e2   0x080053e2   0x00000006   PAD
    0x080053e8   0x080053e8   0x000000c6   Code   RO          257    .text.HAL_InitTick  stm32h7xx_hal_timebase_tim.o
    0x080054ae   0x080054ae   0x00000002   PAD
    0x080054b0   0x080054b0   0x00000032   Code   RO          249    .text.HAL_MspInit   stm32h7xx_hal_msp.o
    0x080054e2   0x080054e2   0x00000006   PAD
    0x080054e8   0x080054e8   0x00000014   Code   RO          639    .text.HAL_NVIC_DisableIRQ  stm32h7xx_hal_cortex.o
    0x080054fc   0x080054fc   0x00000004   PAD
    0x08005500   0x08005500   0x00000014   Code   RO          635    .text.HAL_NVIC_EnableIRQ  stm32h7xx_hal_cortex.o
    0x08005514   0x08005514   0x00000004   PAD
    0x08005518   0x08005518   0x0000002e   Code   RO          627    .text.HAL_NVIC_SetPriority  stm32h7xx_hal_cortex.o
    0x08005546   0x08005546   0x00000002   PAD
    0x08005548   0x08005548   0x00000010   Code   RO          623    .text.HAL_NVIC_SetPriorityGrouping  stm32h7xx_hal_cortex.o
    0x08005558   0x08005558   0x000000a2   Code   RO         1110    .text.HAL_PWREx_ConfigSupply  stm32h7xx_hal_pwr_ex.o
    0x080055fa   0x080055fa   0x00000006   PAD
    0x08005600   0x08005600   0x00000026   Code   RO          751    .text.HAL_RCCEx_GetD3PCLK1Freq  stm32h7xx_hal_rcc_ex.o
    0x08005626   0x08005626   0x00000002   PAD
    0x08005628   0x08005628   0x000002ac   Code   RO          747    .text.HAL_RCCEx_GetPLL2ClockFreq  stm32h7xx_hal_rcc_ex.o
    0x080058d4   0x080058d4   0x00000004   PAD
    0x080058d8   0x080058d8   0x000002ac   Code   RO          749    .text.HAL_RCCEx_GetPLL3ClockFreq  stm32h7xx_hal_rcc_ex.o
    0x08005b84   0x08005b84   0x00000004   PAD
    0x08005b88   0x08005b88   0x00000fec   Code   RO          735    .text.HAL_RCCEx_PeriphCLKConfig  stm32h7xx_hal_rcc_ex.o
    0x08006b74   0x08006b74   0x00000004   PAD
    0x08006b78   0x08006b78   0x00000498   Code   RO          704    .text.HAL_RCC_ClockConfig  stm32h7xx_hal_rcc.o
    0x08007010   0x08007010   0x00000088   Code   RO          722    .text.HAL_RCC_GetClockConfig  stm32h7xx_hal_rcc.o
    0x08007098   0x08007098   0x00000056   Code   RO          714    .text.HAL_RCC_GetHCLKFreq  stm32h7xx_hal_rcc.o
    0x080070ee   0x080070ee   0x00000002   PAD
    0x080070f0   0x080070f0   0x00000026   Code   RO          716    .text.HAL_RCC_GetPCLK1Freq  stm32h7xx_hal_rcc.o
    0x08007116   0x08007116   0x00000002   PAD
    0x08007118   0x08007118   0x00000026   Code   RO          718    .text.HAL_RCC_GetPCLK2Freq  stm32h7xx_hal_rcc.o
    0x0800713e   0x0800713e   0x00000002   PAD
    0x08007140   0x08007140   0x00000310   Code   RO          706    .text.HAL_RCC_GetSysClockFreq  stm32h7xx_hal_rcc.o
    0x08007450   0x08007450   0x00000a20   Code   RO          702    .text.HAL_RCC_OscConfig  stm32h7xx_hal_rcc.o
    0x08007e70   0x08007e70   0x00000008   Code   RO         1813    .text.HAL_SPI_ErrorCallback  stm32h7xx_hal_spi.o
    0x08007e78   0x08007e78   0x00000390   Code   RO         1809    .text.HAL_SPI_IRQHandler  stm32h7xx_hal_spi.o
    0x08008208   0x08008208   0x00000292   Code   RO         1733    .text.HAL_SPI_Init  stm32h7xx_hal_spi.o
    0x0800849a   0x0800849a   0x00000006   PAD
    0x080084a0   0x080084a0   0x000001d4   Code   RO          161    .text.HAL_SPI_MspInit  spi.o
    0x08008674   0x08008674   0x00000004   PAD
    0x08008678   0x08008678   0x00000008   Code   RO         1817    .text.HAL_SPI_RxCpltCallback  stm32h7xx_hal_spi.o
    0x08008680   0x08008680   0x00000008   Code   RO         1811    .text.HAL_SPI_SuspendCallback  stm32h7xx_hal_spi.o
    0x08008688   0x08008688   0x00000704   Code   RO         1751    .text.HAL_SPI_TransmitReceive  stm32h7xx_hal_spi.o
    0x08008d8c   0x08008d8c   0x00000004   PAD
    0x08008d90   0x08008d90   0x00000008   Code   RO         1819    .text.HAL_SPI_TxCpltCallback  stm32h7xx_hal_spi.o
    0x08008d98   0x08008d98   0x00000008   Code   RO         1815    .text.HAL_SPI_TxRxCpltCallback  stm32h7xx_hal_spi.o
    0x08008da0   0x08008da0   0x0000001e   Code   RO         1243    .text.HAL_SYSCFG_AnalogSwitchConfig  stm32h7xx_hal.o
    0x08008dbe   0x08008dbe   0x00000002   PAD
    0x08008dc0   0x08008dc0   0x00000008   Code   RO          610    .text.HAL_TIMEx_Break2Callback  stm32h7xx_hal_tim_ex.o
    0x08008dc8   0x08008dc8   0x00000008   Code   RO          608    .text.HAL_TIMEx_BreakCallback  stm32h7xx_hal_tim_ex.o
    0x08008dd0   0x08008dd0   0x00000008   Code   RO          604    .text.HAL_TIMEx_CommutCallback  stm32h7xx_hal_tim_ex.o
    0x08008dd8   0x08008dd8   0x0000017c   Code   RO          588    .text.HAL_TIMEx_MasterConfigSynchronization  stm32h7xx_hal_tim_ex.o
    0x08008f54   0x08008f54   0x00000004   PAD
    0x08008f58   0x08008f58   0x000000a8   Code   RO          271    .text.HAL_TIM_Base_Init  stm32h7xx_hal_tim.o
    0x08009000   0x08009000   0x00000094   Code   RO          179    .text.HAL_TIM_Base_MspInit  tim.o
    0x08009094   0x08009094   0x00000004   PAD
    0x08009098   0x08009098   0x00000128   Code   RO          285    .text.HAL_TIM_Base_Start_IT  stm32h7xx_hal_tim.o
    0x080091c0   0x080091c0   0x000001d0   Code   RO          467    .text.HAL_TIM_ConfigClockSource  stm32h7xx_hal_tim.o
    0x08009390   0x08009390   0x00000008   Code   RO          407    .text.HAL_TIM_IC_CaptureCallback  stm32h7xx_hal_tim.o
    0x08009398   0x08009398   0x00000250   Code   RO          405    .text.HAL_TIM_IRQHandler  stm32h7xx_hal_tim.o
    0x080095e8   0x080095e8   0x00000008   Code   RO          409    .text.HAL_TIM_OC_DelayElapsedCallback  stm32h7xx_hal_tim.o
    0x080095f0   0x080095f0   0x00000008   Code   RO          411    .text.HAL_TIM_PWM_PulseFinishedCallback  stm32h7xx_hal_tim.o
    0x080095f8   0x080095f8   0x00000020   Code   RO           70    .text.HAL_TIM_PeriodElapsedCallback  main.o
    0x08009618   0x08009618   0x00000008   Code   RO          415    .text.HAL_TIM_TriggerCallback  stm32h7xx_hal_tim.o
    0x08009620   0x08009620   0x0000007c   Code   RO         2023    .text.HAL_UARTEx_DisableFifoMode  stm32h7xx_hal_uart_ex.o
    0x0800969c   0x0800969c   0x00000004   PAD
    0x080096a0   0x080096a0   0x0000008c   Code   RO         2027    .text.HAL_UARTEx_SetRxFifoThreshold  stm32h7xx_hal_uart_ex.o
    0x0800972c   0x0800972c   0x00000004   PAD
    0x08009730   0x08009730   0x0000008c   Code   RO         2025    .text.HAL_UARTEx_SetTxFifoThreshold  stm32h7xx_hal_uart_ex.o
    0x080097bc   0x080097bc   0x00000004   PAD
    0x080097c0   0x080097c0   0x000000aa   Code   RO         1853    .text.HAL_UART_Init  stm32h7xx_hal_uart.o
    0x0800986a   0x0800986a   0x00000006   PAD
    0x08009870   0x08009870   0x000000a8   Code   RO          194    .text.HAL_UART_MspInit  usart.o
    0x08009918   0x08009918   0x00000004   Code   RO          208    .text.HardFault_Handler  stm32h7xx_it.o
    0x0800991c   0x0800991c   0x00000004   PAD
    0x08009920   0x08009920   0x0000004e   Code   RO          132    .text.MX_DMA_Init   dma.o
    0x0800996e   0x0800996e   0x00000002   PAD
    0x08009970   0x08009970   0x00000080   Code   RO          140    .text.MX_FDCAN1_Init  fdcan.o
    0x080099f0   0x080099f0   0x00000084   Code   RO          142    .text.MX_FDCAN2_Init  fdcan.o
    0x08009a74   0x08009a74   0x00000004   PAD
    0x08009a78   0x08009a78   0x000000aa   Code   RO           88    .text.MX_FREERTOS_Init  freertos.o
    0x08009b22   0x08009b22   0x00000006   PAD
    0x08009b28   0x08009b28   0x0000015c   Code   RO           80    .text.MX_GPIO_Init  gpio.o
    0x08009c84   0x08009c84   0x00000004   PAD
    0x08009c88   0x08009c88   0x0000006e   Code   RO          159    .text.MX_SPI2_Init  spi.o
    0x08009cf6   0x08009cf6   0x00000002   PAD
    0x08009cf8   0x08009cf8   0x00000086   Code   RO          175    .text.MX_TIM3_Init  tim.o
    0x08009d7e   0x08009d7e   0x00000002   PAD
    0x08009d80   0x08009d80   0x00000086   Code   RO          177    .text.MX_TIM4_Init  tim.o
    0x08009e06   0x08009e06   0x00000002   PAD
    0x08009e08   0x08009e08   0x0000008e   Code   RO          192    .text.MX_USART1_UART_Init  usart.o
    0x08009e96   0x08009e96   0x00000002   PAD
    0x08009e98   0x08009e98   0x00000004   Code   RO          210    .text.MemManage_Handler  stm32h7xx_it.o
    0x08009e9c   0x08009e9c   0x00000004   PAD
    0x08009ea0   0x08009ea0   0x00000004   Code   RO          206    .text.NMI_Handler   stm32h7xx_it.o
    0x08009ea4   0x08009ea4   0x00000004   PAD
    0x08009ea8   0x08009ea8   0x0000006c   Code   RO          633    .text.NVIC_EncodePriority  stm32h7xx_hal_cortex.o
    0x08009f14   0x08009f14   0x0000000c   PAD
    0x08009f20   0x08009f20   0x00000064   Code   RO         2183    .text.PendSV_Handler  port.o
    0x08009f84   0x08009f84   0x00000004   PAD
    0x08009f88   0x08009f88   0x000001ca   Code   RO          737    .text.RCCEx_PLL2_Config  stm32h7xx_hal_rcc_ex.o
    0x0800a152   0x0800a152   0x00000006   PAD
    0x0800a158   0x0800a158   0x000001ca   Code   RO          739    .text.RCCEx_PLL3_Config  stm32h7xx_hal_rcc_ex.o
    0x0800a322   0x0800a322   0x00000006   PAD
    0x0800a328   0x0800a328   0x00000010   Code   RO          236    .text.SPI2_IRQHandler  stm32h7xx_it.o
    0x0800a338   0x0800a338   0x00000116   Code   RO         1745    .text.SPI_CloseTransfer  stm32h7xx_hal_spi.o
    0x0800a44e   0x0800a44e   0x00000002   PAD
    0x0800a450   0x0800a450   0x0000002c   Code   RO         1821    .text.SPI_DMAAbortOnError  stm32h7xx_hal_spi.o
    0x0800a47c   0x0800a47c   0x00000004   PAD
    0x0800a480   0x0800a480   0x0000002a   Code   RO         1735    .text.SPI_GetPacketSize  stm32h7xx_hal_spi.o
    0x0800a4aa   0x0800a4aa   0x00000006   PAD
    0x0800a4b0   0x0800a4b0   0x00000068   Code   RO         1747    .text.SPI_WaitOnFlagUntilTimeout  stm32h7xx_hal_spi.o
    0x0800a518   0x0800a518   0x00000008   PAD
    0x0800a520   0x0800a520   0x00000024   Code   RO         2167    .text.SVC_Handler   port.o
    0x0800a544   0x0800a544   0x00000004   PAD
    0x0800a548   0x0800a548   0x0000000e   Code   RO         2633    .text.SVC_Setup     cmsis_os2.o
    0x0800a556   0x0800a556   0x00000002   PAD
    0x0800a558   0x0800a558   0x00000010   Code   RO           90    .text.StartDefaultTask  freertos.o
    0x0800a568   0x0800a568   0x0000001e   Code   RO         2623    .text.SysTick_Handler  cmsis_os2.o
    0x0800a586   0x0800a586   0x00000002   PAD
    0x0800a588   0x0800a588   0x000000cc   Code   RO           66    .text.SystemClock_Config  main.o
    0x0800a654   0x0800a654   0x00000004   PAD
    0x0800a658   0x0800a658   0x0000013a   Code   RO         2046    .text.SystemInit    system_stm32h7xx.o
    0x0800a792   0x0800a792   0x00000006   PAD
    0x0800a798   0x0800a798   0x00000010   Code   RO          230    .text.TIM1_UP_IRQHandler  stm32h7xx_it.o
    0x0800a7a8   0x0800a7a8   0x00000010   Code   RO          232    .text.TIM3_IRQHandler  stm32h7xx_it.o
    0x0800a7b8   0x0800a7b8   0x00000010   Code   RO          234    .text.TIM4_IRQHandler  stm32h7xx_it.o
    0x0800a7c8   0x0800a7c8   0x000001c4   Code   RO          275    .text.TIM_Base_SetConfig  stm32h7xx_hal_tim.o
    0x0800a98c   0x0800a98c   0x00000004   PAD
    0x0800a990   0x0800a990   0x00000034   Code   RO          465    .text.TIM_ETR_SetConfig  stm32h7xx_hal_tim.o
    0x0800a9c4   0x0800a9c4   0x00000004   PAD
    0x0800a9c8   0x0800a9c8   0x00000030   Code   RO          471    .text.TIM_ITRx_SetConfig  stm32h7xx_hal_tim.o
    0x0800a9f8   0x0800a9f8   0x00000050   Code   RO          469    .text.TIM_TI1_ConfigInputStage  stm32h7xx_hal_tim.o
    0x0800aa48   0x0800aa48   0x00000052   Code   RO          473    .text.TIM_TI2_ConfigInputStage  stm32h7xx_hal_tim.o
    0x0800aa9a   0x0800aa9a   0x00000006   PAD
    0x0800aaa0   0x0800aaa0   0x00000010   Code   RO           92    .text.T_Calculator  freertos.o
    0x0800aab0   0x0800aab0   0x000000d6   Code   RO           94    .text.T_Motor_Control  freertos.o
    0x0800ab86   0x0800ab86   0x00000002   PAD
    0x0800ab88   0x0800ab88   0x00000050   Code   RO           98    .text.T_Sensor      freertos.o
    0x0800abd8   0x0800abd8   0x00000010   Code   RO           96    .text.T_USER        freertos.o
    0x0800abe8   0x0800abe8   0x00000086   Code   RO         2021    .text.UARTEx_SetNbDataToProcess  stm32h7xx_hal_uart_ex.o
    0x0800ac6e   0x0800ac6e   0x00000002   PAD
    0x0800ac70   0x0800ac70   0x00000148   Code   RO         1857    .text.UART_AdvFeatureConfig  stm32h7xx_hal_uart.o
    0x0800adb8   0x0800adb8   0x00000146   Code   RO         1861    .text.UART_CheckIdleState  stm32h7xx_hal_uart.o
    0x0800aefe   0x0800aefe   0x00000002   PAD
    0x0800af00   0x0800af00   0x0000009e   Code   RO         1913    .text.UART_EndRxTransfer  stm32h7xx_hal_uart.o
    0x0800af9e   0x0800af9e   0x00000002   PAD
    0x0800afa0   0x0800afa0   0x00000a4e   Code   RO         1859    .text.UART_SetConfig  stm32h7xx_hal_uart.o
    0x0800b9ee   0x0800b9ee   0x00000002   PAD
    0x0800b9f0   0x0800b9f0   0x0000010c   Code   RO         1875    .text.UART_WaitOnFlagUntilTimeout  stm32h7xx_hal_uart.o
    0x0800bafc   0x0800bafc   0x00000004   PAD
    0x0800bb00   0x0800bb00   0x00000004   Code   RO          214    .text.UsageFault_Handler  stm32h7xx_it.o
    0x0800bb04   0x0800bb04   0x00000004   PAD
    0x0800bb08   0x0800bb08   0x00000038   Code   RO          641    .text.__NVIC_DisableIRQ  stm32h7xx_hal_cortex.o
    0x0800bb40   0x0800bb40   0x00000030   Code   RO          637    .text.__NVIC_EnableIRQ  stm32h7xx_hal_cortex.o
    0x0800bb70   0x0800bb70   0x00000010   Code   RO          629    .text.__NVIC_GetPriorityGrouping  stm32h7xx_hal_cortex.o
    0x0800bb80   0x0800bb80   0x00000042   Code   RO          631    .text.__NVIC_SetPriority  stm32h7xx_hal_cortex.o
    0x0800bbc2   0x0800bbc2   0x00000006   PAD
    0x0800bbc8   0x0800bbc8   0x00000042   Code   RO         2787    .text.__NVIC_SetPriority  cmsis_os2.o
    0x0800bc0a   0x0800bc0a   0x00000006   PAD
    0x0800bc10   0x0800bc10   0x0000003c   Code   RO          625    .text.__NVIC_SetPriorityGrouping  stm32h7xx_hal_cortex.o
    0x0800bc4c   0x0800bc4c   0x00000004   PAD
    0x0800bc50   0x0800bc50   0x0000018e   Code   RO           13    .text.bmi088_accel_init  bmi088driver.o
    0x0800bdde   0x0800bdde   0x00000002   PAD
    0x0800bde0   0x0800bde0   0x00000146   Code   RO           15    .text.bmi088_gyro_init  bmi088driver.o
    0x0800bf26   0x0800bf26   0x00000002   PAD
    0x0800bf28   0x0800bf28   0x00000048   Code   RO         2074    .text.bsp_can_init  bsp_fdcan.o
    0x0800bf70   0x0800bf70   0x00000176   Code   RO         2078    .text.bsp_fdcan_set_baud  bsp_fdcan.o
    0x0800c0e6   0x0800c0e6   0x00000002   PAD
    0x0800c0e8   0x0800c0e8   0x00000086   Code   RO         2076    .text.can_filter_init  bsp_fdcan.o
    0x0800c16e   0x0800c16e   0x00000002   PAD
    0x0800c170   0x0800c170   0x00000052   Code   RO         2122    .text.disable_motor_mode  dm_motor_drv.o
    0x0800c1c2   0x0800c1c2   0x00000006   PAD
    0x0800c1c8   0x0800c1c8   0x00000022   Code   RO         2124    .text.dm_motor_clear_para  dm_motor_drv.o
    0x0800c1ea   0x0800c1ea   0x00000006   PAD
    0x0800c1f0   0x0800c1f0   0x0000006a   Code   RO         2120    .text.dm_motor_disable  dm_motor_drv.o
    0x0800c25a   0x0800c25a   0x00000006   PAD
    0x0800c260   0x0800c260   0x000000c0   Code   RO         2140    .text.dm_motor_fbdata  dm_motor_drv.o
    0x0800c320   0x0800c320   0x00000234   Code   RO         2097    .text.dm_motor_init  dm_motor_ctrl.o
    0x0800c554   0x0800c554   0x00000004   PAD
    0x0800c558   0x0800c558   0x000000b6   Code   RO         2103    .text.fdcan1_rx_callback  dm_motor_ctrl.o
    0x0800c60e   0x0800c60e   0x00000002   PAD
    0x0800c610   0x0800c610   0x000000b6   Code   RO         2105    .text.fdcan2_rx_callback  dm_motor_ctrl.o
    0x0800c6c6   0x0800c6c6   0x00000002   PAD
    0x0800c6c8   0x0800c6c8   0x000000ca   Code   RO         2082    .text.fdcanx_receive  bsp_fdcan.o
    0x0800c792   0x0800c792   0x00000006   PAD
    0x0800c798   0x0800c798   0x000000d2   Code   RO         2080    .text.fdcanx_send_data  bsp_fdcan.o
    0x0800c86a   0x0800c86a   0x00000006   PAD
    0x0800c870   0x0800c870   0x00000040   Code   RO           64    .text.main          main.o
    0x0800c8b0   0x0800c8b0   0x00000034   Code   RO         2691    .text.osDelay       cmsis_os2.o
    0x0800c8e4   0x0800c8e4   0x00000004   PAD
    0x0800c8e8   0x0800c8e8   0x00000046   Code   RO         2625    .text.osKernelInitialize  cmsis_os2.o
    0x0800c92e   0x0800c92e   0x00000002   PAD
    0x0800c930   0x0800c930   0x00000052   Code   RO         2631    .text.osKernelStart  cmsis_os2.o
    0x0800c982   0x0800c982   0x00000006   PAD
    0x0800c988   0x0800c988   0x0000015a   Code   RO         2655    .text.osThreadNew   cmsis_os2.o
    0x0800cae2   0x0800cae2   0x00000006   PAD
    0x0800cae8   0x0800cae8   0x000000d4   Code   RO         2417    .text.prvAddCurrentTaskToDelayedList  tasks.o
    0x0800cbbc   0x0800cbbc   0x00000004   PAD
    0x0800cbc0   0x0800cbc0   0x00000122   Code   RO         2403    .text.prvAddNewTaskToReadyList  tasks.o
    0x0800cce2   0x0800cce2   0x00000006   PAD
    0x0800cce8   0x0800cce8   0x000000a2   Code   RO         2554    .text.prvCheckForValidListAndQueue  timers.o
    0x0800cd8a   0x0800cd8a   0x00000006   PAD
    0x0800cd90   0x0800cd90   0x0000005a   Code   RO         2521    .text.prvCheckTasksWaitingTermination  tasks.o
    0x0800cdea   0x0800cdea   0x00000006   PAD
    0x0800cdf0   0x0800cdf0   0x00000042   Code   RO         2296    .text.prvCopyDataFromQueue  queue.o
    0x0800ce32   0x0800ce32   0x00000006   PAD
    0x0800ce38   0x0800ce38   0x000000cc   Code   RO         2284    .text.prvCopyDataToQueue  queue.o
    0x0800cf04   0x0800cf04   0x00000004   PAD
    0x0800cf08   0x0800cf08   0x00000062   Code   RO         2409    .text.prvDeleteTCB  tasks.o
    0x0800cf6a   0x0800cf6a   0x00000006   PAD
    0x0800cf70   0x0800cf70   0x00000040   Code   RO         2592    .text.prvGetNextExpireTime  timers.o
    0x0800cfb0   0x0800cfb0   0x000000bc   Code   RO         2804    .text.prvHeapInit   heap_4.o
    0x0800d06c   0x0800d06c   0x00000004   PAD
    0x0800d070   0x0800d070   0x00000038   Code   RO         2443    .text.prvIdleTask   tasks.o
    0x0800d0a8   0x0800d0a8   0x00000048   Code   RO         2258    .text.prvInitialiseNewQueue  queue.o
    0x0800d0f0   0x0800d0f0   0x00000126   Code   RO         2401    .text.prvInitialiseNewTask  tasks.o
    0x0800d216   0x0800d216   0x00000002   PAD
    0x0800d218   0x0800d218   0x0000008e   Code   RO         2519    .text.prvInitialiseTaskLists  tasks.o
    0x0800d2a6   0x0800d2a6   0x00000002   PAD
    0x0800d2a8   0x0800d2a8   0x000000c6   Code   RO         2806    .text.prvInsertBlockIntoFreeList  heap_4.o
    0x0800d36e   0x0800d36e   0x00000002   PAD
    0x0800d370   0x0800d370   0x00000086   Code   RO         2604    .text.prvInsertTimerInActiveList  timers.o
    0x0800d3f6   0x0800d3f6   0x00000002   PAD
    0x0800d3f8   0x0800d3f8   0x00000028   Code   RO         2298    .text.prvIsQueueEmpty  queue.o
    0x0800d420   0x0800d420   0x0000002e   Code   RO         2286    .text.prvIsQueueFull  queue.o
    0x0800d44e   0x0800d44e   0x00000002   PAD
    0x0800d450   0x0800d450   0x00000028   Code   RO         2175    .text.prvPortStartFirstTask  port.o
    0x0800d478   0x0800d478   0x00000092   Code   RO         2600    .text.prvProcessExpiredTimer  timers.o
    0x0800d50a   0x0800d50a   0x00000006   PAD
    0x0800d510   0x0800d510   0x0000019e   Code   RO         2596    .text.prvProcessReceivedCommands  timers.o
    0x0800d6ae   0x0800d6ae   0x00000002   PAD
    0x0800d6b0   0x0800d6b0   0x0000009a   Code   RO         2594    .text.prvProcessTimerOrBlockTask  timers.o
    0x0800d74a   0x0800d74a   0x00000006   PAD
    0x0800d750   0x0800d750   0x00000046   Code   RO         2411    .text.prvResetNextTaskUnblockTime  tasks.o
    0x0800d796   0x0800d796   0x00000002   PAD
    0x0800d798   0x0800d798   0x00000044   Code   RO         2598    .text.prvSampleTimeNow  timers.o
    0x0800d7dc   0x0800d7dc   0x00000004   PAD
    0x0800d7e0   0x0800d7e0   0x000000d8   Code   RO         2602    .text.prvSwitchTimerLists  timers.o
    0x0800d8b8   0x0800d8b8   0x00000054   Code   RO         2165    .text.prvTaskExitError  port.o
    0x0800d90c   0x0800d90c   0x00000004   PAD
    0x0800d910   0x0800d910   0x0000001e   Code   RO         2556    .text.prvTimerTask  timers.o
    0x0800d92e   0x0800d92e   0x00000002   PAD
    0x0800d930   0x0800d930   0x000000ae   Code   RO         2288    .text.prvUnlockQueue  queue.o
    0x0800d9de   0x0800d9de   0x00000002   PAD
    0x0800d9e0   0x0800d9e0   0x000001f8   Code   RO         2802    .text.pvPortMalloc  heap_4.o
    0x0800dbd8   0x0800dbd8   0x0000005e   Code   RO         2163    .text.pxPortInitialiseStack  port.o
    0x0800dc36   0x0800dc36   0x00000002   PAD
    0x0800dc38   0x0800dc38   0x0000041c   Code   RO         2101    .text.receive_motor_data  dm_motor_ctrl.o
    0x0800e054   0x0800e054   0x00000004   PAD
    0x0800e058   0x0800e058   0x00000052   Code   RO         2142    .text.uint_to_float  dm_motor_drv.o
    0x0800e0aa   0x0800e0aa   0x00000006   PAD
    0x0800e0b0   0x0800e0b0   0x00000048   Code   RO         2245    .text.uxListRemove  list.o
    0x0800e0f8   0x0800e0f8   0x0000002a   Code   RO         2783    .text.vApplicationGetIdleTaskMemory  cmsis_os2.o
    0x0800e122   0x0800e122   0x00000006   PAD
    0x0800e128   0x0800e128   0x0000002c   Code   RO         2785    .text.vApplicationGetTimerTaskMemory  cmsis_os2.o
    0x0800e154   0x0800e154   0x00000004   PAD
    0x0800e158   0x0800e158   0x0000002e   Code   RO         2237    .text.vListInitialise  list.o
    0x0800e186   0x0800e186   0x00000002   PAD
    0x0800e188   0x0800e188   0x0000000e   Code   RO         2239    .text.vListInitialiseItem  list.o
    0x0800e196   0x0800e196   0x00000002   PAD
    0x0800e198   0x0800e198   0x0000006a   Code   RO         2243    .text.vListInsert   list.o
    0x0800e202   0x0800e202   0x00000006   PAD
    0x0800e208   0x0800e208   0x0000003a   Code   RO         2241    .text.vListInsertEnd  list.o
    0x0800e242   0x0800e242   0x00000006   PAD
    0x0800e248   0x0800e248   0x00000014   Code   RO         2173    .text.vPortEnableVFP  port.o
    0x0800e25c   0x0800e25c   0x00000004   PAD
    0x0800e260   0x0800e260   0x0000005e   Code   RO         2179    .text.vPortEnterCritical  port.o
    0x0800e2be   0x0800e2be   0x00000002   PAD
    0x0800e2c0   0x0800e2c0   0x0000004e   Code   RO         2181    .text.vPortExitCritical  port.o
    0x0800e30e   0x0800e30e   0x00000002   PAD
    0x0800e310   0x0800e310   0x000000d6   Code   RO         2808    .text.vPortFree     heap_4.o
    0x0800e3e6   0x0800e3e6   0x00000002   PAD
    0x0800e3e8   0x0800e3e8   0x00000044   Code   RO         2171    .text.vPortSetupTimerInterrupt  port.o
    0x0800e42c   0x0800e42c   0x00000004   PAD
    0x0800e430   0x0800e430   0x0000008c   Code   RO         2187    .text.vPortValidateInterruptPriority  port.o
    0x0800e4bc   0x0800e4bc   0x00000004   PAD
    0x0800e4c0   0x0800e4c0   0x00000052   Code   RO         2328    .text.vQueueAddToRegistry  queue.o
    0x0800e512   0x0800e512   0x00000006   PAD
    0x0800e518   0x0800e518   0x00000064   Code   RO         2332    .text.vQueueWaitForMessageRestricted  queue.o
    0x0800e57c   0x0800e57c   0x00000004   PAD
    0x0800e580   0x0800e580   0x00000072   Code   RO         2421    .text.vTaskDelay    tasks.o
    0x0800e5f2   0x0800e5f2   0x00000006   PAD
    0x0800e5f8   0x0800e5f8   0x00000024   Code   RO         2475    .text.vTaskInternalSetTimeOutState  tasks.o
    0x0800e61c   0x0800e61c   0x00000004   PAD
    0x0800e620   0x0800e620   0x0000000e   Code   RO         2479    .text.vTaskMissedYield  tasks.o
    0x0800e62e   0x0800e62e   0x00000002   PAD
    0x0800e630   0x0800e630   0x00000046   Code   RO         2463    .text.vTaskPlaceOnEventList  tasks.o
    0x0800e676   0x0800e676   0x00000002   PAD
    0x0800e678   0x0800e678   0x00000056   Code   RO         2467    .text.vTaskPlaceOnEventListRestricted  tasks.o
    0x0800e6ce   0x0800e6ce   0x00000002   PAD
    0x0800e6d0   0x0800e6d0   0x000000e8   Code   RO         2441    .text.vTaskStartScheduler  tasks.o
    0x0800e7b8   0x0800e7b8   0x00000010   Code   RO         2415    .text.vTaskSuspendAll  tasks.o
    0x0800e7c8   0x0800e7c8   0x000000ca   Code   RO         2433    .text.vTaskSwitchContext  tasks.o
    0x0800e892   0x0800e892   0x00000006   PAD
    0x0800e898   0x0800e898   0x000000fe   Code   RO         2169    .text.xPortStartScheduler  port.o
    0x0800e996   0x0800e996   0x00000002   PAD
    0x0800e998   0x0800e998   0x00000040   Code   RO         2185    .text.xPortSysTickHandler  port.o
    0x0800e9d8   0x0800e9d8   0x00000122   Code   RO         2256    .text.xQueueGenericCreateStatic  queue.o
    0x0800eafa   0x0800eafa   0x00000006   PAD
    0x0800eb00   0x0800eb00   0x000000be   Code   RO         2254    .text.xQueueGenericReset  queue.o
    0x0800ebbe   0x0800ebbe   0x00000002   PAD
    0x0800ebc0   0x0800ebc0   0x0000023c   Code   RO         2274    .text.xQueueGenericSend  queue.o
    0x0800edfc   0x0800edfc   0x00000004   PAD
    0x0800ee00   0x0800ee00   0x0000015c   Code   RO         2290    .text.xQueueGenericSendFromISR  queue.o
    0x0800ef5c   0x0800ef5c   0x00000004   PAD
    0x0800ef60   0x0800ef60   0x000001e8   Code   RO         2294    .text.xQueueReceive  queue.o
    0x0800f148   0x0800f148   0x000000d4   Code   RO         2477    .text.xTaskCheckForTimeOut  tasks.o
    0x0800f21c   0x0800f21c   0x00000004   PAD
    0x0800f220   0x0800f220   0x0000009e   Code   RO         2405    .text.xTaskCreate   tasks.o
    0x0800f2be   0x0800f2be   0x00000002   PAD
    0x0800f2c0   0x0800f2c0   0x000000da   Code   RO         2399    .text.xTaskCreateStatic  tasks.o
    0x0800f39a   0x0800f39a   0x00000006   PAD
    0x0800f3a0   0x0800f3a0   0x00000038   Code   RO         2493    .text.xTaskGetSchedulerState  tasks.o
    0x0800f3d8   0x0800f3d8   0x00000014   Code   RO         2449    .text.xTaskGetTickCount  tasks.o
    0x0800f3ec   0x0800f3ec   0x00000004   PAD
    0x0800f3f0   0x0800f3f0   0x000001c8   Code   RO         2447    .text.xTaskIncrementTick  tasks.o
    0x0800f5b8   0x0800f5b8   0x000000f4   Code   RO         2497    .text.xTaskPriorityDisinherit  tasks.o
    0x0800f6ac   0x0800f6ac   0x00000004   PAD
    0x0800f6b0   0x0800f6b0   0x000000d2   Code   RO         2469    .text.xTaskRemoveFromEventList  tasks.o
    0x0800f782   0x0800f782   0x00000006   PAD
    0x0800f788   0x0800f788   0x0000018a   Code   RO         2419    .text.xTaskResumeAll  tasks.o
    0x0800f912   0x0800f912   0x00000006   PAD
    0x0800f918   0x0800f918   0x00000098   Code   RO         2552    .text.xTimerCreateTimerTask  timers.o
    0x0800f9b0   0x0800f9b0   0x000000b4   Code   RO         2564    .text.xTimerGenericCommand  timers.o
    0x0800fa64   0x0800fa64   0x00000030   Code   RO         2899    i.__ARM_fpclassify  m_wv.l(fpclassify.o)
    0x0800fa94   0x0800fa94   0x00000004   PAD
    0x0800fa98   0x0800fa98   0x000001d4   Code   RO         2852    i.__hardfp_atan     m_wv.l(atan.o)
    0x0800fc6c   0x0800fc6c   0x00000004   PAD
    0x0800fc70   0x0800fc70   0x000001c8   Code   RO         2859    i.__hardfp_atan2    m_wv.l(atan2.o)
    0x0800fe38   0x0800fe38   0x00000066   Code   RO         2865    i.__hardfp_sqrt     m_wv.l(sqrt.o)
    0x0800fe9e   0x0800fe9e   0x00000070   Code   RO         2901    i.__kernel_poly     m_wv.l(poly.o)
    0x0800ff0e   0x0800ff0e   0x00000006   Code   RO         2880    i.__mathlib_dbl_infnan  m_wv.l(dunder.o)
    0x0800ff14   0x0800ff14   0x00000006   Code   RO         2881    i.__mathlib_dbl_infnan2  m_wv.l(dunder.o)
    0x0800ff1a   0x0800ff1a   0x00000006   PAD
    0x0800ff20   0x0800ff20   0x00000018   Code   RO         2885    i.__mathlib_dbl_underflow  m_wv.l(dunder.o)
    0x0800ff38   0x0800ff38   0x00000010   Code   RO         2854    i.atan              m_wv.l(atan.o)
    0x0800ff48   0x0800ff48   0x00000018   Code   RO         2895    i.fabs              m_wv.l(fabs.o)
    0x0800ff60   0x0800ff60   0x0000001a   Code   RO         3013    x$fpl$fpinit        fz_wv.l(fpinit.o)
    0x0800ff7a   0x0800ff7a   0x00000000   Code   RO         2878    x$fpl$usenofp       fz_wv.l(usenofp.o)
    0x0800ff7a   0x0800ff7a   0x00000006   PAD
    0x0800ff80   0x0800ff80   0x00000098   Data   RO         2855    .constdata          m_wv.l(atan.o)
    0x08010018   0x08010018   0x00000008   Data   RO         2903    .constdata          m_wv.l(qnan.o)
    0x08010020   0x08010020   0x0000004c   Data   RO         1724    .rodata..L__const.HAL_FDCAN_Init.CvtEltSize  stm32h7xx_hal_fdcan.o
    0x0801006c   0x0801006c   0x00000024   Data   RO          106    .rodata.Calculator_attributes  freertos.o
    0x08010090   0x08010090   0x00000010   Data   RO         2052    .rodata.D1CorePrescTable  system_stm32h7xx.o
    0x080100a0   0x080100a0   0x00000010   Data   RO         1725    .rodata.DLCtoBytes  stm32h7xx_hal_fdcan.o
    0x080100b0   0x080100b0   0x00000008   Data   RO          987    .rodata.DMA_CalcBaseAndBitshift.flagBitshiftOffset  stm32h7xx_hal_dma.o
    0x080100b8   0x080100b8   0x00000024   Data   RO          109    .rodata.Motor_Control_attributes  freertos.o
    0x080100dc   0x080100dc   0x00000024   Data   RO          115    .rodata.Sensor_attributes  freertos.o
    0x08010100   0x08010100   0x00000008   Data   RO         2038    .rodata.UARTEx_SetNbDataToProcess.denominator  stm32h7xx_hal_uart_ex.o
    0x08010108   0x08010108   0x00000008   Data   RO         2037    .rodata.UARTEx_SetNbDataToProcess.numerator  stm32h7xx_hal_uart_ex.o
    0x08010110   0x08010110   0x00000018   Data   RO         1993    .rodata.UARTPrescTable  stm32h7xx_hal_uart.o
    0x08010128   0x08010128   0x00000024   Data   RO          112    .rodata.USER_attributes  freertos.o
    0x0801014c   0x0801014c   0x00000024   Data   RO          103    .rodata.defaultTask_attributes  freertos.o
    0x08010170   0x08010170   0x00000031   Data   RO          100    .rodata.str1.1      freertos.o
    0x080101a1   0x080101a1   0x00000005   Data   RO         2537    .rodata.str1.1      tasks.o
    0x080101a6   0x080101a6   0x0000000d   Data   RO         2607    .rodata.str1.1      timers.o
    0x080101b3   0x080101b3   0x00000001   PAD
    0x080101b4   0x080101b4   0x00000020   Data   RO         3074    Region$$Table       anon$$obj.o


    Execution Region RW_IRAM1 (Exec base: 0x20000000, Load base: 0x080101d4, Size: 0x00000000, Max: 0x00020000, ABSOLUTE)

    **** No section assigned to this execution region ****


    Execution Region RW_IRAM2 (Exec base: 0x24000000, Load base: 0x080101d8, Size: 0x000098c0, Max: 0x00050000, ABSOLUTE)

    Exec Addr    Load Addr    Size         Type   Attr      Idx    E Section Name        Object

    0x24000000   0x080101d8   0x00000004   Data   RW           25    .data.BMI088_ACCEL_SEN  bmi088driver.o
    0x24000004   0x080101dc   0x00000004   Data   RW           26    .data.BMI088_GYRO_SEN  bmi088driver.o
    0x24000008   0x080101e0   0x00000004   Data   RW         2050    .data.SystemCoreClock  system_stm32h7xx.o
    0x2400000c   0x080101e4   0x00000004   Data   RW         2051    .data.SystemD2Clock  system_stm32h7xx.o
    0x24000010   0x080101e8   0x00000001   Data   RW         1302    .data.uwTickFreq    stm32h7xx_hal.o
    0x24000011   0x080101e9   0x00000003   PAD
    0x24000014   0x080101ec   0x00000004   Data   RW         1301    .data.uwTickPrio    stm32h7xx_hal.o
    0x24000018   0x080101f0   0x00000004   Data   RW         2191    .data.uxCriticalNesting  port.o
    0x2400001c   0x080101f4   0x00000012   Data   RW           27    .data.write_BMI088_accel_reg_data_error  bmi088driver.o
    0x2400002e   0x08010206   0x00000012   Data   RW           28    .data.write_BMI088_gyro_reg_data_error  bmi088driver.o
    0x24000040        -       0x00000060   Zero   RW         2927    .bss                c_w.l(libspace.o)
    0x240000a0        -       0x00000004   Zero   RW           30    .bss.BMI088_read.pitch  bmi088driver.o
    0x240000a4        -       0x00000004   Zero   RW           29    .bss.BMI088_read.roll  bmi088driver.o
    0x240000a8        -       0x00000004   Zero   RW           31    .bss.BMI088_read.yaw  bmi088driver.o
    0x240000ac        -       0x00000800   Zero   RW          105    .bss.CalculatorBuffer  freertos.o
    0x240008ac        -       0x0000005c   Zero   RW          104    .bss.CalculatorControlBlock  freertos.o
    0x24000908        -       0x00000004   Zero   RW          117    .bss.CalculatorHandle  freertos.o
    0x2400090c        -       0x00000004   Zero   RW          150    .bss.HAL_RCC_FDCAN_CLK_ENABLED  fdcan.o
    0x24000910        -       0x00000004   Zero   RW         2789    .bss.KernelState    cmsis_os2.o
    0x24000914        -       0x00000440   Zero   RW         2107    .bss.L_motor        dm_motor_ctrl.o
    0x24000d54        -       0x00000800   Zero   RW          108    .bss.Motor_ControlBuffer  freertos.o
    0x24001554        -       0x0000005c   Zero   RW          107    .bss.Motor_ControlControlBlock  freertos.o
    0x240015b0        -       0x00000004   Zero   RW          118    .bss.Motor_ControlHandle  freertos.o
    0x240015b4        -       0x00000440   Zero   RW         2108    .bss.R_motor        dm_motor_ctrl.o
    0x240019f4        -       0x00000800   Zero   RW          114    .bss.SensorBuffer   freertos.o
    0x240021f4        -       0x0000005c   Zero   RW          113    .bss.SensorControlBlock  freertos.o
    0x24002250        -       0x00000004   Zero   RW          120    .bss.SensorHandle   freertos.o
    0x24002254        -       0x00000200   Zero   RW          111    .bss.USERBuffer     freertos.o
    0x24002454        -       0x0000005c   Zero   RW          110    .bss.USERControlBlock  freertos.o
    0x240024b0        -       0x00000004   Zero   RW          119    .bss.USERHandle     freertos.o
    0x240024b4        -       0x0000000c   Zero   RW          122    .bss.accel          freertos.o
    0x240024c0        -       0x00000200   Zero   RW          102    .bss.defaultTaskBuffer  freertos.o
    0x240026c0        -       0x0000005c   Zero   RW          101    .bss.defaultTaskControlBlock  freertos.o
    0x2400271c        -       0x00000004   Zero   RW          116    .bss.defaultTaskHandle  freertos.o
    0x24002720        -       0x0000000c   Zero   RW          121    .bss.gyro           freertos.o
    0x2400272c        -       0x00000078   Zero   RW          166    .bss.hdma_spi2_rx   spi.o
    0x240027a4        -       0x00000078   Zero   RW          167    .bss.hdma_spi2_tx   spi.o
    0x2400281c        -       0x000000a0   Zero   RW          148    .bss.hfdcan1        fdcan.o
    0x240028bc        -       0x000000a0   Zero   RW          149    .bss.hfdcan2        fdcan.o
    0x2400295c        -       0x00000088   Zero   RW          165    .bss.hspi2          spi.o
    0x240029e4        -       0x0000004c   Zero   RW          263    .bss.htim1          stm32h7xx_hal_timebase_tim.o
    0x24002a30        -       0x0000004c   Zero   RW          183    .bss.htim3          tim.o
    0x24002a7c        -       0x0000004c   Zero   RW          184    .bss.htim4          tim.o
    0x24002ac8        -       0x00000094   Zero   RW          198    .bss.huart1         usart.o
    0x24002b5c        -       0x0000000c   Zero   RW          124    .bss.pose           freertos.o
    0x24002b68        -       0x000000a0   Zero   RW         2615    .bss.prvCheckForValidListAndQueue.ucStaticTimerQueueStorage  timers.o
    0x24002c08        -       0x00000050   Zero   RW         2614    .bss.prvCheckForValidListAndQueue.xStaticTimerQueue  timers.o
    0x24002c58        -       0x00000004   Zero   RW         2611    .bss.prvSampleTimeNow.xLastTime  timers.o
    0x24002c5c        -       0x00000004   Zero   RW         2523    .bss.pxCurrentTCB   tasks.o
    0x24002c60        -       0x00000004   Zero   RW         2609    .bss.pxCurrentTimerList  timers.o
    0x24002c64        -       0x00000004   Zero   RW         2531    .bss.pxDelayedTaskList  tasks.o
    0x24002c68        -       0x00000004   Zero   RW         2818    .bss.pxEnd          heap_4.o
    0x24002c6c        -       0x00000004   Zero   RW         2532    .bss.pxOverflowDelayedTaskList  tasks.o
    0x24002c70        -       0x00000004   Zero   RW         2610    .bss.pxOverflowTimerList  timers.o
    0x24002c74        -       0x00000460   Zero   RW         2534    .bss.pxReadyTasksLists  tasks.o
    0x240030d4        -       0x00000004   Zero   RW          123    .bss.temp           freertos.o
    0x240030d8        -       0x00003c00   Zero   RW         2825    .bss.ucHeap         heap_4.o
    0x24006cd8        -       0x00000001   Zero   RW         2189    .bss.ucMaxSysCallPriority  port.o
    0x24006cd9   0x08010218   0x00000003   PAD
    0x24006cdc        -       0x00000004   Zero   RW         2190    .bss.ulMaxPRIGROUPValue  port.o
    0x24006ce0        -       0x00000004   Zero   RW         1303    .bss.uwTick         stm32h7xx_hal.o
    0x24006ce4        -       0x00000004   Zero   RW         2527    .bss.uxCurrentNumberOfTasks  tasks.o
    0x24006ce8        -       0x00000004   Zero   RW         2526    .bss.uxDeletedTasksWaitingCleanUp  tasks.o
    0x24006cec        -       0x00000004   Zero   RW         2529    .bss.uxSchedulerSuspended  tasks.o
    0x24006cf0        -       0x00000004   Zero   RW         2524    .bss.uxTaskNumber   tasks.o
    0x24006cf4        -       0x00000004   Zero   RW         2535    .bss.uxTopReadyPriority  tasks.o
    0x24006cf8        -       0x00000200   Zero   RW         2792    .bss.vApplicationGetIdleTaskMemory.Idle_Stack  cmsis_os2.o
    0x24006ef8        -       0x0000005c   Zero   RW         2791    .bss.vApplicationGetIdleTaskMemory.Idle_TCB  cmsis_os2.o
    0x24006f54        -       0x00000400   Zero   RW         2794    .bss.vApplicationGetTimerTaskMemory.Timer_Stack  cmsis_os2.o
    0x24007354        -       0x0000005c   Zero   RW         2793    .bss.vApplicationGetTimerTaskMemory.Timer_TCB  cmsis_os2.o
    0x240073b0        -       0x00000014   Zero   RW         2612    .bss.xActiveTimerList1  timers.o
    0x240073c4        -       0x00000014   Zero   RW         2613    .bss.xActiveTimerList2  timers.o
    0x240073d8        -       0x00000004   Zero   RW         2819    .bss.xBlockAllocatedBit  heap_4.o
    0x240073dc        -       0x00000014   Zero   RW         2543    .bss.xDelayedTaskList1  tasks.o
    0x240073f0        -       0x00000014   Zero   RW         2544    .bss.xDelayedTaskList2  tasks.o
    0x24007404        -       0x00000004   Zero   RW         2820    .bss.xFreeBytesRemaining  heap_4.o
    0x24007408        -       0x00000004   Zero   RW         2538    .bss.xIdleTaskHandle  tasks.o
    0x2400740c        -       0x00000004   Zero   RW         2822    .bss.xMinimumEverFreeBytesRemaining  heap_4.o
    0x24007410        -       0x00000004   Zero   RW         2539    .bss.xNextTaskUnblockTime  tasks.o
    0x24007414        -       0x00000004   Zero   RW         2542    .bss.xNumOfOverflows  tasks.o
    0x24007418        -       0x00000004   Zero   RW         2823    .bss.xNumberOfSuccessfulAllocations  heap_4.o
    0x2400741c        -       0x00000004   Zero   RW         2824    .bss.xNumberOfSuccessfulFrees  heap_4.o
    0x24007420        -       0x00000004   Zero   RW         2541    .bss.xPendedTicks   tasks.o
    0x24007424        -       0x00000014   Zero   RW         2536    .bss.xPendingReadyList  tasks.o
    0x24007438        -       0x00000040   Zero   RW         2334    .bss.xQueueRegistry  queue.o
    0x24007478        -       0x00000004   Zero   RW         2528    .bss.xSchedulerRunning  tasks.o
    0x2400747c        -       0x00000008   Zero   RW         2821    .bss.xStart         heap_4.o
    0x24007484        -       0x00000014   Zero   RW         2533    .bss.xSuspendedTaskList  tasks.o
    0x24007498        -       0x00000014   Zero   RW         2525    .bss.xTasksWaitingTermination  tasks.o
    0x240074ac        -       0x00000004   Zero   RW         2530    .bss.xTickCount     tasks.o
    0x240074b0        -       0x00000004   Zero   RW         2606    .bss.xTimerQueue    timers.o
    0x240074b4        -       0x00000004   Zero   RW         2608    .bss.xTimerTaskHandle  timers.o
    0x240074b8        -       0x00000004   Zero   RW         2540    .bss.xYieldPending  tasks.o
    0x240074bc   0x08010218   0x00000004   PAD
    0x240074c0        -       0x00002000   Zero   RW            2    HEAP                startup_stm32h723xx.o
    0x240094c0        -       0x00000400   Zero   RW            1    STACK               startup_stm32h723xx.o


==============================================================================

Image component sizes


      Code (inc. data)   RO Data    RW Data    ZI Data      Debug   Object Name

      1622          8          0         44         12       3313   bmi088driver.o
       312          0          0          0          0       2432   bmi088middleware.o
      1098         12          0          0          0       7095   bsp_fdcan.o
       746          0          0          0       1724      36694   cmsis_os2.o
      1980        172          0          0       2176       5877   dm_motor_ctrl.o
       496          4          0          0          0      10682   dm_motor_drv.o
        78          0          0          0          0       5210   dma.o
       924          0          0          0        324      11454   fdcan.o
       512          4        229          0       7688       4827   freertos.o
       348          0          0          0          0       6010   gpio.o
      1104          0          0          0      15392       4387   heap_4.o
       296          0          0          0          0       2186   list.o
       314          0          0          0          0       5794   main.o
      1072         16          0          4          5       3704   port.o
      2672          0          0          0         64      17271   queue.o
       578          0          0          0        376      11445   spi.o
        64         26        716          0       9216        840   startup_stm32h723xx.o
       190          0          0          5          4      14691   stm32h7xx_hal.o
       456          0          0          0          0      11506   stm32h7xx_hal_cortex.o
     10024          8          8          0          0      12460   stm32h7xx_hal_dma.o
      5668          0         92          0          0      33518   stm32h7xx_hal_fdcan.o
      1598          0          0          0          0       7004   stm32h7xx_hal_gpio.o
        50          0          0          0          0       5239   stm32h7xx_hal_msp.o
       162          0          0          0          0       9358   stm32h7xx_hal_pwr_ex.o
      4850         66          0          0          0      11405   stm32h7xx_hal_rcc.o
      6398         96          0          0          0      18720   stm32h7xx_hal_rcc_ex.o
      3874          0          0          0          0      20788   stm32h7xx_hal_spi.o
      2266          0          0          0          0      37590   stm32h7xx_hal_tim.o
       404          0          0          0          0      18122   stm32h7xx_hal_tim_ex.o
       198          0          0          0         76       9524   stm32h7xx_hal_timebase_tim.o
      3888        342         24          0          0      29410   stm32h7xx_hal_uart.o
       538          0         16          0          0       8871   stm32h7xx_hal_uart_ex.o
       230          0          0          0          0       2097   stm32h7xx_it.o
       314          0         16          8          0       5190   system_stm32h7xx.o
      3990          0          5          0       1280      24123   tasks.o
       416          0          0          0        152       9797   tim.o
      1720         10         13          0        300      11549   timers.o
       310          0          0          0        148       7973   usart.o

    ----------------------------------------------------------------------
     62500        784       1152         64      38944     448156   Object Totals
         0          0         32          0          0          0   (incl. Generated)
       740         20          1          3          7          0   (incl. Padding)

    ----------------------------------------------------------------------

      Code (inc. data)   RO Data    RW Data    ZI Data      Debug   Library Member Name

         8          0          0          0          0         68   __main.o
         0          0          0          0          0          0   __rtentry.o
        12          0          0          0          0          0   __rtentry2.o
         6          0          0          0          0          0   __rtentry4.o
        52          8          0          0          0          0   __scatter.o
        26          0          0          0          0          0   __scatter_copy.o
        28          0          0          0          0          0   __scatter_zi.o
        22          0          0          0          0        100   _rserrno.o
        16          0          0          0          0         68   aeabi_memset4.o
        18          0          0          0          0         80   exit.o
         6          0          0          0          0        152   heapauxi.o
         0          0          0          0          0          0   indicate_semi.o
         2          0          0          0          0          0   libinit.o
         6          0          0          0          0          0   libinit2.o
         2          0          0          0          0          0   libshutdown.o
         2          0          0          0          0          0   libshutdown2.o
         8          4          0          0         96         68   libspace.o
       240          0          0          0          0        100   lludivv7m.o
         8          4          0          0          0         68   rt_errno_addr_intlibspace.o
        78          0          0          0          0         80   rt_memclr_w.o
       138          0          0          0          0         68   rt_memcpy_v6.o
       100          0          0          0          0         80   rt_memcpy_w.o
         2          0          0          0          0          0   rtexit.o
        10          0          0          0          0          0   rtexit2.o
        12          4          0          0          0         68   sys_exit.o
        74          0          0          0          0         80   sys_stackheap_outer.o
         2          0          0          0          0         68   use_no_semi.o
        26          0          0          0          0        116   fpinit.o
         0          0          0          0          0          0   usenofp.o
       484         66        152          0          0        348   atan.o
       456         64          0          0          0        180   atan2.o
        36         14          0          0          0        348   dunder.o
        24          0          0          0          0        124   fabs.o
        48          0          0          0          0        124   fpclassify.o
       112          0          0          0          0        116   poly.o
         0          0          8          0          0          0   qnan.o
       102          0          0          0          0        140   sqrt.o

    ----------------------------------------------------------------------
      2192        168        160          0         96       2644   Library Totals
        26          4          0          0          0          0   (incl. Padding)

    ----------------------------------------------------------------------

      Code (inc. data)   RO Data    RW Data    ZI Data      Debug   Library Name

       878         20          0          0         96       1148   c_w.l
        26          0          0          0          0        116   fz_wv.l
      1262        144        160          0          0       1380   m_wv.l

    ----------------------------------------------------------------------
      2192        168        160          0         96       2644   Library Totals

    ----------------------------------------------------------------------

==============================================================================


      Code (inc. data)   RO Data    RW Data    ZI Data      Debug   

     64692        952       1312         64      39040     448804   Grand Totals
     64692        952       1312         64      39040     448804   ELF Image Totals
     64692        952       1312         64          0          0   ROM Totals

==============================================================================

    Total RO  Size (Code + RO Data)                66004 (  64.46kB)
    Total RW  Size (RW Data + ZI Data)             39104 (  38.19kB)
    Total ROM Size (Code + RO Data + RW Data)      66068 (  64.52kB)

==============================================================================

