Component: ARM Compiler 6.16 Tool: armlink [5dfeaa00]

==============================================================================

Section Cross References

    startup_stm32h723xx.o(STACK) refers (Special) to heapauxi.o(.text) for __use_two_region_memory
    startup_stm32h723xx.o(HEAP) refers (Special) to heapauxi.o(.text) for __use_two_region_memory
    startup_stm32h723xx.o(RESET) refers (Special) to heapauxi.o(.text) for __use_two_region_memory
    startup_stm32h723xx.o(RESET) refers to startup_stm32h723xx.o(STACK) for __initial_sp
    startup_stm32h723xx.o(RESET) refers to startup_stm32h723xx.o(.text) for Reset_Handler
    startup_stm32h723xx.o(RESET) refers to stm32h7xx_it.o(.text.NMI_Handler) for NMI_Handler
    startup_stm32h723xx.o(RESET) refers to stm32h7xx_it.o(.text.HardFault_Handler) for HardFault_Handler
    startup_stm32h723xx.o(RESET) refers to stm32h7xx_it.o(.text.MemManage_Handler) for MemManage_Handler
    startup_stm32h723xx.o(RESET) refers to stm32h7xx_it.o(.text.BusFault_Handler) for BusFault_Handler
    startup_stm32h723xx.o(RESET) refers to stm32h7xx_it.o(.text.UsageFault_Handler) for UsageFault_Handler
    startup_stm32h723xx.o(RESET) refers to port.o(.text.SVC_Handler) for SVC_Handler
    startup_stm32h723xx.o(RESET) refers to stm32h7xx_it.o(.text.DebugMon_Handler) for DebugMon_Handler
    startup_stm32h723xx.o(RESET) refers to port.o(.text.PendSV_Handler) for PendSV_Handler
    startup_stm32h723xx.o(RESET) refers to cmsis_os2.o(.text.SysTick_Handler) for SysTick_Handler
    startup_stm32h723xx.o(RESET) refers to stm32h7xx_it.o(.text.FDCAN1_IT0_IRQHandler) for FDCAN1_IT0_IRQHandler
    startup_stm32h723xx.o(RESET) refers to stm32h7xx_it.o(.text.FDCAN2_IT0_IRQHandler) for FDCAN2_IT0_IRQHandler
    startup_stm32h723xx.o(RESET) refers to stm32h7xx_it.o(.text.FDCAN1_IT1_IRQHandler) for FDCAN1_IT1_IRQHandler
    startup_stm32h723xx.o(RESET) refers to stm32h7xx_it.o(.text.FDCAN2_IT1_IRQHandler) for FDCAN2_IT1_IRQHandler
    startup_stm32h723xx.o(RESET) refers to stm32h7xx_it.o(.text.TIM3_IRQHandler) for TIM3_IRQHandler
    startup_stm32h723xx.o(RESET) refers to stm32h7xx_it.o(.text.TIM4_IRQHandler) for TIM4_IRQHandler
    startup_stm32h723xx.o(RESET) refers to stm32h7xx_it.o(.text.TIM7_IRQHandler) for TIM7_IRQHandler
    startup_stm32h723xx.o(RESET) refers to stm32h7xx_it.o(.text.FDCAN_CAL_IRQHandler) for FDCAN_CAL_IRQHandler
    startup_stm32h723xx.o(.text) refers (Special) to heapauxi.o(.text) for __use_two_region_memory
    startup_stm32h723xx.o(.text) refers to system_stm32h7xx.o(.text.SystemInit) for SystemInit
    startup_stm32h723xx.o(.text) refers to __main.o(!!!main) for __main
    startup_stm32h723xx.o(.text) refers to startup_stm32h723xx.o(HEAP) for Heap_Mem
    startup_stm32h723xx.o(.text) refers to startup_stm32h723xx.o(STACK) for Stack_Mem
    main.o(.text.main) refers to stm32h7xx_hal.o(.text.HAL_Init) for HAL_Init
    main.o(.text.main) refers to main.o(.text.SystemClock_Config) for SystemClock_Config
    main.o(.text.main) refers to gpio.o(.text.MX_GPIO_Init) for MX_GPIO_Init
    main.o(.text.main) refers to fdcan.o(.text.MX_FDCAN1_Init) for MX_FDCAN1_Init
    main.o(.text.main) refers to tim.o(.text.MX_TIM3_Init) for MX_TIM3_Init
    main.o(.text.main) refers to usart.o(.text.MX_USART1_UART_Init) for MX_USART1_UART_Init
    main.o(.text.main) refers to tim.o(.text.MX_TIM4_Init) for MX_TIM4_Init
    main.o(.text.main) refers to fdcan.o(.text.MX_FDCAN2_Init) for MX_FDCAN2_Init
    main.o(.text.main) refers to tim.o(.bss.htim3) for htim3
    main.o(.text.main) refers to stm32h7xx_hal_tim.o(.text.HAL_TIM_Base_Start_IT) for HAL_TIM_Base_Start_IT
    main.o(.text.main) refers to stm32h7xx_hal_gpio.o(.text.HAL_GPIO_WritePin) for HAL_GPIO_WritePin
    main.o(.text.main) refers to stm32h7xx_hal.o(.text.HAL_Delay) for HAL_Delay
    main.o(.text.main) refers to fdcan.o(.bss.hfdcan1) for hfdcan1
    main.o(.text.main) refers to bsp_fdcan.o(.text.bsp_fdcan_set_baud) for bsp_fdcan_set_baud
    main.o(.text.main) refers to fdcan.o(.bss.hfdcan2) for hfdcan2
    main.o(.text.main) refers to bsp_fdcan.o(.text.bsp_can_init) for bsp_can_init
    main.o(.text.main) refers to dm_motor_ctrl.o(.text.dm_motor_init) for dm_motor_init
    main.o(.text.main) refers to cmsis_os2.o(.text.osKernelInitialize) for osKernelInitialize
    main.o(.text.main) refers to freertos.o(.text.MX_FREERTOS_Init) for MX_FREERTOS_Init
    main.o(.text.main) refers to cmsis_os2.o(.text.osKernelStart) for osKernelStart
    main.o(.ARM.exidx.text.main) refers to main.o(.text.main) for [Anonymous Symbol]
    main.o(.text.SystemClock_Config) refers to stm32h7xx_hal_pwr_ex.o(.text.HAL_PWREx_ConfigSupply) for HAL_PWREx_ConfigSupply
    main.o(.text.SystemClock_Config) refers to stm32h7xx_hal_rcc.o(.text.HAL_RCC_OscConfig) for HAL_RCC_OscConfig
    main.o(.text.SystemClock_Config) refers to stm32h7xx_hal_rcc.o(.text.HAL_RCC_ClockConfig) for HAL_RCC_ClockConfig
[...]
    __Vectors_End                            0x080002cc   Data           0  startup_stm32h723xx.o(RESET)
    __main                                   0x080002cd   Thumb Code     8  __main.o(!!!main)
    __scatterload                            0x080002d5   Thumb Code     0  __scatter.o(!!!scatter)
    __scatterload_rt2                        0x080002d5   Thumb Code    44  __scatter.o(!!!scatter)
    __scatterload_rt2_thumb_only             0x080002d5   Thumb Code     0  __scatter.o(!!!scatter)
    __scatterload_null                       0x080002e3   Thumb Code     0  __scatter.o(!!!scatter)
    __scatterload_copy                       0x08000309   Thumb Code    26  __scatter_copy.o(!!handler_copy)
    __scatterload_zeroinit                   0x08000325   Thumb Code    28  __scatter_zi.o(!!handler_zi)
    __rt_lib_init                            0x08000341   Thumb Code     0  libinit.o(.ARM.Collect$$libinit$$00000000)
    __rt_lib_init_fp_1                       0x08000343   Thumb Code     0  libinit2.o(.ARM.Collect$$libinit$$00000001)
    __rt_lib_init_alloca_1                   0x08000347   Thumb Code     0  libinit2.o(.ARM.Collect$$libinit$$0000002E)
    __rt_lib_init_argv_1                     0x08000347   Thumb Code     0  libinit2.o(.ARM.Collect$$libinit$$0000002C)
    __rt_lib_init_atexit_1                   0x08000347   Thumb Code     0  libinit2.o(.ARM.Collect$$libinit$$0000001B)
    __rt_lib_init_clock_1                    0x08000347   Thumb Code     0  libinit2.o(.ARM.Collect$$libinit$$00000021)
    __rt_lib_init_cpp_1                      0x08000347   Thumb Code     0  libinit2.o(.ARM.Collect$$libinit$$00000032)
    __rt_lib_init_exceptions_1               0x08000347   Thumb Code     0  libinit2.o(.ARM.Collect$$libinit$$00000030)
    __rt_lib_init_fp_trap_1                  0x08000347   Thumb Code     0  libinit2.o(.ARM.Collect$$libinit$$0000001F)
    __rt_lib_init_getenv_1                   0x08000347   Thumb Code     0  libinit2.o(.ARM.Collect$$libinit$$00000023)
    __rt_lib_init_heap_1                     0x08000347   Thumb Code     0  libinit2.o(.ARM.Collect$$libinit$$0000000A)
    __rt_lib_init_lc_collate_1               0x08000347   Thumb Code     0  libinit2.o(.ARM.Collect$$libinit$$00000011)
    __rt_lib_init_lc_ctype_1                 0x08000347   Thumb Code     0  libinit2.o(.ARM.Collect$$libinit$$00000013)
    __rt_lib_init_lc_monetary_1              0x08000347   Thumb Code     0  libinit2.o(.ARM.Collect$$libinit$$00000015)
    __rt_lib_init_lc_numeric_1               0x08000347   Thumb Code     0  libinit2.o(.ARM.Collect$$libinit$$00000017)
    __rt_lib_init_lc_time_1                  0x08000347   Thumb Code     0  libinit2.o(.ARM.Collect$$libinit$$00000019)
    __rt_lib_init_preinit_1                  0x08000347   Thumb Code     0  libinit2.o(.ARM.Collect$$libinit$$00000004)
    __rt_lib_init_rand_1                     0x08000347   Thumb Code     0  libinit2.o(.ARM.Collect$$libinit$$0000000E)
    __rt_lib_init_return                     0x08000347   Thumb Code     0  libinit2.o(.ARM.Collect$$libinit$$00000033)
    __rt_lib_init_signal_1                   0x08000347   Thumb Code     0  libinit2.o(.ARM.Collect$$libinit$$0000001D)
    __rt_lib_init_stdio_1                    0x08000347   Thumb Code     0  libinit2.o(.ARM.Collect$$libinit$$00000025)
    __rt_lib_init_user_alloc_1               0x08000347   Thumb Code     0  libinit2.o(.ARM.Collect$$libinit$$0000000C)
    __rt_lib_shutdown                        0x08000349   Thumb Code     0  libshutdown.o(.ARM.Collect$$libshutdown$$00000000)
    __rt_lib_shutdown_cpp_1                  0x0800034b   Thumb Code     0  libshutdown2.o(.ARM.Collect$$libshutdown$$00000002)
    __rt_lib_shutdown_fp_trap_1              0x0800034b   Thumb Code     0  libshutdown2.o(.ARM.Collect$$libshutdown$$00000007)
    __rt_lib_shutdown_heap_1                 0x0800034b   Thumb Code     0  libshutdown2.o(.ARM.Collect$$libshutdown$$0000000F)
    __rt_lib_shutdown_return                 0x0800034b   Thumb Code     0  libshutdown2.o(.ARM.Collect$$libshutdown$$00000010)
    __rt_lib_shutdown_signal_1               0x0800034b   Thumb Code     0  libshutdown2.o(.ARM.Collect$$libshutdown$$0000000A)
    __rt_lib_shutdown_stdio_1                0x0800034b   Thumb Code     0  libshutdown2.o(.ARM.Collect$$libshutdown$$00000004)
    __rt_lib_shutdown_user_alloc_1           0x0800034b   Thumb Code     0  libshutdown2.o(.ARM.Collect$$libshutdown$$0000000C)
    __rt_entry                               0x0800034d   Thumb Code     0  __rtentry.o(.ARM.Collect$$rtentry$$00000000)
    __rt_entry_presh_1                       0x0800034d   Thumb Code     0  __rtentry2.o(.ARM.Collect$$rtentry$$00000002)
    __rt_entry_sh                            0x0800034d   Thumb Code     0  __rtentry4.o(.ARM.Collect$$rtentry$$00000004)
    __rt_entry_li                            0x08000353   Thumb Code     0  __rtentry2.o(.ARM.Collect$$rtentry$$0000000A)
    __rt_entry_postsh_1                      0x08000353   Thumb Code     0  __rtentry2.o(.ARM.Collect$$rtentry$$00000009)
    __rt_entry_main                          0x08000357   Thumb Code     0  __rtentry2.o(.ARM.Collect$$rtentry$$0000000D)
    __rt_entry_postli_1                      0x08000357   Thumb Code     0  __rtentry2.o(.ARM.Collect$$rtentry$$0000000C)
    __rt_exit                                0x0800035f   Thumb Code     0  rtexit.o(.ARM.Collect$$rtexit$$00000000)
    __rt_exit_ls                             0x08000361   Thumb Code     0  rtexit2.o(.ARM.Collect$$rtexit$$00000003)
    __rt_exit_prels_1                        0x08000361   Thumb Code     0  rtexit2.o(.ARM.Collect$$rtexit$$00000002)
    __rt_exit_exit                           0x08000365   Thumb Code     0  rtexit2.o(.ARM.Collect$$rtexit$$00000004)
    Reset_Handler                            0x0800036d   Thumb Code     8  startup_stm32h723xx.o(.text)
    ADC3_IRQHandler                          0x08000387   Thumb Code     0  startup_stm32h723xx.o(.text)
    ADC_IRQHandler                           0x08000387   Thumb Code     0  startup_stm32h723xx.o(.text)
    BDMA_Channel0_IRQHandler                 0x08000387   Thumb Code     0  startup_stm32h723xx.o(.text)
    BDMA_Channel1_IRQHandler                 0x08000387   Thumb Code     0  startup_stm32h723xx.o(.text)
    BDMA_Channel2_IRQHandler                 0x08000387   Thumb Code     0  startup_stm32h723xx.o(.text)
    BDMA_Channel3_IRQHandler                 0x08000387   Thumb Code     0  startup_stm32h723xx.o(.text)
    BDMA_Channel4_IRQHandler                 0x08000387   Thumb Code     0  startup_stm32h723xx.o(.text)
    BDMA_Channel5_IRQHandler                 0x08000387   Thumb Code     0  startup_stm32h723xx.o(.text)
    BDMA_Channel6_IRQHandler                 0x08000387   Thumb Code     0  startup_stm32h723xx.o(.text)
    BDMA_Channel7_IRQHandler                 0x08000387   Thumb Code     0  startup_stm32h723xx.o(.text)
    CEC_IRQHandler                           0x08000387   Thumb Code     0  startup_stm32h723xx.o(.text)
    COMP1_IRQHandler                         0x08000387   Thumb Code     0  startup_stm32h723xx.o(.text)
    CORDIC_IRQHandler                        0x08000387   Thumb Code     0  startup_stm32h723xx.o(.text)
    CRS_IRQHandler                           0x08000387   Thumb Code     0  startup_stm32h723xx.o(.text)
    DCMI_PSSI_IRQHandler                     0x08000387   Thumb Code     0  startup_stm32h723xx.o(.text)
    DFSDM1_FLT0_IRQHandler                   0x08000387   Thumb Code     0  startup_stm32h723xx.o(.text)
    DFSDM1_FLT1_IRQHandler                   0x08000387   Thumb Code     0  startup_stm32h723xx.o(.text)
    DFSDM1_FLT2_IRQHandler                   0x08000387   Thumb Code     0  startup_stm32h723xx.o(.text)
    DFSDM1_FLT3_IRQHandler                   0x08000387   Thumb Code     0  startup_stm32h723xx.o(.text)
    DMA1_Stream0_IRQHandler                  0x08000387   Thumb Code     0  startup_stm32h723xx.o(.text)
    DMA1_Stream1_IRQHandler                  0x08000387   Thumb Code     0  startup_stm32h723xx.o(.text)
    DMA1_Stream2_IRQHandler                  0x08000387   Thumb Code     0  startup_stm32h723xx.o(.text)
    DMA1_Stream3_IRQHandler                  0x08000387   Thumb Code     0  startup_stm32h723xx.o(.text)
    DMA1_Stream4_IRQHandler                  0x08000387   Thumb Code     0  startup_stm32h723xx.o(.text)
    DMA1_Stream5_IRQHandler                  0x08000387   Thumb Code     0  startup_stm32h723xx.o(.text)
    DMA1_Stream6_IRQHandler                  0x08000387   Thumb Code     0  startup_stm32h723xx.o(.text)
    DMA1_Stream7_IRQHandler                  0x08000387   Thumb Code     0  startup_stm32h723xx.o(.text)
    DMA2D_IRQHandler                         0x08000387   Thumb Code     0  startup_stm32h723xx.o(.text)
    DMA2_Stream0_IRQHandler                  0x08000387   Thumb Code     0  startup_stm32h723xx.o(.text)
    DMA2_Stream1_IRQHandler                  0x08000387   Thumb Code     0  startup_stm32h723xx.o(.text)
    DMA2_Stream2_IRQHandler                  0x08000387   Thumb Code     0  startup_stm32h723xx.o(.text)
    DMA2_Stream3_IRQHandler                  0x08000387   Thumb Code     0  startup_stm32h723xx.o(.text)
    DMA2_Stream4_IRQHandler                  0x08000387   Thumb Code     0  startup_stm32h723xx.o(.text)
    DMA2_Stream5_IRQHandler                  0x08000387   Thumb Code     0  startup_stm32h723xx.o(.text)
    DMA2_Stream6_IRQHandler                  0x08000387   Thumb Code     0  startup_stm32h723xx.o(.text)
    DMA2_Stream7_IRQHandler                  0x08000387   Thumb Code     0  startup_stm32h723xx.o(.text)
    DMAMUX1_OVR_IRQHandler                   0x08000387   Thumb Code     0  startup_stm32h723xx.o(.text)
    DMAMUX2_OVR_IRQHandler                   0x08000387   Thumb Code     0  startup_stm32h723xx.o(.text)
    DTS_IRQHandler                           0x08000387   Thumb Code     0  startup_stm32h723xx.o(.text)
    ECC_IRQHandler                           0x08000387   Thumb Code     0  startup_stm32h723xx.o(.text)
    ETH_IRQHandler                           0x08000387   Thumb Code     0  startup_stm32h723xx.o(.text)
    ETH_WKUP_IRQHandler                      0x08000387   Thumb Code     0  startup_stm32h723xx.o(.text)
    EXTI0_IRQHandler                         0x08000387   Thumb Code     0  startup_stm32h723xx.o(.text)
    EXTI15_10_IRQHandler                     0x08000387   Thumb Code     0  startup_stm32h723xx.o(.text)
    EXTI1_IRQHandler                         0x08000387   Thumb Code     0  startup_stm32h723xx.o(.text)
    EXTI2_IRQHandler                         0x08000387   Thumb Code     0  startup_stm32h723xx.o(.text)
    EXTI3_IRQHandler                         0x08000387   Thumb Code     0  startup_stm32h723xx.o(.text)
    EXTI4_IRQHandler                         0x08000387   Thumb Code     0  startup_stm32h723xx.o(.text)
    EXTI9_5_IRQHandler                       0x08000387   Thumb Code     0  startup_stm32h723xx.o(.text)
    FDCAN3_IT0_IRQHandler                    0x08000387   Thumb Code     0  startup_stm32h723xx.o(.text)
    FDCAN3_IT1_IRQHandler                    0x08000387   Thumb Code     0  startup_stm32h723xx.o(.text)
    FLASH_IRQHandler                         0x08000387   Thumb Code     0  startup_stm32h723xx.o(.text)
    FMAC_IRQHandler                          0x08000387   Thumb Code     0  startup_stm32h723xx.o(.text)
    FMC_IRQHandler                           0x08000387   Thumb Code     0  startup_stm32h723xx.o(.text)
    FPU_IRQHandler                           0x08000387   Thumb Code     0  startup_stm32h723xx.o(.text)
    HSEM1_IRQHandler                         0x08000387   Thumb Code     0  startup_stm32h723xx.o(.text)
    I2C1_ER_IRQHandler                       0x08000387   Thumb Code     0  startup_stm32h723xx.o(.text)
    I2C1_EV_IRQHandler                       0x08000387   Thumb Code     0  startup_stm32h723xx.o(.text)
    I2C2_ER_IRQHandler                       0x08000387   Thumb Code     0  startup_stm32h723xx.o(.text)
    I2C2_EV_IRQHandler                       0x08000387   Thumb Code     0  startup_stm32h723xx.o(.text)
    I2C3_ER_IRQHandler                       0x08000387   Thumb Code     0  startup_stm32h723xx.o(.text)
    I2C3_EV_IRQHandler                       0x08000387   Thumb Code     0  startup_stm32h723xx.o(.text)
    I2C4_ER_IRQHandler                       0x08000387   Thumb Code     0  startup_stm32h723xx.o(.text)
    I2C4_EV_IRQHandler                       0x08000387   Thumb Code     0  startup_stm32h723xx.o(.text)
    I2C5_ER_IRQHandler                       0x08000387   Thumb Code     0  startup_stm32h723xx.o(.text)
    I2C5_EV_IRQHandler                       0x08000387   Thumb Code     0  startup_stm32h723xx.o(.text)
    LPTIM1_IRQHandler                        0x08000387   Thumb Code     0  startup_stm32h723xx.o(.text)
    LPTIM2_IRQHandler                        0x08000387   Thumb Code     0  startup_stm32h723xx.o(.text)
    LPTIM3_IRQHandler                        0x08000387   Thumb Code     0  startup_stm32h723xx.o(.text)
    LPTIM4_IRQHandler                        0x08000387   Thumb Code     0  startup_stm32h723xx.o(.text)
    LPTIM5_IRQHandler                        0x08000387   Thumb Code     0  startup_stm32h723xx.o(.text)
    LPUART1_IRQHandler                       0x08000387   Thumb Code     0  startup_stm32h723xx.o(.text)
    LTDC_ER_IRQHandler                       0x08000387   Thumb Code     0  startup_stm32h723xx.o(.text)
    LTDC_IRQHandler                          0x08000387   Thumb Code     0  startup_stm32h723xx.o(.text)
    MDIOS_IRQHandler                         0x08000387   Thumb Code     0  startup_stm32h723xx.o(.text)
    MDIOS_WKUP_IRQHandler                    0x08000387   Thumb Code     0  startup_stm32h723xx.o(.text)
    MDMA_IRQHandler                          0x08000387   Thumb Code     0  startup_stm32h723xx.o(.text)
    OCTOSPI1_IRQHandler                      0x08000387   Thumb Code     0  startup_stm32h723xx.o(.text)
    OCTOSPI2_IRQHandler                      0x08000387   Thumb Code     0  startup_stm32h723xx.o(.text)
    OTG_HS_EP1_IN_IRQHandler                 0x08000387   Thumb Code     0  startup_stm32h723xx.o(.text)
    OTG_HS_EP1_OUT_IRQHandler                0x08000387   Thumb Code     0  startup_stm32h723xx.o(.text)
    OTG_HS_IRQHandler                        0x08000387   Thumb Code     0  startup_stm32h723xx.o(.text)
    OTG_HS_WKUP_IRQHandler                   0x08000387   Thumb Code     0  startup_stm32h723xx.o(.text)
    PVD_AVD_IRQHandler                       0x08000387   Thumb Code     0  startup_stm32h723xx.o(.text)
    RCC_IRQHandler                           0x08000387   Thumb Code     0  startup_stm32h723xx.o(.text)
    RNG_IRQHandler                           0x08000387   Thumb Code     0  startup_stm32h723xx.o(.text)
    RTC_Alarm_IRQHandler                     0x08000387   Thumb Code     0  startup_stm32h723xx.o(.text)
    RTC_WKUP_IRQHandler                      0x08000387   Thumb Code     0  startup_stm32h723xx.o(.text)
    SAI1_IRQHandler                          0x08000387   Thumb Code     0  startup_stm32h723xx.o(.text)
    SAI4_IRQHandler                          0x08000387   Thumb Code     0  startup_stm32h723xx.o(.text)
    SDMMC1_IRQHandler                        0x08000387   Thumb Code     0  startup_stm32h723xx.o(.text)
    SDMMC2_IRQHandler                        0x08000387   Thumb Code     0  startup_stm32h723xx.o(.text)
    SPDIF_RX_IRQHandler                      0x08000387   Thumb Code     0  startup_stm32h723xx.o(.text)
    SPI1_IRQHandler                          0x08000387   Thumb Code     0  startup_stm32h723xx.o(.text)
    SPI2_IRQHandler                          0x08000387   Thumb Code     0  startup_stm32h723xx.o(.text)
    SPI3_IRQHandler                          0x08000387   Thumb Code     0  startup_stm32h723xx.o(.text)
    SPI4_IRQHandler                          0x08000387   Thumb Code     0  startup_stm32h723xx.o(.text)
    SPI5_IRQHandler                          0x08000387   Thumb Code     0  startup_stm32h723xx.o(.text)
    SPI6_IRQHandler                          0x08000387   Thumb Code     0  startup_stm32h723xx.o(.text)
    SWPMI1_IRQHandler                        0x08000387   Thumb Code     0  startup_stm32h723xx.o(.text)
    TAMP_STAMP_IRQHandler                    0x08000387   Thumb Code     0  startup_stm32h723xx.o(.text)
    TIM15_IRQHandler                         0x08000387   Thumb Code     0  startup_stm32h723xx.o(.text)
    TIM16_IRQHandler                         0x08000387   Thumb Code     0  startup_stm32h723xx.o(.text)
    TIM17_IRQHandler                         0x08000387   Thumb Code     0  startup_stm32h723xx.o(.text)
    TIM1_BRK_IRQHandler                      0x08000387   Thumb Code     0  startup_stm32h723xx.o(.text)
    TIM1_CC_IRQHandler                       0x08000387   Thumb Code     0  startup_stm32h723xx.o(.text)
    TIM1_TRG_COM_IRQHandler                  0x08000387   Thumb Code     0  startup_stm32h723xx.o(.text)
    TIM1_UP_IRQHandler                       0x08000387   Thumb Code     0  startup_stm32h723xx.o(.text)
    TIM23_IRQHandler                         0x08000387   Thumb Code     0  startup_stm32h723xx.o(.text)
    TIM24_IRQHandler                         0x08000387   Thumb Code     0  startup_stm32h723xx.o(.text)
    TIM2_IRQHandler                          0x08000387   Thumb Code     0  startup_stm32h723xx.o(.text)
    TIM5_IRQHandler                          0x08000387   Thumb Code     0  startup_stm32h723xx.o(.text)
    TIM6_DAC_IRQHandler                      0x08000387   Thumb Code     0  startup_stm32h723xx.o(.text)
    TIM8_BRK_TIM12_IRQHandler                0x08000387   Thumb Code     0  startup_stm32h723xx.o(.text)
    TIM8_CC_IRQHandler                       0x08000387   Thumb Code     0  startup_stm32h723xx.o(.text)
    TIM8_TRG_COM_TIM14_IRQHandler            0x08000387   Thumb Code     0  startup_stm32h723xx.o(.text)
    TIM8_UP_TIM13_IRQHandler                 0x08000387   Thumb Code     0  startup_stm32h723xx.o(.text)
    UART4_IRQHandler                         0x08000387   Thumb Code     0  startup_stm32h723xx.o(.text)
    UART5_IRQHandler                         0x08000387   Thumb Code     0  startup_stm32h723xx.o(.text)
    UART7_IRQHandler                         0x08000387   Thumb Code     0  startup_stm32h723xx.o(.text)
    UART8_IRQHandler                         0x08000387   Thumb Code     0  startup_stm32h723xx.o(.text)
    UART9_IRQHandler                         0x08000387   Thumb Code     0  startup_stm32h723xx.o(.text)
    USART10_IRQHandler                       0x08000387   Thumb Code     0  startup_stm32h723xx.o(.text)
    USART1_IRQHandler                        0x08000387   Thumb Code     0  startup_stm32h723xx.o(.text)
    USART2_IRQHandler                        0x08000387   Thumb Code     0  startup_stm32h723xx.o(.text)
    USART3_IRQHandler                        0x08000387   Thumb Code     0  startup_stm32h723xx.o(.text)
    USART6_IRQHandler                        0x08000387   Thumb Code     0  startup_stm32h723xx.o(.text)
    WAKEUP_PIN_IRQHandler                    0x08000387   Thumb Code     0  startup_stm32h723xx.o(.text)
    WWDG_IRQHandler                          0x08000387   Thumb Code     0  startup_stm32h723xx.o(.text)
    __user_initial_stackheap                 0x08000389   Thumb Code     0  startup_stm32h723xx.o(.text)
    __aeabi_uldivmod                         0x080003ad   Thumb Code     0  lludivv7m.o(.text)
    _ll_udiv                                 0x080003ad   Thumb Code   240  lludivv7m.o(.text)
    __aeabi_memcpy                           0x0800049d   Thumb Code     0  rt_memcpy_v6.o(.text)
    __rt_memcpy                              0x0800049d   Thumb Code   138  rt_memcpy_v6.o(.text)
    _memcpy_lastbytes                        0x08000503   Thumb Code     0  rt_memcpy_v6.o(.text)
    __aeabi_memset4                          0x08000527   Thumb Code    16  aeabi_memset4.o(.text)
    __aeabi_memset8                          0x08000527   Thumb Code     0  aeabi_memset4.o(.text)
    __aeabi_memclr4                          0x08000537   Thumb Code     0  rt_memclr_w.o(.text)
    __aeabi_memclr8                          0x08000537   Thumb Code     0  rt_memclr_w.o(.text)
    __rt_memclr_w                            0x08000537   Thumb Code     0  rt_memclr_w.o(.text)
    _memset_w                                0x0800053b   Thumb Code    74  rt_memclr_w.o(.text)
    __use_two_region_memory                  0x08000585   Thumb Code     2  heapauxi.o(.text)
    __rt_heap_escrow$2region                 0x08000587   Thumb Code     2  heapauxi.o(.text)
    __rt_heap_expand$2region                 0x08000589   Thumb Code     2  heapauxi.o(.text)
    __aeabi_memcpy4                          0x0800058b   Thumb Code     0  rt_memcpy_w.o(.text)
    __aeabi_memcpy8                          0x0800058b   Thumb Code     0  rt_memcpy_w.o(.text)
    __rt_memcpy_w                            0x0800058b   Thumb Code   100  rt_memcpy_w.o(.text)
    _memcpy_lastbytes_aligned                0x080005d3   Thumb Code     0  rt_memcpy_w.o(.text)
    __user_setup_stackheap                   0x080005ef   Thumb Code    74  sys_stackheap_outer.o(.text)
    exit                                     0x08000639   Thumb Code    18  exit.o(.text)
    __user_libspace                          0x0800064d   Thumb Code     8  libspace.o(.text)
    __user_perproc_libspace                  0x0800064d   Thumb Code     0  libspace.o(.text)
    __user_perthread_libspace                0x0800064d   Thumb Code     0  libspace.o(.text)
    _sys_exit                                0x08000655   Thumb Code     8  sys_exit.o(.text)
    __I$use$semihosting                      0x08000661   Thumb Code     0  use_no_semi.o(.text)
    __use_no_semihosting_swi                 0x08000661   Thumb Code     2  use_no_semi.o(.text)
    __semihosting_library_function           0x08000663   Thumb Code     0  indicate_semi.o(.text)
    BusFault_Handler                         0x08000669   Thumb Code     2  stm32h7xx_it.o(.text.BusFault_Handler)
    DebugMon_Handler                         0x08000671   Thumb Code     2  stm32h7xx_it.o(.text.DebugMon_Handler)
    Error_Handler                            0x08000679   Thumb Code    10  main.o(.text.Error_Handler)
    FDCAN1_IT0_IRQHandler                    0x08000689   Thumb Code    12  stm32h7xx_it.o(.text.FDCAN1_IT0_IRQHandler)
    FDCAN1_IT1_IRQHandler                    0x08000699   Thumb Code    12  stm32h7xx_it.o(.text.FDCAN1_IT1_IRQHandler)
    FDCAN2_IT0_IRQHandler                    0x080006a9   Thumb Code    12  stm32h7xx_it.o(.text.FDCAN2_IT0_IRQHandler)
    FDCAN2_IT1_IRQHandler                    0x080006b9   Thumb Code    12  stm32h7xx_it.o(.text.FDCAN2_IT1_IRQHandler)
    FDCAN_CAL_IRQHandler                     0x080006c9   Thumb Code    30  stm32h7xx_it.o(.text.FDCAN_CAL_IRQHandler)
    HAL_Delay                                0x080006e9   Thumb Code    40  stm32h7xx_hal.o(.text.HAL_Delay)
    HAL_FDCAN_ActivateNotification           0x08000711   Thumb Code   120  stm32h7xx_hal_fdcan.o(.text.HAL_FDCAN_ActivateNotification)
    HAL_FDCAN_ClockCalibrationCallback       0x08000789   Thumb Code     2  stm32h7xx_hal_fdcan.o(.text.HAL_FDCAN_ClockCalibrationCallback)
    HAL_FDCAN_ConfigFifoWatermark            0x08000791   Thumb Code    84  stm32h7xx_hal_fdcan.o(.text.HAL_FDCAN_ConfigFifoWatermark)
    HAL_FDCAN_ConfigFilter                   0x080007e9   Thumb Code   136  stm32h7xx_hal_fdcan.o(.text.HAL_FDCAN_ConfigFilter)
    HAL_FDCAN_ConfigGlobalFilter             0x08000871   Thumb Code    54  stm32h7xx_hal_fdcan.o(.text.HAL_FDCAN_ConfigGlobalFilter)
    HAL_FDCAN_DeInit                         0x080008a9   Thumb Code   196  stm32h7xx_hal_fdcan.o(.text.HAL_FDCAN_DeInit)
    HAL_FDCAN_ErrorCallback                  0x08000971   Thumb Code     2  stm32h7xx_hal_fdcan.o(.text.HAL_FDCAN_ErrorCallback)
    HAL_FDCAN_ErrorStatusCallback            0x08000979   Thumb Code    18  bsp_fdcan.o(.text.HAL_FDCAN_ErrorStatusCallback)
    HAL_FDCAN_GetRxMessage                   0x08000991   Thumb Code   460  stm32h7xx_hal_fdcan.o(.text.HAL_FDCAN_GetRxMessage)
    HAL_FDCAN_HighPriorityMessageCallback    0x08000b61   Thumb Code     2  stm32h7xx_hal_fdcan.o(.text.HAL_FDCAN_HighPriorityMessageCallback)
    HAL_FDCAN_IRQHandler                     0x08000b69   Thumb Code   758  stm32h7xx_hal_fdcan.o(.text.HAL_FDCAN_IRQHandler)
    HAL_FDCAN_Init                           0x08000e61   Thumb Code  1022  stm32h7xx_hal_fdcan.o(.text.HAL_FDCAN_Init)
    HAL_FDCAN_MspDeInit                      0x08001261   Thumb Code   150  fdcan.o(.text.HAL_FDCAN_MspDeInit)
    HAL_FDCAN_MspInit                        0x080012f9   Thumb Code   346  fdcan.o(.text.HAL_FDCAN_MspInit)
    HAL_FDCAN_RxBufferNewMessageCallback     0x08001459   Thumb Code     2  stm32h7xx_hal_fdcan.o(.text.HAL_FDCAN_RxBufferNewMessageCallback)
    HAL_FDCAN_RxFifo0Callback                0x08001461   Thumb Code    34  bsp_fdcan.o(.text.HAL_FDCAN_RxFifo0Callback)
    HAL_FDCAN_RxFifo1Callback                0x08001489   Thumb Code     2  stm32h7xx_hal_fdcan.o(.text.HAL_FDCAN_RxFifo1Callback)
    HAL_FDCAN_Start                          0x08001491   Thumb Code    50  stm32h7xx_hal_fdcan.o(.text.HAL_FDCAN_Start)
    HAL_FDCAN_TT_GlobalTimeCallback          0x080014c9   Thumb Code     2  stm32h7xx_hal_fdcan.o(.text.HAL_FDCAN_TT_GlobalTimeCallback)
    HAL_FDCAN_TT_ScheduleSyncCallback        0x080014d1   Thumb Code     2  stm32h7xx_hal_fdcan.o(.text.HAL_FDCAN_TT_ScheduleSyncCallback)
    HAL_FDCAN_TT_StopWatchCallback           0x080014d9   Thumb Code     2  stm32h7xx_hal_fdcan.o(.text.HAL_FDCAN_TT_StopWatchCallback)
    HAL_FDCAN_TT_TimeMarkCallback            0x080014e1   Thumb Code     2  stm32h7xx_hal_fdcan.o(.text.HAL_FDCAN_TT_TimeMarkCallback)
    HAL_FDCAN_TimeoutOccurredCallback        0x080014e9   Thumb Code     2  stm32h7xx_hal_fdcan.o(.text.HAL_FDCAN_TimeoutOccurredCallback)
    HAL_FDCAN_TimestampWraparoundCallback    0x080014f1   Thumb Code     2  stm32h7xx_hal_fdcan.o(.text.HAL_FDCAN_TimestampWraparoundCallback)
    HAL_FDCAN_TxBufferAbortCallback          0x080014f9   Thumb Code     2  stm32h7xx_hal_fdcan.o(.text.HAL_FDCAN_TxBufferAbortCallback)
    HAL_FDCAN_TxBufferCompleteCallback       0x08001501   Thumb Code     2  stm32h7xx_hal_fdcan.o(.text.HAL_FDCAN_TxBufferCompleteCallback)
    HAL_FDCAN_TxEventFifoCallback            0x08001509   Thumb Code     2  stm32h7xx_hal_fdcan.o(.text.HAL_FDCAN_TxEventFifoCallback)
    HAL_FDCAN_TxFifoEmptyCallback            0x08001511   Thumb Code     2  stm32h7xx_hal_fdcan.o(.text.HAL_FDCAN_TxFifoEmptyCallback)
    HAL_GPIO_DeInit                          0x08001519   Thumb Code   274  stm32h7xx_hal_gpio.o(.text.HAL_GPIO_DeInit)
    HAL_GPIO_Init                            0x08001631   Thumb Code   482  stm32h7xx_hal_gpio.o(.text.HAL_GPIO_Init)
    HAL_GPIO_WritePin                        0x08001819   Thumb Code    10  stm32h7xx_hal_gpio.o(.text.HAL_GPIO_WritePin)
    HAL_GetTick                              0x08001829   Thumb Code    12  stm32h7xx_hal.o(.text.HAL_GetTick)
    HAL_IncTick                              0x08001839   Thumb Code    26  stm32h7xx_hal.o(.text.HAL_IncTick)
    HAL_Init                                 0x08001859   Thumb Code   100  stm32h7xx_hal.o(.text.HAL_Init)
    HAL_InitTick                             0x080018c1   Thumb Code   164  stm32h7xx_hal_timebase_tim.o(.text.HAL_InitTick)
    HAL_MspInit                              0x08001969   Thumb Code    42  stm32h7xx_hal_msp.o(.text.HAL_MspInit)
    HAL_NVIC_DisableIRQ                      0x08001999   Thumb Code    40  stm32h7xx_hal_cortex.o(.text.HAL_NVIC_DisableIRQ)
    HAL_NVIC_EnableIRQ                       0x080019c1   Thumb Code    32  stm32h7xx_hal_cortex.o(.text.HAL_NVIC_EnableIRQ)
    HAL_NVIC_SetPriority                     0x080019e1   Thumb Code    94  stm32h7xx_hal_cortex.o(.text.HAL_NVIC_SetPriority)
    HAL_NVIC_SetPriorityGrouping             0x08001a41   Thumb Code    32  stm32h7xx_hal_cortex.o(.text.HAL_NVIC_SetPriorityGrouping)
    HAL_PWREx_ConfigSupply                   0x08001a61   Thumb Code    72  stm32h7xx_hal_pwr_ex.o(.text.HAL_PWREx_ConfigSupply)
    HAL_RCCEx_GetD3PCLK1Freq                 0x08001aa9   Thumb Code    38  stm32h7xx_hal_rcc_ex.o(.text.HAL_RCCEx_GetD3PCLK1Freq)
    HAL_RCCEx_GetPLL2ClockFreq               0x08001ad1   Thumb Code   292  stm32h7xx_hal_rcc_ex.o(.text.HAL_RCCEx_GetPLL2ClockFreq)
    HAL_RCCEx_GetPLL3ClockFreq               0x08001bf9   Thumb Code   292  stm32h7xx_hal_rcc_ex.o(.text.HAL_RCCEx_GetPLL3ClockFreq)
    HAL_RCCEx_PeriphCLKConfig                0x08001d21   Thumb Code  2354  stm32h7xx_hal_rcc_ex.o(.text.HAL_RCCEx_PeriphCLKConfig)
    HAL_RCC_ClockConfig                      0x08002659   Thumb Code   612  stm32h7xx_hal_rcc.o(.text.HAL_RCC_ClockConfig)
    HAL_RCC_GetClockConfig                   0x080028c1   Thumb Code    88  stm32h7xx_hal_rcc.o(.text.HAL_RCC_GetClockConfig)
    HAL_RCC_GetHCLKFreq                      0x08002919   Thumb Code    76  stm32h7xx_hal_rcc.o(.text.HAL_RCC_GetHCLKFreq)
    HAL_RCC_GetPCLK1Freq                     0x08002969   Thumb Code    96  stm32h7xx_hal_rcc.o(.text.HAL_RCC_GetPCLK1Freq)
    HAL_RCC_GetPCLK2Freq                     0x080029c9   Thumb Code    96  stm32h7xx_hal_rcc.o(.text.HAL_RCC_GetPCLK2Freq)
    HAL_RCC_GetSysClockFreq                  0x08002a29   Thumb Code   264  stm32h7xx_hal_rcc.o(.text.HAL_RCC_GetSysClockFreq)
    HAL_RCC_OscConfig                        0x08002b31   Thumb Code  1294  stm32h7xx_hal_rcc.o(.text.HAL_RCC_OscConfig)
    HAL_TIMEx_Break2Callback                 0x08003041   Thumb Code     2  stm32h7xx_hal_tim_ex.o(.text.HAL_TIMEx_Break2Callback)
    HAL_TIMEx_BreakCallback                  0x08003049   Thumb Code     2  stm32h7xx_hal_tim_ex.o(.text.HAL_TIMEx_BreakCallback)
    HAL_TIMEx_CommutCallback                 0x08003051   Thumb Code     2  stm32h7xx_hal_tim_ex.o(.text.HAL_TIMEx_CommutCallback)
    HAL_TIMEx_MasterConfigSynchronization    0x08003059   Thumb Code   218  stm32h7xx_hal_tim_ex.o(.text.HAL_TIMEx_MasterConfigSynchronization)
    HAL_TIM_Base_Init                        0x08003139   Thumb Code    96  stm32h7xx_hal_tim.o(.text.HAL_TIM_Base_Init)
    HAL_TIM_Base_MspInit                     0x08003199   Thumb Code   114  tim.o(.text.HAL_TIM_Base_MspInit)
    HAL_TIM_Base_Start_IT                    0x08003211   Thumb Code   198  stm32h7xx_hal_tim.o(.text.HAL_TIM_Base_Start_IT)
    HAL_TIM_ConfigClockSource                0x080032d9   Thumb Code   490  stm32h7xx_hal_tim.o(.text.HAL_TIM_ConfigClockSource)
    HAL_TIM_IC_CaptureCallback               0x080034c9   Thumb Code     2  stm32h7xx_hal_tim.o(.text.HAL_TIM_IC_CaptureCallback)
    HAL_TIM_IRQHandler                       0x080034d1   Thumb Code   348  stm32h7xx_hal_tim.o(.text.HAL_TIM_IRQHandler)
    HAL_TIM_OC_DelayElapsedCallback          0x08003631   Thumb Code     2  stm32h7xx_hal_tim.o(.text.HAL_TIM_OC_DelayElapsedCallback)
    HAL_TIM_PWM_PulseFinishedCallback        0x08003639   Thumb Code     2  stm32h7xx_hal_tim.o(.text.HAL_TIM_PWM_PulseFinishedCallback)
    HAL_TIM_PeriodElapsedCallback            0x08003641   Thumb Code    20  main.o(.text.HAL_TIM_PeriodElapsedCallback)
    HAL_TIM_TriggerCallback                  0x08003659   Thumb Code     2  stm32h7xx_hal_tim.o(.text.HAL_TIM_TriggerCallback)
    HAL_UARTEx_DisableFifoMode               0x08003661   Thumb Code    54  stm32h7xx_hal_uart_ex.o(.text.HAL_UARTEx_DisableFifoMode)
    HAL_UARTEx_SetRxFifoThreshold            0x08003699   Thumb Code   140  stm32h7xx_hal_uart_ex.o(.text.HAL_UARTEx_SetRxFifoThreshold)
    HAL_UARTEx_SetTxFifoThreshold            0x08003729   Thumb Code   140  stm32h7xx_hal_uart_ex.o(.text.HAL_UARTEx_SetTxFifoThreshold)
    HAL_UART_Init                            0x080037b9   Thumb Code   102  stm32h7xx_hal_uart.o(.text.HAL_UART_Init)
    HAL_UART_MspInit                         0x08003821   Thumb Code   146  usart.o(.text.HAL_UART_MspInit)
    HardFault_Handler                        0x080038b9   Thumb Code     2  stm32h7xx_it.o(.text.HardFault_Handler)
    MX_FDCAN1_Init                           0x080038c1   Thumb Code   118  fdcan.o(.text.MX_FDCAN1_Init)
    MX_FDCAN2_Init                           0x08003939   Thumb Code   120  fdcan.o(.text.MX_FDCAN2_Init)
    MX_FREERTOS_Init                         0x080039b1   Thumb Code   164  freertos.o(.text.MX_FREERTOS_Init)
    MX_GPIO_Init                             0x08003a59   Thumb Code   152  gpio.o(.text.MX_GPIO_Init)
    MX_TIM3_Init                             0x08003af1   Thumb Code   118  tim.o(.text.MX_TIM3_Init)
    MX_TIM4_Init                             0x08003b69   Thumb Code   118  tim.o(.text.MX_TIM4_Init)
    MX_USART1_UART_Init                      0x08003be1   Thumb Code   124  usart.o(.text.MX_USART1_UART_Init)
    MemManage_Handler                        0x08003c61   Thumb Code     2  stm32h7xx_it.o(.text.MemManage_Handler)
    NMI_Handler                              0x08003c69   Thumb Code     2  stm32h7xx_it.o(.text.NMI_Handler)
    PendSV_Handler                           0x08003c71   Thumb Code   100  port.o(.text.PendSV_Handler)
    SVC_Handler                              0x08003f21   Thumb Code    36  port.o(.text.SVC_Handler)
    StartDefaultTask                         0x08003f49   Thumb Code     8  freertos.o(.text.StartDefaultTask)
    SysTick_Handler                          0x08003f51   Thumb Code    30  cmsis_os2.o(.text.SysTick_Handler)
    SystemClock_Config                       0x08003f71   Thumb Code   206  main.o(.text.SystemClock_Config)
    SystemInit                               0x08004041   Thumb Code   176  system_stm32h7xx.o(.text.SystemInit)
    TIM3_IRQHandler                          0x080040f1   Thumb Code    12  stm32h7xx_it.o(.text.TIM3_IRQHandler)
    TIM4_IRQHandler                          0x08004101   Thumb Code    12  stm32h7xx_it.o(.text.TIM4_IRQHandler)
    TIM7_IRQHandler                          0x08004111   Thumb Code    12  stm32h7xx_it.o(.text.TIM7_IRQHandler)
    TIM_Base_SetConfig                       0x08004121   Thumb Code   346  stm32h7xx_hal_tim.o(.text.TIM_Base_SetConfig)
    T_Calculator                             0x08004281   Thumb Code     8  freertos.o(.text.T_Calculator)
    T_Motor_Control                          0x08004289   Thumb Code     8  freertos.o(.text.T_Motor_Control)
    T_Sensor                                 0x08004291   Thumb Code     8  freertos.o(.text.T_Sensor)
    T_USER                                   0x08004299   Thumb Code     8  freertos.o(.text.T_USER)
    UART_AdvFeatureConfig                    0x080042a1   Thumb Code   224  stm32h7xx_hal_uart.o(.text.UART_AdvFeatureConfig)
    UART_CheckIdleState                      0x08004381   Thumb Code   370  stm32h7xx_hal_uart.o(.text.UART_CheckIdleState)
    UART_SetConfig                           0x080044f9   Thumb Code  1440  stm32h7xx_hal_uart.o(.text.UART_SetConfig)
    UART_WaitOnFlagUntilTimeout              0x08004a99   Thumb Code   812  stm32h7xx_hal_uart.o(.text.UART_WaitOnFlagUntilTimeout)
    UsageFault_Handler                       0x08004dc9   Thumb Code     2  stm32h7xx_it.o(.text.UsageFault_Handler)
    bsp_can_init                             0x08004dd1   Thumb Code   162  bsp_fdcan.o(.text.bsp_can_init)
    bsp_fdcan_set_baud                       0x08004e79   Thumb Code   188  bsp_fdcan.o(.text.bsp_fdcan_set_baud)
    dm_motor_fbdata                          0x08004f99   Thumb Code   200  dm_motor_drv.o(.text.dm_motor_fbdata)
    dm_motor_init                            0x08005061   Thumb Code   182  dm_motor_ctrl.o(.text.dm_motor_init)
    fdcan1_rx_callback                       0x08005119   Thumb Code    78  dm_motor_ctrl.o(.text.fdcan1_rx_callback)
    fdcan2_rx_callback                       0x08005169   Thumb Code    76  dm_motor_ctrl.o(.text.fdcan2_rx_callback)
    fdcanx_receive                           0x080051b9   Thumb Code    82  bsp_fdcan.o(.text.fdcanx_receive)
    main                                     0x08005211   Thumb Code   146  main.o(.text.main)
    osDelay                                  0x080052a9   Thumb Code    30  cmsis_os2.o(.text.osDelay)
    osKernelInitialize                       0x080052c9   Thumb Code    42  cmsis_os2.o(.text.osKernelInitialize)
    osKernelStart                            0x080052f9   Thumb Code    62  cmsis_os2.o(.text.osKernelStart)
    osThreadNew                              0x08005339   Thumb Code   160  cmsis_os2.o(.text.osThreadNew)
    pvPortMalloc                             0x08005bf9   Thumb Code   608  heap_4.o(.text.pvPortMalloc)
    pxPortInitialiseStack                    0x08005e59   Thumb Code    44  port.o(.text.pxPortInitialiseStack)
    receive_motor_data                       0x08005e89   Thumb Code   718  dm_motor_ctrl.o(.text.receive_motor_data)
    uxListRemove                             0x08006159   Thumb Code    42  list.o(.text.uxListRemove)
    vApplicationGetIdleTaskMemory            0x08006189   Thumb Code    26  cmsis_os2.o(.text.vApplicationGetIdleTaskMemory)
    vApplicationGetTimerTaskMemory           0x080061a9   Thumb Code    28  cmsis_os2.o(.text.vApplicationGetTimerTaskMemory)
    vListInitialise                          0x080061c9   Thumb Code    22  list.o(.text.vListInitialise)
    vListInitialiseItem                      0x080061e1   Thumb Code     6  list.o(.text.vListInitialiseItem)
    vListInsert                              0x080061e9   Thumb Code    96  list.o(.text.vListInsert)
    vListInsertEnd                           0x08006249   Thumb Code    28  list.o(.text.vListInsertEnd)
    vPortEnterCritical                       0x08006281   Thumb Code    82  port.o(.text.vPortEnterCritical)
    vPortExitCritical                        0x080062d9   Thumb Code    50  port.o(.text.vPortExitCritical)
    vPortFree                                0x08006311   Thumb Code   236  heap_4.o(.text.vPortFree)
    vPortSetupTimerInterrupt                 0x08006401   Thumb Code    52  port.o(.text.vPortSetupTimerInterrupt)
    vQueueAddToRegistry                      0x08006439   Thumb Code   116  queue.o(.text.vQueueAddToRegistry)
    vQueueWaitForMessageRestricted           0x080064b1   Thumb Code    70  queue.o(.text.vQueueWaitForMessageRestricted)
    vTaskDelay                               0x080064f9   Thumb Code   170  tasks.o(.text.vTaskDelay)
    vTaskInternalSetTimeOutState             0x080065a9   Thumb Code    26  tasks.o(.text.vTaskInternalSetTimeOutState)
    vTaskMissedYield                         0x080065c9   Thumb Code    14  tasks.o(.text.vTaskMissedYield)
    vTaskPlaceOnEventList                    0x080065d9   Thumb Code    58  tasks.o(.text.vTaskPlaceOnEventList)
    vTaskPlaceOnEventListRestricted          0x08006619   Thumb Code    66  tasks.o(.text.vTaskPlaceOnEventListRestricted)
    vTaskStartScheduler                      0x08006661   Thumb Code   276  tasks.o(.text.vTaskStartScheduler)
    vTaskSuspendAll                          0x08006781   Thumb Code    16  tasks.o(.text.vTaskSuspendAll)
    vTaskSwitchContext                       0x08006791   Thumb Code   198  tasks.o(.text.vTaskSwitchContext)
    xPortStartScheduler                      0x08006859   Thumb Code   324  port.o(.text.xPortStartScheduler)
    xPortSysTickHandler                      0x080069a1   Thumb Code    50  port.o(.text.xPortSysTickHandler)
    xQueueGenericCreateStatic                0x080069d9   Thumb Code   242  queue.o(.text.xQueueGenericCreateStatic)
    xQueueGenericSend                        0x08006ad1   Thumb Code   542  queue.o(.text.xQueueGenericSend)
    xQueueReceive                            0x08006cf1   Thumb Code   404  queue.o(.text.xQueueReceive)
    xTaskCheckForTimeOut                     0x08006e89   Thumb Code   150  tasks.o(.text.xTaskCheckForTimeOut)
    xTaskCreate                              0x08006f21   Thumb Code    94  tasks.o(.text.xTaskCreate)
    xTaskCreateStatic                        0x08006f81   Thumb Code   134  tasks.o(.text.xTaskCreateStatic)
    xTaskGetSchedulerState                   0x08007009   Thumb Code    36  tasks.o(.text.xTaskGetSchedulerState)
    xTaskGetTickCount                        0x08007031   Thumb Code    12  tasks.o(.text.xTaskGetTickCount)
    xTaskIncrementTick                       0x08007041   Thumb Code   370  tasks.o(.text.xTaskIncrementTick)
    xTaskPriorityDisinherit                  0x080071b9   Thumb Code   154  tasks.o(.text.xTaskPriorityDisinherit)
    xTaskRemoveFromEventList                 0x08007259   Thumb Code   146  tasks.o(.text.xTaskRemoveFromEventList)
    xTaskResumeAll                           0x080072f1   Thumb Code   316  tasks.o(.text.xTaskResumeAll)
    xTimerCreateTimerTask                    0x08007431   Thumb Code   112  timers.o(.text.xTimerCreateTimerTask)
    _fp_init                                 0x080074a9   Thumb Code    26  fpinit.o(x$fpl$fpinit)
    __fplib_config_fpu_vfp                   0x080074c1   Thumb Code     0  fpinit.o(x$fpl$fpinit)
    __fplib_config_pureend_doubles           0x080074c1   Thumb Code     0  fpinit.o(x$fpl$fpinit)
    Calculator_attributes                    0x08007520   Data          36  freertos.o(.rodata.Calculator_attributes)
    D1CorePrescTable                         0x08007544   Data          16  system_stm32h7xx.o(.rodata.D1CorePrescTable)
    Motor_Control_attributes                 0x08007554   Data          36  freertos.o(.rodata.Motor_Control_attributes)
    Sensor_attributes                        0x08007578   Data          36  freertos.o(.rodata.Sensor_attributes)
    UARTPrescTable                           0x0800759c   Data          24  stm32h7xx_hal_uart.o(.rodata.UARTPrescTable)
    USER_attributes                          0x080075b4   Data          36  freertos.o(.rodata.USER_attributes)
    defaultTask_attributes                   0x080075f8   Data          36  freertos.o(.rodata.defaultTask_attributes)
    Region$$Table$$Base                      0x08007650   Number         0  anon$$obj.o(Region$$Table)
    Region$$Table$$Limit                     0x08007670   Number         0  anon$$obj.o(Region$$Table)
    SystemCoreClock                          0x24000000   Data           4  system_stm32h7xx.o(.data.SystemCoreClock)
    SystemD2Clock                            0x24000004   Data           4  system_stm32h7xx.o(.data.SystemD2Clock)
    uwTickFreq                               0x24000008   Data           1  stm32h7xx_hal.o(.data.uwTickFreq)
    uwTickPrio                               0x2400000c   Data           4  stm32h7xx_hal.o(.data.uwTickPrio)
    __libspace_start                         0x24000018   Data          96  libspace.o(.bss)
    CalculatorHandle                         0x24000078   Data           4  freertos.o(.bss.CalculatorHandle)
    __temporary_stack_top$libspace           0x24000078   Data           0  libspace.o(.bss)
    Motor_ControlHandle                      0x24000084   Data           4  freertos.o(.bss.Motor_ControlHandle)
    SensorHandle                             0x24000088   Data           4  freertos.o(.bss.SensorHandle)
    USERHandle                               0x2400008c   Data           4  freertos.o(.bss.USERHandle)
    defaultTaskHandle                        0x24000090   Data           4  freertos.o(.bss.defaultTaskHandle)
    hfdcan1                                  0x24000098   Data         160  fdcan.o(.bss.hfdcan1)
    hfdcan2                                  0x24000138   Data         160  fdcan.o(.bss.hfdcan2)
    htim3                                    0x240001d8   Data          76  tim.o(.bss.htim3)
    htim4                                    0x24000224   Data          76  tim.o(.bss.htim4)
    htim7                                    0x24000270   Data          76  stm32h7xx_hal_timebase_tim.o(.bss.htim7)
    huart1                                   0x240002bc   Data         148  usart.o(.bss.huart1)
    motor                                    0x24000350   Data        2176  dm_motor_ctrl.o(.bss.motor)
    pxCurrentTCB                             0x24000cc4   Data           4  tasks.o(.bss.pxCurrentTCB)
    uwTick                                   0x24004d44   Data           4  stm32h7xx_hal.o(.bss.uwTick)
    xQueueRegistry                           0x2400549c   Data          64  queue.o(.bss.xQueueRegistry)



==============================================================================

Memory Map of the image

  Image Entry point : 0x080002cd

  Load Region LR_IROM1 (Base: 0x08000000, Size: 0x00007688, Max: 0x00100000, ABSOLUTE)

    Execution Region ER_IROM1 (Exec base: 0x08000000, Load base: 0x08000000, Size: 0x00007670, Max: 0x00100000, ABSOLUTE)

    Exec Addr    Load Addr    Size         Type   Attr      Idx    E Section Name        Object

    0x08000000   0x08000000   0x000002cc   Data   RO            3    RESET               startup_stm32h723xx.o
    0x080002cc   0x080002cc   0x00000008   Code   RO         2452  * !!!main             c_w.l(__main.o)
    0x080002d4   0x080002d4   0x00000034   Code   RO         2627    !!!scatter          c_w.l(__scatter.o)
    0x08000308   0x08000308   0x0000001a   Code   RO         2629    !!handler_copy      c_w.l(__scatter_copy.o)
    0x08000322   0x08000322   0x00000002   PAD
    0x08000324   0x08000324   0x0000001c   Code   RO         2631    !!handler_zi        c_w.l(__scatter_zi.o)
    0x08000340   0x08000340   0x00000002   Code   RO         2491    .ARM.Collect$$libinit$$00000000  c_w.l(libinit.o)
    0x08000342   0x08000342   0x00000004   Code   RO         2503    .ARM.Collect$$libinit$$00000001  c_w.l(libinit2.o)
    0x08000346   0x08000346   0x00000000   Code   RO         2506    .ARM.Collect$$libinit$$00000004  c_w.l(libinit2.o)
    0x08000346   0x08000346   0x00000000   Code   RO         2509    .ARM.Collect$$libinit$$0000000A  c_w.l(libinit2.o)
    0x08000346   0x08000346   0x00000000   Code   RO         2511    .ARM.Collect$$libinit$$0000000C  c_w.l(libinit2.o)
    0x08000346   0x08000346   0x00000000   Code   RO         2513    .ARM.Collect$$libinit$$0000000E  c_w.l(libinit2.o)
    0x08000346   0x08000346   0x00000000   Code   RO         2516    .ARM.Collect$$libinit$$00000011  c_w.l(libinit2.o)
    0x08000346   0x08000346   0x00000000   Code   RO         2518    .ARM.Collect$$libinit$$00000013  c_w.l(libinit2.o)
    0x08000346   0x08000346   0x00000000   Code   RO         2520    .ARM.Collect$$libinit$$00000015  c_w.l(libinit2.o)
    0x08000346   0x08000346   0x00000000   Code   RO         2522    .ARM.Collect$$libinit$$00000017  c_w.l(libinit2.o)
    0x08000346   0x08000346   0x00000000   Code   RO         2524    .ARM.Collect$$libinit$$00000019  c_w.l(libinit2.o)
    0x08000346   0x08000346   0x00000000   Code   RO         2526    .ARM.Collect$$libinit$$0000001B  c_w.l(libinit2.o)
    0x08000346   0x08000346   0x00000000   Code   RO         2528    .ARM.Collect$$libinit$$0000001D  c_w.l(libinit2.o)
    0x08000346   0x08000346   0x00000000   Code   RO         2530    .ARM.Collect$$libinit$$0000001F  c_w.l(libinit2.o)
    0x08000346   0x08000346   0x00000000   Code   RO         2532    .ARM.Collect$$libinit$$00000021  c_w.l(libinit2.o)
    0x08000346   0x08000346   0x00000000   Code   RO         2534    .ARM.Collect$$libinit$$00000023  c_w.l(libinit2.o)
    0x08000346   0x08000346   0x00000000   Code   RO         2536    .ARM.Collect$$libinit$$00000025  c_w.l(libinit2.o)
    0x08000346   0x08000346   0x00000000   Code   RO         2540    .ARM.Collect$$libinit$$0000002C  c_w.l(libinit2.o)
    0x08000346   0x08000346   0x00000000   Code   RO         2542    .ARM.Collect$$libinit$$0000002E  c_w.l(libinit2.o)
    0x08000346   0x08000346   0x00000000   Code   RO         2544    .ARM.Collect$$libinit$$00000030  c_w.l(libinit2.o)
    0x08000346   0x08000346   0x00000000   Code   RO         2546    .ARM.Collect$$libinit$$00000032  c_w.l(libinit2.o)
    0x08000346   0x08000346   0x00000002   Code   RO         2547    .ARM.Collect$$libinit$$00000033  c_w.l(libinit2.o)
    0x08000348   0x08000348   0x00000002   Code   RO         2582    .ARM.Collect$$libshutdown$$00000000  c_w.l(libshutdown.o)
    0x0800034a   0x0800034a   0x00000000   Code   RO         2610    .ARM.Collect$$libshutdown$$00000002  c_w.l(libshutdown2.o)
    0x0800034a   0x0800034a   0x00000000   Code   RO         2612    .ARM.Collect$$libshutdown$$00000004  c_w.l(libshutdown2.o)
    0x0800034a   0x0800034a   0x00000000   Code   RO         2615    .ARM.Collect$$libshutdown$$00000007  c_w.l(libshutdown2.o)
    0x0800034a   0x0800034a   0x00000000   Code   RO         2618    .ARM.Collect$$libshutdown$$0000000A  c_w.l(libshutdown2.o)
    0x0800034a   0x0800034a   0x00000000   Code   RO         2620    .ARM.Collect$$libshutdown$$0000000C  c_w.l(libshutdown2.o)
    0x0800034a   0x0800034a   0x00000000   Code   RO         2623    .ARM.Collect$$libshutdown$$0000000F  c_w.l(libshutdown2.o)
    0x0800034a   0x0800034a   0x00000002   Code   RO         2624    .ARM.Collect$$libshutdown$$00000010  c_w.l(libshutdown2.o)
    0x0800034c   0x0800034c   0x00000000   Code   RO         2454    .ARM.Collect$$rtentry$$00000000  c_w.l(__rtentry.o)
    0x0800034c   0x0800034c   0x00000000   Code   RO         2462    .ARM.Collect$$rtentry$$00000002  c_w.l(__rtentry2.o)
    0x0800034c   0x0800034c   0x00000006   Code   RO         2474    .ARM.Collect$$rtentry$$00000004  c_w.l(__rtentry4.o)
    0x08000352   0x08000352   0x00000000   Code   RO         2464    .ARM.Collect$$rtentry$$00000009  c_w.l(__rtentry2.o)
    0x08000352   0x08000352   0x00000004   Code   RO         2465    .ARM.Collect$$rtentry$$0000000A  c_w.l(__rtentry2.o)
    0x08000356   0x08000356   0x00000000   Code   RO         2467    .ARM.Collect$$rtentry$$0000000C  c_w.l(__rtentry2.o)
    0x08000356   0x08000356   0x00000008   Code   RO         2468    .ARM.Collect$$rtentry$$0000000D  c_w.l(__rtentry2.o)
    0x0800035e   0x0800035e   0x00000002   Code   RO         2495    .ARM.Collect$$rtexit$$00000000  c_w.l(rtexit.o)
    0x08000360   0x08000360   0x00000000   Code   RO         2553    .ARM.Collect$$rtexit$$00000002  c_w.l(rtexit2.o)
    0x08000360   0x08000360   0x00000004   Code   RO         2554    .ARM.Collect$$rtexit$$00000003  c_w.l(rtexit2.o)
    0x08000364   0x08000364   0x00000006   Code   RO         2555    .ARM.Collect$$rtexit$$00000004  c_w.l(rtexit2.o)
    0x0800036a   0x0800036a   0x00000002   PAD
    0x0800036c   0x0800036c   0x00000040   Code   RO            4    .text               startup_stm32h723xx.o
    0x080003ac   0x080003ac   0x000000f0   Code   RO         2438    .text               c_w.l(lludivv7m.o)
    0x0800049c   0x0800049c   0x0000008a   Code   RO         2440    .text               c_w.l(rt_memcpy_v6.o)
    0x08000526   0x08000526   0x00000010   Code   RO         2444    .text               c_w.l(aeabi_memset4.o)
    0x08000536   0x08000536   0x0000004e   Code   RO         2448    .text               c_w.l(rt_memclr_w.o)
    0x08000584   0x08000584   0x00000006   Code   RO         2450    .text               c_w.l(heapauxi.o)
    0x0800058a   0x0800058a   0x00000064   Code   RO         2459    .text               c_w.l(rt_memcpy_w.o)
    0x080005ee   0x080005ee   0x0000004a   Code   RO         2478    .text               c_w.l(sys_stackheap_outer.o)
    0x08000638   0x08000638   0x00000012   Code   RO         2480    .text               c_w.l(exit.o)
    0x0800064a   0x0800064a   0x00000002   PAD
    0x0800064c   0x0800064c   0x00000008   Code   RO         2492    .text               c_w.l(libspace.o)
    0x08000654   0x08000654   0x0000000c   Code   RO         2548    .text               c_w.l(sys_exit.o)
    0x08000660   0x08000660   0x00000002   Code   RO         2571    .text               c_w.l(use_no_semi.o)
    0x08000662   0x08000662   0x00000000   Code   RO         2573    .text               c_w.l(indicate_semi.o)
    0x08000662   0x08000662   0x00000006   PAD
    0x08000668   0x08000668   0x00000002   Code   RO          126    .text.BusFault_Handler  stm32h7xx_it.o
    0x0800066a   0x0800066a   0x00000006   PAD
    0x08000670   0x08000670   0x00000002   Code   RO          130    .text.DebugMon_Handler  stm32h7xx_it.o
    0x08000672   0x08000672   0x00000006   PAD
    0x08000678   0x08000678   0x0000000a   Code   RO           15    .text.Error_Handler  main.o
    0x08000682   0x08000682   0x00000006   PAD
    0x08000688   0x08000688   0x0000000c   Code   RO          132    .text.FDCAN1_IT0_IRQHandler  stm32h7xx_it.o
    0x08000694   0x08000694   0x00000004   PAD
    0x08000698   0x08000698   0x0000000c   Code   RO          136    .text.FDCAN1_IT1_IRQHandler  stm32h7xx_it.o
    0x080006a4   0x080006a4   0x00000004   PAD
    0x080006a8   0x080006a8   0x0000000c   Code   RO          134    .text.FDCAN2_IT0_IRQHandler  stm32h7xx_it.o
    0x080006b4   0x080006b4   0x00000004   PAD
    0x080006b8   0x080006b8   0x0000000c   Code   RO          138    .text.FDCAN2_IT1_IRQHandler  stm32h7xx_it.o
    0x080006c4   0x080006c4   0x00000004   PAD
    0x080006c8   0x080006c8   0x0000001e   Code   RO          146    .text.FDCAN_CAL_IRQHandler  stm32h7xx_it.o
    0x080006e6   0x080006e6   0x00000002   PAD
    0x080006e8   0x080006e8   0x00000028   Code   RO         1031    .text.HAL_Delay     stm32h7xx_hal.o
    0x08000710   0x08000710   0x00000078   Code   RO         1470    .text.HAL_FDCAN_ActivateNotification  stm32h7xx_hal_fdcan.o
    0x08000788   0x08000788   0x00000002   Code   RO         1484    .text.HAL_FDCAN_ClockCalibrationCallback  stm32h7xx_hal_fdcan.o
    0x0800078a   0x0800078a   0x00000006   PAD
    0x08000790   0x08000790   0x00000054   Code   RO         1350    .text.HAL_FDCAN_ConfigFifoWatermark  stm32h7xx_hal_fdcan.o
    0x080007e4   0x080007e4   0x00000004   PAD
    0x080007e8   0x080007e8   0x00000088   Code   RO         1342    .text.HAL_FDCAN_ConfigFilter  stm32h7xx_hal_fdcan.o
    0x08000870   0x08000870   0x00000036   Code   RO         1344    .text.HAL_FDCAN_ConfigGlobalFilter  stm32h7xx_hal_fdcan.o
    0x080008a6   0x080008a6   0x00000002   PAD
    0x080008a8   0x080008a8   0x000000c4   Code   RO         1324    .text.HAL_FDCAN_DeInit  stm32h7xx_hal_fdcan.o
    0x0800096c   0x0800096c   0x00000004   PAD
    0x08000970   0x08000970   0x00000002   Code   RO         1512    .text.HAL_FDCAN_ErrorCallback  stm32h7xx_hal_fdcan.o
    0x08000972   0x08000972   0x00000006   PAD
    0x08000978   0x08000978   0x00000012   Code   RO         1756    .text.HAL_FDCAN_ErrorStatusCallback  bsp_fdcan.o
    0x0800098a   0x0800098a   0x00000006   PAD
    0x08000990   0x08000990   0x000001cc   Code   RO         1402    .text.HAL_FDCAN_GetRxMessage  stm32h7xx_hal_fdcan.o
    0x08000b5c   0x08000b5c   0x00000004   PAD
    0x08000b60   0x08000b60   0x00000002   Code   RO         1480    .text.HAL_FDCAN_HighPriorityMessageCallback  stm32h7xx_hal_fdcan.o
    0x08000b62   0x08000b62   0x00000006   PAD
    0x08000b68   0x08000b68   0x000002f6   Code   RO         1478    .text.HAL_FDCAN_IRQHandler  stm32h7xx_hal_fdcan.o
    0x08000e5e   0x08000e5e   0x00000002   PAD
    0x08000e60   0x08000e60   0x000003fe   Code   RO         1320    .text.HAL_FDCAN_Init  stm32h7xx_hal_fdcan.o
    0x0800125e   0x0800125e   0x00000002   PAD
    0x08001260   0x08001260   0x00000096   Code   RO           73    .text.HAL_FDCAN_MspDeInit  fdcan.o
    0x080012f6   0x080012f6   0x00000002   PAD
    0x080012f8   0x080012f8   0x0000015a   Code   RO           71    .text.HAL_FDCAN_MspInit  fdcan.o
    0x08001452   0x08001452   0x00000006   PAD
    0x08001458   0x08001458   0x00000002   Code   RO         1496    .text.HAL_FDCAN_RxBufferNewMessageCallback  stm32h7xx_hal_fdcan.o
    0x0800145a   0x0800145a   0x00000006   PAD
    0x08001460   0x08001460   0x00000022   Code   RO         1754    .text.HAL_FDCAN_RxFifo0Callback  bsp_fdcan.o
    0x08001482   0x08001482   0x00000006   PAD
    0x08001488   0x08001488   0x00000002   Code   RO         1490    .text.HAL_FDCAN_RxFifo1Callback  stm32h7xx_hal_fdcan.o
    0x0800148a   0x0800148a   0x00000006   PAD
    0x08001490   0x08001490   0x00000032   Code   RO         1388    .text.HAL_FDCAN_Start  stm32h7xx_hal_fdcan.o
    0x080014c2   0x080014c2   0x00000006   PAD
    0x080014c8   0x080014c8   0x00000002   Code   RO         1510    .text.HAL_FDCAN_TT_GlobalTimeCallback  stm32h7xx_hal_fdcan.o
    0x080014ca   0x080014ca   0x00000006   PAD
    0x080014d0   0x080014d0   0x00000002   Code   RO         1504    .text.HAL_FDCAN_TT_ScheduleSyncCallback  stm32h7xx_hal_fdcan.o
    0x080014d2   0x080014d2   0x00000006   PAD
    0x080014d8   0x080014d8   0x00000002   Code   RO         1508    .text.HAL_FDCAN_TT_StopWatchCallback  stm32h7xx_hal_fdcan.o
    0x080014da   0x080014da   0x00000006   PAD
    0x080014e0   0x080014e0   0x00000002   Code   RO         1506    .text.HAL_FDCAN_TT_TimeMarkCallback  stm32h7xx_hal_fdcan.o
    0x080014e2   0x080014e2   0x00000006   PAD
    0x080014e8   0x080014e8   0x00000002   Code   RO         1500    .text.HAL_FDCAN_TimeoutOccurredCallback  stm32h7xx_hal_fdcan.o
    0x080014ea   0x080014ea   0x00000006   PAD
    0x080014f0   0x080014f0   0x00000002   Code   RO         1498    .text.HAL_FDCAN_TimestampWraparoundCallback  stm32h7xx_hal_fdcan.o
    0x080014f2   0x080014f2   0x00000006   PAD
    0x080014f8   0x080014f8   0x00000002   Code   RO         1482    .text.HAL_FDCAN_TxBufferAbortCallback  stm32h7xx_hal_fdcan.o
    0x080014fa   0x080014fa   0x00000006   PAD
    0x08001500   0x08001500   0x00000002   Code   RO         1494    .text.HAL_FDCAN_TxBufferCompleteCallback  stm32h7xx_hal_fdcan.o
    0x08001502   0x08001502   0x00000006   PAD
    0x08001508   0x08001508   0x00000002   Code   RO         1486    .text.HAL_FDCAN_TxEventFifoCallback  stm32h7xx_hal_fdcan.o
    0x0800150a   0x0800150a   0x00000006   PAD
    0x08001510   0x08001510   0x00000002   Code   RO         1492    .text.HAL_FDCAN_TxFifoEmptyCallback  stm32h7xx_hal_fdcan.o
    0x08001512   0x08001512   0x00000006   PAD
    0x08001518   0x08001518   0x00000112   Code   RO          725    .text.HAL_GPIO_DeInit  stm32h7xx_hal_gpio.o
    0x0800162a   0x0800162a   0x00000006   PAD
    0x08001630   0x08001630   0x000001e2   Code   RO          723    .text.HAL_GPIO_Init  stm32h7xx_hal_gpio.o
    0x08001812   0x08001812   0x00000006   PAD
    0x08001818   0x08001818   0x0000000a   Code   RO          729    .text.HAL_GPIO_WritePin  stm32h7xx_hal_gpio.o
    0x08001822   0x08001822   0x00000006   PAD
    0x08001828   0x08001828   0x0000000c   Code   RO         1023    .text.HAL_GetTick   stm32h7xx_hal.o
    0x08001834   0x08001834   0x00000004   PAD
    0x08001838   0x08001838   0x0000001a   Code   RO         1021    .text.HAL_IncTick   stm32h7xx_hal.o
    0x08001852   0x08001852   0x00000006   PAD
    0x08001858   0x08001858   0x00000064   Code   RO         1011    .text.HAL_Init      stm32h7xx_hal.o
    0x080018bc   0x080018bc   0x00000004   PAD
    0x080018c0   0x080018c0   0x000000a4   Code   RO          164    .text.HAL_InitTick  stm32h7xx_hal_timebase_tim.o
    0x08001964   0x08001964   0x00000004   PAD
    0x08001968   0x08001968   0x0000002a   Code   RO          155    .text.HAL_MspInit   stm32h7xx_hal_msp.o
    0x08001992   0x08001992   0x00000006   PAD
    0x08001998   0x08001998   0x00000028   Code   RO          516    .text.HAL_NVIC_DisableIRQ  stm32h7xx_hal_cortex.o
    0x080019c0   0x080019c0   0x00000020   Code   RO          514    .text.HAL_NVIC_EnableIRQ  stm32h7xx_hal_cortex.o
    0x080019e0   0x080019e0   0x0000005e   Code   RO          512    .text.HAL_NVIC_SetPriority  stm32h7xx_hal_cortex.o
    0x08001a3e   0x08001a3e   0x00000002   PAD
    0x08001a40   0x08001a40   0x00000020   Code   RO          510    .text.HAL_NVIC_SetPriorityGrouping  stm32h7xx_hal_cortex.o
    0x08001a60   0x08001a60   0x00000048   Code   RO          927    .text.HAL_PWREx_ConfigSupply  stm32h7xx_hal_pwr_ex.o
    0x08001aa8   0x08001aa8   0x00000026   Code   RO          614    .text.HAL_RCCEx_GetD3PCLK1Freq  stm32h7xx_hal_rcc_ex.o
    0x08001ace   0x08001ace   0x00000002   PAD
    0x08001ad0   0x08001ad0   0x00000124   Code   RO          610    .text.HAL_RCCEx_GetPLL2ClockFreq  stm32h7xx_hal_rcc_ex.o
    0x08001bf4   0x08001bf4   0x00000004   PAD
    0x08001bf8   0x08001bf8   0x00000124   Code   RO          612    .text.HAL_RCCEx_GetPLL3ClockFreq  stm32h7xx_hal_rcc_ex.o
    0x08001d1c   0x08001d1c   0x00000004   PAD
    0x08001d20   0x08001d20   0x00000932   Code   RO          598    .text.HAL_RCCEx_PeriphCLKConfig  stm32h7xx_hal_rcc_ex.o
    0x08002652   0x08002652   0x00000006   PAD
    0x08002658   0x08002658   0x00000264   Code   RO          566    .text.HAL_RCC_ClockConfig  stm32h7xx_hal_rcc.o
    0x080028bc   0x080028bc   0x00000004   PAD
    0x080028c0   0x080028c0   0x00000058   Code   RO          584    .text.HAL_RCC_GetClockConfig  stm32h7xx_hal_rcc.o
    0x08002918   0x08002918   0x0000004c   Code   RO          576    .text.HAL_RCC_GetHCLKFreq  stm32h7xx_hal_rcc.o
    0x08002964   0x08002964   0x00000004   PAD
    0x08002968   0x08002968   0x00000060   Code   RO          578    .text.HAL_RCC_GetPCLK1Freq  stm32h7xx_hal_rcc.o
    0x080029c8   0x080029c8   0x00000060   Code   RO          580    .text.HAL_RCC_GetPCLK2Freq  stm32h7xx_hal_rcc.o
    0x08002a28   0x08002a28   0x00000108   Code   RO          568    .text.HAL_RCC_GetSysClockFreq  stm32h7xx_hal_rcc.o
    0x08002b30   0x08002b30   0x0000050e   Code   RO          564    .text.HAL_RCC_OscConfig  stm32h7xx_hal_rcc.o
    0x0800303e   0x0800303e   0x00000002   PAD
    0x08003040   0x08003040   0x00000002   Code   RO          496    .text.HAL_TIMEx_Break2Callback  stm32h7xx_hal_tim_ex.o
    0x08003042   0x08003042   0x00000006   PAD
    0x08003048   0x08003048   0x00000002   Code   RO          494    .text.HAL_TIMEx_BreakCallback  stm32h7xx_hal_tim_ex.o
    0x0800304a   0x0800304a   0x00000006   PAD
    0x08003050   0x08003050   0x00000002   Code   RO          490    .text.HAL_TIMEx_CommutCallback  stm32h7xx_hal_tim_ex.o
    0x08003052   0x08003052   0x00000006   PAD
    0x08003058   0x08003058   0x000000da   Code   RO          474    .text.HAL_TIMEx_MasterConfigSynchronization  stm32h7xx_hal_tim_ex.o
    0x08003132   0x08003132   0x00000006   PAD
    0x08003138   0x08003138   0x00000060   Code   RO          179    .text.HAL_TIM_Base_Init  stm32h7xx_hal_tim.o
    0x08003198   0x08003198   0x00000072   Code   RO           91    .text.HAL_TIM_Base_MspInit  tim.o
    0x0800320a   0x0800320a   0x00000006   PAD
    0x08003210   0x08003210   0x000000c6   Code   RO          193    .text.HAL_TIM_Base_Start_IT  stm32h7xx_hal_tim.o
    0x080032d6   0x080032d6   0x00000002   PAD
    0x080032d8   0x080032d8   0x000001ea   Code   RO          359    .text.HAL_TIM_ConfigClockSource  stm32h7xx_hal_tim.o
    0x080034c2   0x080034c2   0x00000006   PAD
    0x080034c8   0x080034c8   0x00000002   Code   RO          315    .text.HAL_TIM_IC_CaptureCallback  stm32h7xx_hal_tim.o
    0x080034ca   0x080034ca   0x00000006   PAD
    0x080034d0   0x080034d0   0x0000015c   Code   RO          313    .text.HAL_TIM_IRQHandler  stm32h7xx_hal_tim.o
    0x0800362c   0x0800362c   0x00000004   PAD
    0x08003630   0x08003630   0x00000002   Code   RO          317    .text.HAL_TIM_OC_DelayElapsedCallback  stm32h7xx_hal_tim.o
    0x08003632   0x08003632   0x00000006   PAD
    0x08003638   0x08003638   0x00000002   Code   RO          319    .text.HAL_TIM_PWM_PulseFinishedCallback  stm32h7xx_hal_tim.o
    0x0800363a   0x0800363a   0x00000006   PAD
    0x08003640   0x08003640   0x00000014   Code   RO           17    .text.HAL_TIM_PeriodElapsedCallback  main.o
    0x08003654   0x08003654   0x00000004   PAD
    0x08003658   0x08003658   0x00000002   Code   RO          323    .text.HAL_TIM_TriggerCallback  stm32h7xx_hal_tim.o
    0x0800365a   0x0800365a   0x00000006   PAD
    0x08003660   0x08003660   0x00000036   Code   RO         1689    .text.HAL_UARTEx_DisableFifoMode  stm32h7xx_hal_uart_ex.o
    0x08003696   0x08003696   0x00000002   PAD
    0x08003698   0x08003698   0x0000008c   Code   RO         1693    .text.HAL_UARTEx_SetRxFifoThreshold  stm32h7xx_hal_uart_ex.o
    0x08003724   0x08003724   0x00000004   PAD
    0x08003728   0x08003728   0x0000008c   Code   RO         1691    .text.HAL_UARTEx_SetTxFifoThreshold  stm32h7xx_hal_uart_ex.o
    0x080037b4   0x080037b4   0x00000004   PAD
    0x080037b8   0x080037b8   0x00000066   Code   RO         1528    .text.HAL_UART_Init  stm32h7xx_hal_uart.o
    0x0800381e   0x0800381e   0x00000002   PAD
    0x08003820   0x08003820   0x00000092   Code   RO          107    .text.HAL_UART_MspInit  usart.o
    0x080038b2   0x080038b2   0x00000006   PAD
    0x080038b8   0x080038b8   0x00000002   Code   RO          122    .text.HardFault_Handler  stm32h7xx_it.o
    0x080038ba   0x080038ba   0x00000006   PAD
    0x080038c0   0x080038c0   0x00000076   Code   RO           67    .text.MX_FDCAN1_Init  fdcan.o
    0x08003936   0x08003936   0x00000002   PAD
    0x08003938   0x08003938   0x00000078   Code   RO           69    .text.MX_FDCAN2_Init  fdcan.o
    0x080039b0   0x080039b0   0x000000a4   Code   RO           37    .text.MX_FREERTOS_Init  freertos.o
    0x08003a54   0x08003a54   0x00000004   PAD
    0x08003a58   0x08003a58   0x00000098   Code   RO           28    .text.MX_GPIO_Init  gpio.o
    0x08003af0   0x08003af0   0x00000076   Code   RO           87    .text.MX_TIM3_Init  tim.o
    0x08003b66   0x08003b66   0x00000002   PAD
    0x08003b68   0x08003b68   0x00000076   Code   RO           89    .text.MX_TIM4_Init  tim.o
    0x08003bde   0x08003bde   0x00000002   PAD
    0x08003be0   0x08003be0   0x0000007c   Code   RO          105    .text.MX_USART1_UART_Init  usart.o
    0x08003c5c   0x08003c5c   0x00000004   PAD
    0x08003c60   0x08003c60   0x00000002   Code   RO          124    .text.MemManage_Handler  stm32h7xx_it.o
    0x08003c62   0x08003c62   0x00000006   PAD
    0x08003c68   0x08003c68   0x00000002   Code   RO          120    .text.NMI_Handler   stm32h7xx_it.o
    0x08003c6a   0x08003c6a   0x00000006   PAD
    0x08003c70   0x08003c70   0x00000064   Code   RO         1855    .text.PendSV_Handler  port.o
    0x08003cd4   0x08003cd4   0x00000004   PAD
    0x08003cd8   0x08003cd8   0x0000011e   Code   RO          600    .text.RCCEx_PLL2_Config  stm32h7xx_hal_rcc_ex.o
    0x08003df6   0x08003df6   0x00000002   PAD
    0x08003df8   0x08003df8   0x0000011e   Code   RO          602    .text.RCCEx_PLL3_Config  stm32h7xx_hal_rcc_ex.o
    0x08003f16   0x08003f16   0x0000000a   PAD
    0x08003f20   0x08003f20   0x00000024   Code   RO         1839    .text.SVC_Handler   port.o
    0x08003f44   0x08003f44   0x00000004   PAD
    0x08003f48   0x08003f48   0x00000008   Code   RO           39    .text.StartDefaultTask  freertos.o
    0x08003f50   0x08003f50   0x0000001e   Code   RO         2246    .text.SysTick_Handler  cmsis_os2.o
    0x08003f6e   0x08003f6e   0x00000002   PAD
    0x08003f70   0x08003f70   0x000000ce   Code   RO           13    .text.SystemClock_Config  main.o
    0x0800403e   0x0800403e   0x00000002   PAD
    0x08004040   0x08004040   0x000000b0   Code   RO         1712    .text.SystemInit    system_stm32h7xx.o
    0x080040f0   0x080040f0   0x0000000c   Code   RO          140    .text.TIM3_IRQHandler  stm32h7xx_it.o
    0x080040fc   0x080040fc   0x00000004   PAD
    0x08004100   0x08004100   0x0000000c   Code   RO          142    .text.TIM4_IRQHandler  stm32h7xx_it.o
    0x0800410c   0x0800410c   0x00000004   PAD
    0x08004110   0x08004110   0x0000000c   Code   RO          144    .text.TIM7_IRQHandler  stm32h7xx_it.o
    0x0800411c   0x0800411c   0x00000004   PAD
    0x08004120   0x08004120   0x0000015a   Code   RO          183    .text.TIM_Base_SetConfig  stm32h7xx_hal_tim.o
    0x0800427a   0x0800427a   0x00000006   PAD
    0x08004280   0x08004280   0x00000008   Code   RO           41    .text.T_Calculator  freertos.o
    0x08004288   0x08004288   0x00000008   Code   RO           43    .text.T_Motor_Control  freertos.o
    0x08004290   0x08004290   0x00000008   Code   RO           47    .text.T_Sensor      freertos.o
    0x08004298   0x08004298   0x00000008   Code   RO           45    .text.T_USER        freertos.o
    0x080042a0   0x080042a0   0x000000e0   Code   RO         1532    .text.UART_AdvFeatureConfig  stm32h7xx_hal_uart.o
    0x08004380   0x08004380   0x00000172   Code   RO         1536    .text.UART_CheckIdleState  stm32h7xx_hal_uart.o
    0x080044f2   0x080044f2   0x00000006   PAD
    0x080044f8   0x080044f8   0x000005a0   Code   RO         1534    .text.UART_SetConfig  stm32h7xx_hal_uart.o
    0x08004a98   0x08004a98   0x0000032c   Code   RO         1550    .text.UART_WaitOnFlagUntilTimeout  stm32h7xx_hal_uart.o
    0x08004dc4   0x08004dc4   0x00000004   PAD
    0x08004dc8   0x08004dc8   0x00000002   Code   RO          128    .text.UsageFault_Handler  stm32h7xx_it.o
    0x08004dca   0x08004dca   0x00000006   PAD
    0x08004dd0   0x08004dd0   0x000000a2   Code   RO         1742    .text.bsp_can_init  bsp_fdcan.o
    0x08004e72   0x08004e72   0x00000006   PAD
    0x08004e78   0x08004e78   0x00000120   Code   RO         1746    .text.bsp_fdcan_set_baud  bsp_fdcan.o
    0x08004f98   0x08004f98   0x000000c8   Code   RO         1811    .text.dm_motor_fbdata  dm_motor_drv.o
    0x08005060   0x08005060   0x000000b6   Code   RO         1766    .text.dm_motor_init  dm_motor_ctrl.o
    0x08005116   0x08005116   0x00000002   PAD
    0x08005118   0x08005118   0x0000004e   Code   RO         1772    .text.fdcan1_rx_callback  dm_motor_ctrl.o
    0x08005166   0x08005166   0x00000002   PAD
    0x08005168   0x08005168   0x0000004c   Code   RO         1774    .text.fdcan2_rx_callback  dm_motor_ctrl.o
    0x080051b4   0x080051b4   0x00000004   PAD
    0x080051b8   0x080051b8   0x00000052   Code   RO         1750    .text.fdcanx_receive  bsp_fdcan.o
    0x0800520a   0x0800520a   0x00000006   PAD
    0x08005210   0x08005210   0x00000092   Code   RO           11    .text.main          main.o
    0x080052a2   0x080052a2   0x00000006   PAD
    0x080052a8   0x080052a8   0x0000001e   Code   RO         2306    .text.osDelay       cmsis_os2.o
    0x080052c6   0x080052c6   0x00000002   PAD
    0x080052c8   0x080052c8   0x0000002a   Code   RO         2248    .text.osKernelInitialize  cmsis_os2.o
    0x080052f2   0x080052f2   0x00000006   PAD
    0x080052f8   0x080052f8   0x0000003e   Code   RO         2254    .text.osKernelStart  cmsis_os2.o
    0x08005336   0x08005336   0x00000002   PAD
    0x08005338   0x08005338   0x000000a0   Code   RO         2270    .text.osThreadNew   cmsis_os2.o
    0x080053d8   0x080053d8   0x00000084   Code   RO         2064    .text.prvAddCurrentTaskToDelayedList  tasks.o
    0x0800545c   0x0800545c   0x00000004   PAD
    0x08005460   0x08005460   0x0000011c   Code   RO         2054    .text.prvAddNewTaskToReadyList  tasks.o
    0x0800557c   0x0800557c   0x00000004   PAD
    0x08005580   0x08005580   0x0000007c   Code   RO         2191    .text.prvCheckForValidListAndQueue  timers.o
    0x080055fc   0x080055fc   0x00000004   PAD
    0x08005600   0x08005600   0x0000009a   Code   RO         2088    .text.prvIdleTask   tasks.o
    0x0800569a   0x0800569a   0x00000006   PAD
    0x080056a0   0x080056a0   0x00000126   Code   RO         2052    .text.prvInitialiseNewTask  tasks.o
    0x080057c6   0x080057c6   0x00000002   PAD
    0x080057c8   0x080057c8   0x00000028   Code   RO         1847    .text.prvPortStartFirstTask  port.o
    0x080057f0   0x080057f0   0x000000ce   Code   RO         2227    .text.prvSampleTimeNow  timers.o
    0x080058be   0x080058be   0x00000002   PAD
    0x080058c0   0x080058c0   0x00000044   Code   RO         1837    .text.prvTaskExitError  port.o
    0x08005904   0x08005904   0x00000004   PAD
    0x08005908   0x08005908   0x0000026e   Code   RO         2193    .text.prvTimerTask  timers.o
    0x08005b76   0x08005b76   0x00000002   PAD
    0x08005b78   0x08005b78   0x0000007a   Code   RO         1953    .text.prvUnlockQueue  queue.o
    0x08005bf2   0x08005bf2   0x00000006   PAD
    0x08005bf8   0x08005bf8   0x00000260   Code   RO         2409    .text.pvPortMalloc  heap_4.o
    0x08005e58   0x08005e58   0x0000002c   Code   RO         1835    .text.pxPortInitialiseStack  port.o
    0x08005e84   0x08005e84   0x00000004   PAD
    0x08005e88   0x08005e88   0x000002ce   Code   RO         1770    .text.receive_motor_data  dm_motor_ctrl.o
    0x08006156   0x08006156   0x00000002   PAD
    0x08006158   0x08006158   0x0000002a   Code   RO         1917    .text.uxListRemove  list.o
    0x08006182   0x08006182   0x00000006   PAD
    0x08006188   0x08006188   0x0000001a   Code   RO         2392    .text.vApplicationGetIdleTaskMemory  cmsis_os2.o
    0x080061a2   0x080061a2   0x00000006   PAD
    0x080061a8   0x080061a8   0x0000001c   Code   RO         2394    .text.vApplicationGetTimerTaskMemory  cmsis_os2.o
    0x080061c4   0x080061c4   0x00000004   PAD
    0x080061c8   0x080061c8   0x00000016   Code   RO         1909    .text.vListInitialise  list.o
    0x080061de   0x080061de   0x00000002   PAD
    0x080061e0   0x080061e0   0x00000006   Code   RO         1911    .text.vListInitialiseItem  list.o
    0x080061e6   0x080061e6   0x00000002   PAD
    0x080061e8   0x080061e8   0x00000060   Code   RO         1915    .text.vListInsert   list.o
    0x08006248   0x08006248   0x0000001c   Code   RO         1913    .text.vListInsertEnd  list.o
    0x08006264   0x08006264   0x00000004   PAD
    0x08006268   0x08006268   0x00000014   Code   RO         1845    .text.vPortEnableVFP  port.o
    0x0800627c   0x0800627c   0x00000004   PAD
    0x08006280   0x08006280   0x00000052   Code   RO         1851    .text.vPortEnterCritical  port.o
    0x080062d2   0x080062d2   0x00000006   PAD
    0x080062d8   0x080062d8   0x00000032   Code   RO         1853    .text.vPortExitCritical  port.o
    0x0800630a   0x0800630a   0x00000006   PAD
    0x08006310   0x08006310   0x000000ec   Code   RO         2411    .text.vPortFree     heap_4.o
    0x080063fc   0x080063fc   0x00000004   PAD
    0x08006400   0x08006400   0x00000034   Code   RO         1843    .text.vPortSetupTimerInterrupt  port.o
    0x08006434   0x08006434   0x00000004   PAD
    0x08006438   0x08006438   0x00000074   Code   RO         1987    .text.vQueueAddToRegistry  queue.o
    0x080064ac   0x080064ac   0x00000004   PAD
    0x080064b0   0x080064b0   0x00000046   Code   RO         1991    .text.vQueueWaitForMessageRestricted  queue.o
    0x080064f6   0x080064f6   0x00000002   PAD
    0x080064f8   0x080064f8   0x000000aa   Code   RO         2068    .text.vTaskDelay    tasks.o
    0x080065a2   0x080065a2   0x00000006   PAD
    0x080065a8   0x080065a8   0x0000001a   Code   RO         2118    .text.vTaskInternalSetTimeOutState  tasks.o
    0x080065c2   0x080065c2   0x00000006   PAD
    0x080065c8   0x080065c8   0x0000000e   Code   RO         2122    .text.vTaskMissedYield  tasks.o
    0x080065d6   0x080065d6   0x00000002   PAD
    0x080065d8   0x080065d8   0x0000003a   Code   RO         2106    .text.vTaskPlaceOnEventList  tasks.o
    0x08006612   0x08006612   0x00000006   PAD
    0x08006618   0x08006618   0x00000042   Code   RO         2110    .text.vTaskPlaceOnEventListRestricted  tasks.o
    0x0800665a   0x0800665a   0x00000006   PAD
    0x08006660   0x08006660   0x0000011c   Code   RO         2086    .text.vTaskStartScheduler  tasks.o
    0x0800677c   0x0800677c   0x00000004   PAD
    0x08006780   0x08006780   0x00000010   Code   RO         2062    .text.vTaskSuspendAll  tasks.o
    0x08006790   0x08006790   0x000000c6   Code   RO         2080    .text.vTaskSwitchContext  tasks.o
    0x08006856   0x08006856   0x00000002   PAD
    0x08006858   0x08006858   0x00000144   Code   RO         1841    .text.xPortStartScheduler  port.o
    0x0800699c   0x0800699c   0x00000004   PAD
    0x080069a0   0x080069a0   0x00000032   Code   RO         1857    .text.xPortSysTickHandler  port.o
    0x080069d2   0x080069d2   0x00000006   PAD
    0x080069d8   0x080069d8   0x000000f2   Code   RO         1929    .text.xQueueGenericCreateStatic  queue.o
    0x08006aca   0x08006aca   0x00000006   PAD
    0x08006ad0   0x08006ad0   0x0000021e   Code   RO         1943    .text.xQueueGenericSend  queue.o
    0x08006cee   0x08006cee   0x00000002   PAD
    0x08006cf0   0x08006cf0   0x00000194   Code   RO         1959    .text.xQueueReceive  queue.o
    0x08006e84   0x08006e84   0x00000004   PAD
    0x08006e88   0x08006e88   0x00000096   Code   RO         2120    .text.xTaskCheckForTimeOut  tasks.o
    0x08006f1e   0x08006f1e   0x00000002   PAD
    0x08006f20   0x08006f20   0x0000005e   Code   RO         2056    .text.xTaskCreate   tasks.o
    0x08006f7e   0x08006f7e   0x00000002   PAD
    0x08006f80   0x08006f80   0x00000086   Code   RO         2050    .text.xTaskCreateStatic  tasks.o
    0x08007006   0x08007006   0x00000002   PAD
    0x08007008   0x08007008   0x00000024   Code   RO         2134    .text.xTaskGetSchedulerState  tasks.o
    0x0800702c   0x0800702c   0x00000004   PAD
    0x08007030   0x08007030   0x0000000c   Code   RO         2094    .text.xTaskGetTickCount  tasks.o
    0x0800703c   0x0800703c   0x00000004   PAD
    0x08007040   0x08007040   0x00000172   Code   RO         2092    .text.xTaskIncrementTick  tasks.o
    0x080071b2   0x080071b2   0x00000006   PAD
    0x080071b8   0x080071b8   0x0000009a   Code   RO         2138    .text.xTaskPriorityDisinherit  tasks.o
    0x08007252   0x08007252   0x00000006   PAD
    0x08007258   0x08007258   0x00000092   Code   RO         2112    .text.xTaskRemoveFromEventList  tasks.o
    0x080072ea   0x080072ea   0x00000006   PAD
    0x080072f0   0x080072f0   0x0000013c   Code   RO         2066    .text.xTaskResumeAll  tasks.o
    0x0800742c   0x0800742c   0x00000004   PAD
    0x08007430   0x08007430   0x00000078   Code   RO         2189    .text.xTimerCreateTimerTask  timers.o
    0x080074a8   0x080074a8   0x0000001a   Code   RO         2565    x$fpl$fpinit        fz_wv.l(fpinit.o)
    0x080074c2   0x080074c2   0x00000002   PAD
    0x080074c4   0x080074c4   0x0000004c   Data   RO         1518    .rodata..L__const.HAL_FDCAN_Init.CvtEltSize  stm32h7xx_hal_fdcan.o
    0x08007510   0x08007510   0x00000010   Data   RO         1778    .rodata..Lswitch.table.fdcan1_rx_callback.1  dm_motor_ctrl.o
    0x08007520   0x08007520   0x00000024   Data   RO           51    .rodata.Calculator_attributes  freertos.o
    0x08007544   0x08007544   0x00000010   Data   RO         1718    .rodata.D1CorePrescTable  system_stm32h7xx.o
    0x08007554   0x08007554   0x00000024   Data   RO           52    .rodata.Motor_Control_attributes  freertos.o
    0x08007578   0x08007578   0x00000024   Data   RO           54    .rodata.Sensor_attributes  freertos.o
    0x0800759c   0x0800759c   0x00000018   Data   RO         1662    .rodata.UARTPrescTable  stm32h7xx_hal_uart.o
    0x080075b4   0x080075b4   0x00000024   Data   RO           53    .rodata.USER_attributes  freertos.o
    0x080075d8   0x080075d8   0x00000010   Data   RO         1519    .rodata.cst16       stm32h7xx_hal_fdcan.o
    0x080075e8   0x080075e8   0x00000010   Data   RO         1703    .rodata.cst8        stm32h7xx_hal_uart_ex.o
    0x080075f8   0x080075f8   0x00000024   Data   RO           50    .rodata.defaultTask_attributes  freertos.o
    0x0800761c   0x0800761c   0x00000031   Data   RO           49    .rodata.str1.1      freertos.o
    0x0800764d   0x0800764d   0x00000003   PAD
    0x08007650   0x08007650   0x00000020   Data   RO         2626    Region$$Table       anon$$obj.o


    Execution Region RW_IRAM1 (Exec base: 0x20000000, Load base: 0x08007670, Size: 0x00000000, Max: 0x00020000, ABSOLUTE)

    **** No section assigned to this execution region ****


    Execution Region RW_IRAM2 (Exec base: 0x24000000, Load base: 0x08007670, Size: 0x00007920, Max: 0x00050000, ABSOLUTE)

    Exec Addr    Load Addr    Size         Type   Attr      Idx    E Section Name        Object

    0x24000000   0x08007670   0x00000004   Data   RW         1716    .data.SystemCoreClock  system_stm32h7xx.o
    0x24000004   0x08007674   0x00000004   Data   RW         1717    .data.SystemD2Clock  system_stm32h7xx.o
    0x24000008   0x08007678   0x00000001   Data   RW         1120    .data.uwTickFreq    stm32h7xx_hal.o
    0x24000009   0x08007679   0x00000003   PAD
    0x2400000c   0x0800767c   0x00000004   Data   RW         1119    .data.uwTickPrio    stm32h7xx_hal.o
    0x24000010   0x08007680   0x00000004   Data   RW         1863    .data.uxCriticalNesting  port.o
    0x24000014   0x08007684   0x00000004   PAD
    0x24000018        -       0x00000060   Zero   RW         2493    .bss                c_w.l(libspace.o)
    0x24000078        -       0x00000004   Zero   RW           56    .bss.CalculatorHandle  freertos.o
    0x2400007c        -       0x00000004   Zero   RW           77    .bss.HAL_RCC_FDCAN_CLK_ENABLED  fdcan.o
    0x24000080        -       0x00000004   Zero   RW         2396    .bss.KernelState    cmsis_os2.o
    0x24000084        -       0x00000004   Zero   RW           57    .bss.Motor_ControlHandle  freertos.o
    0x24000088        -       0x00000004   Zero   RW           59    .bss.SensorHandle   freertos.o
    0x2400008c        -       0x00000004   Zero   RW           58    .bss.USERHandle     freertos.o
    0x24000090        -       0x00000004   Zero   RW           55    .bss.defaultTaskHandle  freertos.o
    0x24000094        -       0x00000002   Zero   RW         1777    .bss.fdcan1_rx_callback.rec_id  dm_motor_ctrl.o
    0x24000096   0x08007684   0x00000002   PAD
    0x24000098        -       0x000000a0   Zero   RW           75    .bss.hfdcan1        fdcan.o
    0x24000138        -       0x000000a0   Zero   RW           76    .bss.hfdcan2        fdcan.o
    0x240001d8        -       0x0000004c   Zero   RW           95    .bss.htim3          tim.o
    0x24000224        -       0x0000004c   Zero   RW           96    .bss.htim4          tim.o
    0x24000270        -       0x0000004c   Zero   RW          170    .bss.htim7          stm32h7xx_hal_timebase_tim.o
    0x240002bc        -       0x00000094   Zero   RW          111    .bss.huart1         usart.o
    0x24000350        -       0x00000880   Zero   RW         1776    .bss.motor          dm_motor_ctrl.o
    0x24000bd0        -       0x000000a0   Zero   RW         2237    .bss.prvCheckForValidListAndQueue.ucStaticTimerQueueStorage  timers.o
    0x24000c70        -       0x00000050   Zero   RW         2236    .bss.prvCheckForValidListAndQueue.xStaticTimerQueue  timers.o
    0x24000cc0        -       0x00000004   Zero   RW         2233    .bss.prvSampleTimeNow.xLastTime  timers.o
    0x24000cc4        -       0x00000004   Zero   RW         2160    .bss.pxCurrentTCB   tasks.o
    0x24000cc8        -       0x00000004   Zero   RW         2231    .bss.pxCurrentTimerList  timers.o
    0x24000ccc        -       0x00000004   Zero   RW         2168    .bss.pxDelayedTaskList  tasks.o
    0x24000cd0        -       0x00000004   Zero   RW         2421    .bss.pxEnd          heap_4.o
    0x24000cd4        -       0x00000004   Zero   RW         2169    .bss.pxOverflowDelayedTaskList  tasks.o
    0x24000cd8        -       0x00000004   Zero   RW         2232    .bss.pxOverflowTimerList  timers.o
    0x24000cdc        -       0x00000460   Zero   RW         2171    .bss.pxReadyTasksLists  tasks.o
    0x2400113c        -       0x00003c00   Zero   RW         2428    .bss.ucHeap         heap_4.o
    0x24004d3c        -       0x00000001   Zero   RW         1861    .bss.ucMaxSysCallPriority  port.o
    0x24004d3d   0x08007684   0x00000003   PAD
    0x24004d40        -       0x00000004   Zero   RW         1862    .bss.ulMaxPRIGROUPValue  port.o
    0x24004d44        -       0x00000004   Zero   RW         1121    .bss.uwTick         stm32h7xx_hal.o
    0x24004d48        -       0x00000004   Zero   RW         2164    .bss.uxCurrentNumberOfTasks  tasks.o
    0x24004d4c        -       0x00000004   Zero   RW         2163    .bss.uxDeletedTasksWaitingCleanUp  tasks.o
    0x24004d50        -       0x00000004   Zero   RW         2166    .bss.uxSchedulerSuspended  tasks.o
    0x24004d54        -       0x00000004   Zero   RW         2161    .bss.uxTaskNumber   tasks.o
    0x24004d58        -       0x00000004   Zero   RW         2172    .bss.uxTopReadyPriority  tasks.o
    0x24004d5c        -       0x00000200   Zero   RW         2398    .bss.vApplicationGetIdleTaskMemory.Idle_Stack  cmsis_os2.o
    0x24004f5c        -       0x0000005c   Zero   RW         2397    .bss.vApplicationGetIdleTaskMemory.Idle_TCB  cmsis_os2.o
    0x24004fb8        -       0x00000400   Zero   RW         2400    .bss.vApplicationGetTimerTaskMemory.Timer_Stack  cmsis_os2.o
    0x240053b8        -       0x0000005c   Zero   RW         2399    .bss.vApplicationGetTimerTaskMemory.Timer_TCB  cmsis_os2.o
    0x24005414        -       0x00000014   Zero   RW         2234    .bss.xActiveTimerList1  timers.o
    0x24005428        -       0x00000014   Zero   RW         2235    .bss.xActiveTimerList2  timers.o
    0x2400543c        -       0x00000001   Zero   RW         2422    .bss.xBlockAllocatedBit  heap_4.o
    0x2400543d   0x08007684   0x00000003   PAD
    0x24005440        -       0x00000014   Zero   RW         2179    .bss.xDelayedTaskList1  tasks.o
    0x24005454        -       0x00000014   Zero   RW         2180    .bss.xDelayedTaskList2  tasks.o
    0x24005468        -       0x00000004   Zero   RW         2423    .bss.xFreeBytesRemaining  heap_4.o
    0x2400546c        -       0x00000004   Zero   RW         2174    .bss.xIdleTaskHandle  tasks.o
    0x24005470        -       0x00000004   Zero   RW         2425    .bss.xMinimumEverFreeBytesRemaining  heap_4.o
    0x24005474        -       0x00000004   Zero   RW         2175    .bss.xNextTaskUnblockTime  tasks.o
    0x24005478        -       0x00000004   Zero   RW         2178    .bss.xNumOfOverflows  tasks.o
    0x2400547c        -       0x00000004   Zero   RW         2426    .bss.xNumberOfSuccessfulAllocations  heap_4.o
    0x24005480        -       0x00000004   Zero   RW         2427    .bss.xNumberOfSuccessfulFrees  heap_4.o
    0x24005484        -       0x00000004   Zero   RW         2177    .bss.xPendedTicks   tasks.o
    0x24005488        -       0x00000014   Zero   RW         2173    .bss.xPendingReadyList  tasks.o
    0x2400549c        -       0x00000040   Zero   RW         1993    .bss.xQueueRegistry  queue.o
    0x240054dc        -       0x00000004   Zero   RW         2165    .bss.xSchedulerRunning  tasks.o
    0x240054e0        -       0x00000008   Zero   RW         2424    .bss.xStart         heap_4.o
    0x240054e8        -       0x00000014   Zero   RW         2170    .bss.xSuspendedTaskList  tasks.o
    0x240054fc        -       0x00000014   Zero   RW         2162    .bss.xTasksWaitingTermination  tasks.o
    0x24005510        -       0x00000004   Zero   RW         2167    .bss.xTickCount     tasks.o
    0x24005514        -       0x00000004   Zero   RW         2229    .bss.xTimerQueue    timers.o
    0x24005518        -       0x00000004   Zero   RW         2230    .bss.xTimerTaskHandle  timers.o
    0x2400551c        -       0x00000004   Zero   RW         2176    .bss.xYieldPending  tasks.o
    0x24005520        -       0x00002000   Zero   RW            2    HEAP                startup_stm32h723xx.o
    0x24007520        -       0x00000400   Zero   RW            1    STACK               startup_stm32h723xx.o


==============================================================================

Image component sizes


      Code (inc. data)   RO Data    RW Data    ZI Data      Debug   Object Name

       584        106          0          0          0       7583   bsp_fdcan.o
       378          0          0          0       1724      44326   cmsis_os2.o
      1054        164         16          0       2178       6991   dm_motor_ctrl.o
       200          8          0          0          0      18999   dm_motor_drv.o
       734          0          0          0        324      11440   fdcan.o
       204          0        229          0         20       3271   freertos.o
       152          0          0          0          0       2946   gpio.o
       844          0          0          0      15389       5451   heap_4.o
       194          0          0          0          0       2322   list.o
       382          0          0          0          0       6152   main.o
       866         16          0          4          5       3886   port.o
      1496          0          0          0         64      26626   queue.o
        64         26        716          0       9216        840   startup_stm32h723xx.o
       178          0          0          5          4      15959   stm32h7xx_hal.o
       198          0          0          0          0      12509   stm32h7xx_hal_cortex.o
      2910          0         92          0          0      41831   stm32h7xx_hal_fdcan.o
       766          0          0          0          0       7067   stm32h7xx_hal_gpio.o
        42          0          0          0          0       5243   stm32h7xx_hal_msp.o
        72          0          0          0          0       9560   stm32h7xx_hal_pwr_ex.o
      2526         16          0          0          0      11148   stm32h7xx_hal_rcc.o
      3548        116          0          0          0      17990   stm32h7xx_hal_rcc_ex.o
      1486          0          0          0          0      62411   stm32h7xx_hal_tim.o
       224          0          0          0          0      26337   stm32h7xx_hal_tim_ex.o
       164          0          0          0         76       9735   stm32h7xx_hal_timebase_tim.o
      2948        400         24          0          0      43195   stm32h7xx_hal_uart.o
       334          0         16          0          0      11310   stm32h7xx_hal_uart_ex.o
       126          0          0          0          0       1377   stm32h7xx_it.o
       176          0         16          8          0       5228   system_stm32h7xx.o
      3108          8          0          0       1280      37961   tasks.o
       350          0          0          0        152       9799   tim.o
      1072         26          0          0        300      16073   timers.o
       270          0          0          0        148       8006   usart.o

    ----------------------------------------------------------------------
     28288        914       1144         20      30892     493572   Object Totals
         0          0         32          0          0          0   (incl. Generated)
       638         28          3          3         12          0   (incl. Padding)

    ----------------------------------------------------------------------

      Code (inc. data)   RO Data    RW Data    ZI Data      Debug   Library Member Name

         8          0          0          0          0         68   __main.o
         0          0          0          0          0          0   __rtentry.o
        12          0          0          0          0          0   __rtentry2.o
         6          0          0          0          0          0   __rtentry4.o
        52          8          0          0          0          0   __scatter.o
        26          0          0          0          0          0   __scatter_copy.o
        28          0          0          0          0          0   __scatter_zi.o
        16          0          0          0          0         68   aeabi_memset4.o
        18          0          0          0          0         80   exit.o
         6          0          0          0          0        152   heapauxi.o
         0          0          0          0          0          0   indicate_semi.o
         2          0          0          0          0          0   libinit.o
         6          0          0          0          0          0   libinit2.o
         2          0          0          0          0          0   libshutdown.o
         2          0          0          0          0          0   libshutdown2.o
         8          4          0          0         96         68   libspace.o
       240          0          0          0          0        100   lludivv7m.o
        78          0          0          0          0         80   rt_memclr_w.o
       138          0          0          0          0         68   rt_memcpy_v6.o
       100          0          0          0          0         80   rt_memcpy_w.o
         2          0          0          0          0          0   rtexit.o
        10          0          0          0          0          0   rtexit2.o
        12          4          0          0          0         68   sys_exit.o
        74          0          0          0          0         80   sys_stackheap_outer.o
         2          0          0          0          0         68   use_no_semi.o
        26          0          0          0          0        116   fpinit.o

    ----------------------------------------------------------------------
       888         16          0          0         96       1096   Library Totals
        14          0          0          0          0          0   (incl. Padding)

    ----------------------------------------------------------------------

      Code (inc. data)   RO Data    RW Data    ZI Data      Debug   Library Name

       848         16          0          0         96        980   c_w.l
        26          0          0          0          0        116   fz_wv.l

    ----------------------------------------------------------------------
       888         16          0          0         96       1096   Library Totals

    ----------------------------------------------------------------------

==============================================================================


      Code (inc. data)   RO Data    RW Data    ZI Data      Debug   

     29176        930       1144         20      30988     493772   Grand Totals
     29176        930       1144         20      30988     493772   ELF Image Totals
     29176        930       1144         20          0          0   ROM Totals

==============================================================================

    Total RO  Size (Code + RO Data)                30320 (  29.61kB)
    Total RW  Size (RW Data + ZI Data)             31008 (  30.28kB)
    Total ROM Size (Code + RO Data + RW Data)      30340 (  29.63kB)

==============================================================================

